******************************************************************************
                  MSP430 Linker PC v15.12.3                    
******************************************************************************
>> Linked Mon Feb 20 11:20:35 2017

OUTPUT FILE NAME:   <emeter-ng.out>
ENTRY POINT SYMBOL: "_c_int00_noargs_noexit"  address: 00004ce8


MEMORY CONFIGURATION

         name            origin    length      used     unused   attr    fill
----------------------  --------  ---------  --------  --------  ----  --------
  SFR                   00000000   00000010  00000000  00000010  RWIX
  PERIPHERALS_8BIT      00000010   000000f0  00000000  000000f0  RWIX
  PERIPHERALS_16BIT     00000100   00000100  00000000  00000100  RWIX
  INFOD                 00001800   00000080  00000080  00000000  RWIX
  INFOC                 00001880   00000080  00000000  00000080  RWIX
  INFOB                 00001900   00000080  00000080  00000000  RWIX
  INFOA                 00001980   00000080  00000000  00000080  RWIX
  RAM                   00001c00   00002000  00001c9b  00000365  RWIX
  FLASH                 00004000   0000bf80  0000690c  00005674  RWIX
  INT00                 0000ff80   00000002  00000000  00000002  RWIX
  INT01                 0000ff82   00000002  00000000  00000002  RWIX
  INT02                 0000ff84   00000002  00000000  00000002  RWIX
  INT03                 0000ff86   00000002  00000000  00000002  RWIX
  INT04                 0000ff88   00000002  00000000  00000002  RWIX
  INT05                 0000ff8a   00000002  00000000  00000002  RWIX
  INT06                 0000ff8c   00000002  00000000  00000002  RWIX
  INT07                 0000ff8e   00000002  00000000  00000002  RWIX
  INT08                 0000ff90   00000002  00000000  00000002  RWIX
  INT09                 0000ff92   00000002  00000000  00000002  RWIX
  INT10                 0000ff94   00000002  00000000  00000002  RWIX
  INT11                 0000ff96   00000002  00000000  00000002  RWIX
  INT12                 0000ff98   00000002  00000000  00000002  RWIX
  INT13                 0000ff9a   00000002  00000000  00000002  RWIX
  INT14                 0000ff9c   00000002  00000000  00000002  RWIX
  INT15                 0000ff9e   00000002  00000000  00000002  RWIX
  INT16                 0000ffa0   00000002  00000000  00000002  RWIX
  INT17                 0000ffa2   00000002  00000000  00000002  RWIX
  INT18                 0000ffa4   00000002  00000000  00000002  RWIX
  INT19                 0000ffa6   00000002  00000000  00000002  RWIX
  INT20                 0000ffa8   00000002  00000000  00000002  RWIX
  INT21                 0000ffaa   00000002  00000000  00000002  RWIX
  INT22                 0000ffac   00000002  00000000  00000002  RWIX
  INT23                 0000ffae   00000002  00000000  00000002  RWIX
  INT24                 0000ffb0   00000002  00000000  00000002  RWIX
  INT25                 0000ffb2   00000002  00000000  00000002  RWIX
  INT26                 0000ffb4   00000002  00000000  00000002  RWIX
  INT27                 0000ffb6   00000002  00000000  00000002  RWIX
  INT28                 0000ffb8   00000002  00000000  00000002  RWIX
  INT29                 0000ffba   00000002  00000000  00000002  RWIX
  INT30                 0000ffbc   00000002  00000000  00000002  RWIX
  INT31                 0000ffbe   00000002  00000000  00000002  RWIX
  INT32                 0000ffc0   00000002  00000000  00000002  RWIX
  INT33                 0000ffc2   00000002  00000000  00000002  RWIX
  INT34                 0000ffc4   00000002  00000000  00000002  RWIX
  INT35                 0000ffc6   00000002  00000000  00000002  RWIX
  INT36                 0000ffc8   00000002  00000000  00000002  RWIX
  INT37                 0000ffca   00000002  00000000  00000002  RWIX
  INT38                 0000ffcc   00000002  00000000  00000002  RWIX
  INT39                 0000ffce   00000002  00000000  00000002  RWIX
  INT40                 0000ffd0   00000002  00000002  00000000  RWIX
  INT41                 0000ffd2   00000002  00000002  00000000  RWIX
  INT42                 0000ffd4   00000002  00000002  00000000  RWIX
  INT43                 0000ffd6   00000002  00000002  00000000  RWIX
  INT44                 0000ffd8   00000002  00000002  00000000  RWIX
  INT45                 0000ffda   00000002  00000002  00000000  RWIX
  INT46                 0000ffdc   00000002  00000002  00000000  RWIX
  INT47                 0000ffde   00000002  00000002  00000000  RWIX
  INT48                 0000ffe0   00000002  00000002  00000000  RWIX
  INT49                 0000ffe2   00000002  00000002  00000000  RWIX
  INT50                 0000ffe4   00000002  00000002  00000000  RWIX
  INT51                 0000ffe6   00000002  00000002  00000000  RWIX
  INT52                 0000ffe8   00000002  00000002  00000000  RWIX
  INT53                 0000ffea   00000002  00000002  00000000  RWIX
  INT54                 0000ffec   00000002  00000002  00000000  RWIX
  INT55                 0000ffee   00000002  00000002  00000000  RWIX
  INT56                 0000fff0   00000002  00000002  00000000  RWIX
  INT57                 0000fff2   00000002  00000002  00000000  RWIX
  INT58                 0000fff4   00000002  00000002  00000000  RWIX
  INT59                 0000fff6   00000002  00000002  00000000  RWIX
  INT60                 0000fff8   00000002  00000002  00000000  RWIX
  INT61                 0000fffa   00000002  00000002  00000000  RWIX
  INT62                 0000fffc   00000002  00000002  00000000  RWIX
  RESET                 0000fffe   00000002  00000002  00000000  RWIX
  FLASH2                00010000   00014000  00014000  00000000  RWIX


SECTION ALLOCATION MAP

 output                                  attributes/
section   page    origin      length       input sections
--------  ----  ----------  ----------   ----------------
.bss       0    00001c00    000014dd     UNINITIALIZED
                  00001c00    000007d0     (.common:RX_BUF)
                  000023d0    000001ca     (.common:chan1)
                  0000259a    00000170     (.common:rx)
                  0000270a    00000132     (.common:neutral_c)
                  0000283c    00000114     (.common:tx)
                  00002950    000000ca     (.common:IEC_Tx_Queue)
                  00002a1a    000000ca     (.common:plc_tx_buff)
                  00002ae4    000000c0     (.common:seggy)
                  00002ba4    00000090     (.common:holidays)
                  00002c34    00000080     (.common:tasks)
                  00002cb4    00000078     (.common:DataPayload)
                  00002d2c    00000042     (.common:system_info)
                  00002d6e    00000040     (.common:block_data)
                  00002dae    00000038     (.common:link)
                  00002de6    00000022     (.common:row_data)
                  00002e08    00000022     (.common:todaysRates)
                  00002e2a    0000001c     (.common:search_item)
                  00002e46    00000018     (.common:LastTxEnergyCopy)
                  00002e5e    00000014     (.common:ConnectRequestAlarm)
                  00002e72    00000014     (.common:DisconnectRequestAlarm)
                  00002e86    00000010     (.common:SA_Range)
                  00002e96    00000010     (.common:challenge_c2s)
                  00002ea6    00000010     (.common:executable_Task_Index)
                  00002eb6    00000010     (.common:image_ident)
                  00002ec6    00000010     (.common:machine_byte)
                  00002ed6    00000010     (.common:msg_info)
                  00002ee6    00000010     (.common:reply_c2s)
                  00002ef6    0000000e     (.common:status)
                  00002f04    0000000c     (.common:RecivedMessage)
                  00002f10    0000000c     (.common:confirm)
                  00002f1c    0000000c     (.common:currentEnergyLogEntryData)
                  00002f28    0000000c     (.common:currentEventLogEntryData)
                  00002f34    0000000c     (.common:disconnect_script)
                  00002f40    0000000c     (.common:ind)
                  00002f4c    0000000a     (.common:Current_billing_Period_start)
                  00002f56    0000000a     (.common:ErrorList)
                  00002f60    0000000a     (.common:Estimated_billing_period_end)
                  00002f6a    0000000a     (.common:MAC_PIB_replay)
                  00002f74    0000000a     (.common:PHY_PIB_replay)
                  00002f7e    0000000a     (.common:activePassiveCalenderTime)
                  00002f88    0000000a     (.common:conf)
                  00002f92    0000000a     (.common:required_last_entry_time)
                  00002f9c    0000000a     (.common:rtc_backup)
                  00002fa6    0000000a     (.common:rtc_global_temp)
                  00002fb0    0000000a     (.common:rtc_temp)
                  00002fba    0000000a     (.common:rtc_temp_var)
                  00002fc4    0000000a     (.common:rtcc)
                  00002fce    0000000a     (.common:temp_rtc0)
                  00002fd8    0000000a     (.common:temp_rtc1)
                  00002fe2    00000008     emeter-background.obj (.bss:adc_i_buffer$2)
                  00002fea    00000008     (.common:AlarmIndiation)
                  00002ff2    00000008     (.common:readBlobMessage)
                  00002ffa    00000008     (.common:txptr)
                  00003002    00000008     (.common:writeBlobMessage)
                  0000300a    00000006     (.common:Balance_PostPaid)
                  00003010    00000006     (.common:Current_balance)
                  00003016    00000006     (.common:TamperCount)
                  0000301c    00000006     (.common:currentHoliday_date)
                  00003022    00000006     (.common:hardware_status)
                  00003028    00000006     (.common:req)
                  0000302e    00000004     emeter-main.obj (.bss)
                  00003032    00000004     server_msgs.obj (.bss:negotiated_conformance)
                  00003036    00000004     server_msgs.obj (.bss)
                  0000303a    00000004     (.common:CurrentPage)
                  0000303e    00000004     (.common:CurrentReadAddress)
                  00003042    00000004     (.common:CurrentReadPage)
                  00003046    00000004     (.common:CurrentWriteAddress)
                  0000304a    00000004     (.common:P_Active_Negative)
                  0000304e    00000004     (.common:P_Active_Plus)
                  00003052    00000004     (.common:P_Reactive_negative)
                  00003056    00000004     (.common:P_Reactive_positive)
                  0000305a    00000004     (.common:TempLastEnergyValue)
                  0000305e    00000004     (.common:dayProfileTime1)
                  00003062    00000004     (.common:dayProfileTime2)
                  00003066    00000004     (.common:dayProfileTime3)
                  0000306a    00000004     (.common:dayProfileTime4)
                  0000306e    00000004     (.common:de_confirm)
                  00003072    00000004     (.common:desconnect_val)
                  00003076    00000004     (.common:header_array)
                  0000307a    00000004     (.common:iec_tx_buff)
                  0000307e    00000004     (.common:previous_block_number)
                  00003082    00000004     (.common:program_start_address)
                  00003086    00000004     (.common:template_pointer)
                  0000308a    00000004     (.common:total_active_power)
                  0000308e    00000004     (.common:total_active_power_counter)
                  00003092    00000004     (.common:total_consumed_active_energy)
                  00003096    00000004     (.common:total_consumed_reactive_energy)
                  0000309a    00000004     (.common:total_reactive_power)
                  0000309e    00000004     (.common:total_reactive_power_counter)
                  000030a2    00000004     (.common:v)
                  000030a6    00000002     emeter-background.obj (.bss:adc_v_buffer$1)
                  000030a8    00000002     (.common:CalcHeaderCRC)
                  000030aa    00000002     (.common:CurrentSlaveAddress)
                  000030ac    00000002     (.common:Frame_Received)
                  000030ae    00000002     (.common:HeaderCRC)
                  000030b0    00000002     (.common:MessageStatus)
                  000030b2    00000002     (.common:PayloadCRC)
                  000030b4    00000002     (.common:adc_interrupts)
                  000030b6    00000002     (.common:btemp)
                  000030b8    00000002     (.common:challenge_c2s_len)
                  000030ba    00000002     (.common:current_get_block_chunk_len_temp)
                  000030bc    00000002     (.common:download_finished)
                  000030be    00000002     (.common:meter_status)
                  000030c0    00000002     (.common:neutral_tamper_trip_counter)
                  000030c2    00000002     (.common:samples_per_second)
                  000030c4    00000002     (.common:security_level)
                  000030c6    00000002     (.common:vrms)
                  000030c8    00000001     (.common:ActivePowerTimer)
                  000030c9    00000001     (.common:LastDisconnectReason)
                  000030ca    00000001     (.common:LongPowerFailTimer)
                  000030cb    00000001     (.common:OverCurrentTimer)
                  000030cc    00000001     (.common:OverFrequencyTimer)
                  000030cd    00000001     (.common:OverVoltageTimer)
                  000030ce    00000001     (.common:UnderFrequencyTimer)
                  000030cf    00000001     (.common:UnderVoltageTimer)
                  000030d0    00000001     (.common:access_selector)
                  000030d1    00000001     (.common:ch)
                  000030d2    00000001     (.common:current_reversed)
                  000030d3    00000001     (.common:image_transfer_status)
                  000030d4    00000001     (.common:image_transferred_blocks_status)
                  000030d5    00000001     (.common:operating_mode)
                  000030d6    00000001     (.common:sdTemp)
                  000030d7    00000001     (.common:sdTempData)
                  000030d8    00000001     (.common:tamperLoggedStatus)
                  000030d9    00000001     (.common:temp)
                  000030da    00000001     (.common:temp_disp)
                  000030db    00000001     (.common:total_active_energy_pulse_remaining_time)
                  000030dc    00000001     (.common:total_reactive_energy_pulse_remaining_time)

.data      0    000030de    000006ca     UNINITIALIZED
                  000030de    000000a0     Tariff.obj (.data:rates)
                  0000317e    0000009a     config.obj (.data)
                  00003218    0000008a     server_msgs.obj (.data:queued_tx)
                  000032a2    0000004c     server_msgs.obj (.data:xxxx_HLS$1)
                  000032ee    00000048     Logger.obj (.data:Passwords)
                  00003336    00000036     HardwareLimits.obj (.data)
                  0000336c    00000034     Billing_Data.obj (.data:Billing_Data)
                  000033a0    0000002e     SharedVariables.obj (.data)
                  000033ce    0000002e     server_msgs.obj (.data)
                  000033fc    0000002b     server_msgs.obj (.data:xxxx_LLS_NS$2)
                  00003427    00000001     --HOLE--
                  00003428    00000028     Tariff.obj (.data:power_brakes)
                  00003450    00000022     app_server_msgs.obj (.data:currentDayProfile)
                  00003472    00000021     server_msgs.obj (.data:xxxx1$3)
                  00003493    00000001     --HOLE--
                  00003494    00000020     emeter-main.obj (.data)
                  000034b4    0000001a     app_server_msgs.obj (.data:currentEnergyLogEntry)
                  000034ce    00000019     SharedVariables.obj (.data:Device_ID_6)
                  000034e7    00000001     --HOLE--
                  000034e8    00000018     Logger.obj (.data)
                  00003500    00000015     SharedVariables.obj (.data:Device_ID_4)
                  00003515    00000001     --HOLE--
                  00003516    00000015     SharedVariables.obj (.data:Manufacturer_Name)
                  0000352b    00000001     --HOLE--
                  0000352c    00000014     config.obj (.data:authentications)
                  00003540    00000014     config.obj (.data:known_far_msap_list)
                  00003554    00000013     SharedVariables.obj (.data:Device_ID_3)
                  00003567    00000001     --HOLE--
                  00003568    00000013     PLC_UART.obj (.data)
                  0000357b    00000001     --HOLE--
                  0000357c    00000012     Tamper.obj (.data)
                  0000358e    00000012     config.obj (.data:auth2)
                  000035a0    00000011     config.obj (.data:Calendar_Name_Passive)
                  000035b1    00000001     --HOLE--
                  000035b2    00000011     LCD_C_Graphics.obj (.data)
                  000035c3    00000001     --HOLE--
                  000035c4    00000010     config.obj (.data:Calendar_Name_Active)
                  000035d4    00000010     Tariff.obj (.data)
                  000035e4    00000010     server_msgs.obj (.data:challenge_s2c)
                  000035f4    00000010     app_server_msgs.obj (.data:currentEventLogEntry)
                  00003604    0000000f     config.obj (.data:Billing_Script_Execution_Time_Template)
                  00003613    00000001     --HOLE--
                  00003614    0000000f     config.obj (.data:DiconnectControl_Script_Execution_Time)
                  00003623    00000001     --HOLE--
                  00003624    0000000f     IEC62056_UART.obj (.data)
                  00003633    00000001     --HOLE--
                  00003634    0000000f     PLC.obj (.data)
                  00003643    00000001     --HOLE--
                  00003644    0000000e     config.obj (.data:DeviceIdentifier)
                  00003652    0000000e     SharedVariables.obj (.data:Device_ID_5)
                  00003660    0000000e     config.obj (.data:Special_Days_List_Template)
                  0000366e    0000000e     firmware_loader.obj (.data:firm_image)
                  0000367c    0000000e     firmware_loader.obj (.data:firm_sec)
                  0000368a    0000000d     config.obj (.data:Activate_Passive_Calendar_Time)
                  00003697    00000001     --HOLE--
                  00003698    0000000d     SharedVariables.obj (.data:DateTimeFormat)
                  000036a5    00000001     --HOLE--
                  000036a6    0000000d     config.obj (.data:Last_MD_Rst_DT)
                  000036b3    00000001     --HOLE--
                  000036b4    0000000d     SystemISRs.obj (.data)
                  000036c1    00000001     --HOLE--
                  000036c2    0000000d     UI.obj (.data)
                  000036cf    00000001     --HOLE--
                  000036d0    0000000d     MAC_PIB.obj (.data:device_identifier)
                  000036dd    00000001     --HOLE--
                  000036de    0000000d     config.obj (.data:time_string)
                  000036eb    00000001     --HOLE--
                  000036ec    0000000c     Relay.obj (.data)
                  000036f8    0000000b     SharedVariables.obj (.data:Meter_Sr_No)
                  00003703    00000001     --HOLE--
                  00003704    0000000a     DLMS.obj (.data)
                  0000370e    0000000a     emeter-rtc.obj (.data:default_time)
                  00003718    0000000a     emeter-background.obj (.data)
                  00003722    0000000a     firmware_loader.obj (.data)
                  0000372c    00000009     MAC_PIB.obj (.data)
                  00003735    00000001     --HOLE--
                  00003736    00000008     app_server_msgs.obj (.data:currentHoliday)
                  0000373e    00000008     DLMS.obj (.data:next_inactivity_timeout)
                  00003746    00000008     DLMS.obj (.data:next_octet_timeout)
                  0000374e    00000007     SharedVariables.obj (.data:Device_ID_2)
                  00003755    00000001     --HOLE--
                  00003756    00000007     config.obj (.data:MACAddress)
                  0000375d    00000001     --HOLE--
                  0000375e    00000007     SharedVariables.obj (.data:PLC_FW_Version)
                  00003765    00000001     --HOLE--
                  00003766    00000007     config.obj (.data:image_signature)
                  0000376d    00000001     --HOLE--
                  0000376e    00000006     SharedVariables.obj (.data:Device_ID_7)
                  00003774    00000006     Configration.obj (.data:EUI)
                  0000377a    00000006     config.obj (.data:FirmwareVersionStr)
                  00003780    00000006     FixedActivities.obj (.data)
                  00003786    00000006     iec62056_46_link.obj (.data)
                  0000378c    00000005     utilities.obj (.data)
                  00003791    00000004     Schaduler.obj (.data)
                  00003795    00000003     Errors.obj (.data)
                  00003798    00000003     emeter-rtc.obj (.data)
                  0000379b    00000001     --HOLE--
                  0000379c    00000002     Attach.obj (.data)
                  0000379e    00000002     BatteryMonitor.obj (.data)
                  000037a0    00000002     SharedVariables.obj (.data:Device_ID_8)
                  000037a2    00000002     Configration.obj (.data:LLC_DEF_DEST_LSAP)
                  000037a4    00000002     Configration.obj (.data:LLC_DEF_Node_Address)
                  000037a6    00000002     Configration.obj (.data:LLC_SOURCE_LSAP)

.no_init_ram 
*          0    000037a8    000000a4     UNINITIALIZED
                  000037a8    000000a4     config.obj (.no_init_ram)

.infoD     0    00001800    00000080     
                  00001800    00000080     Calibration.obj (.infoD)

.infoB     0    00001900    00000080     
                  00001900    00000080     LPBU.obj (.infoB)

.stack     0    00003bb0    00000050     UNINITIALIZED
                  00003bb0    00000004     rts430x_lc_rd_eabi.lib : boot.obj (.stack)
                  00003bb4    0000004c     --HOLE--

.text:_isr 
*          0    00004000    00000d0c     
                  00004000    000008a4     emeter-background.obj (.text:_isr:adc_interrupt)
                  000048a4    00000134     emeter-rtc.obj (.text:_isr:one_second_ticker)
                  000049d8    000000d0     IEC62056_UART.obj (.text:_isr:USCI_A1_ISR)
                  00004aa8    000000b6     SystemISRs.obj (.text:_isr:Port_1)
                  00004b5e    00000078     Schaduler.obj (.text:_isr:TIMER2_A1_ISR)
                  00004bd6    00000074     DLMS.obj (.text:_isr:TIMER0_A0_isr)
                  00004c4a    0000005a     SystemISRs.obj (.text:_isr:AUX_ISR)
                  00004ca4    00000044     PLC_UART.obj (.text:_isr:USCI_A0_ISR)
                  00004ce8    0000001a     rts430x_lc_rd_eabi.lib : boot_special.obj (.text:_isr:_c_int00_noargs_noexit)
                  00004d02    00000008                            : isr_trap.obj (.text:_isr:__TI_ISR_TRAP)
                  00004d0a    00000002     unused_interrupts_handler.obj (.text:_isr:ISR_trap)

.binit     0    00004000    00000000     

.cinit     0    0000a41a    000004f2     
                  0000a41a    000004cd     (.cinit..data.load) [load image, compression = rle]
                  0000a8e7    00000001     --HOLE-- [fill = 0]
                  0000a8e8    0000000b     (.cinit..bss.load) [load image, compression = rle]
                  0000a8f3    00000001     --HOLE-- [fill = 0]
                  0000a8f4    00000008     (__TI_handler_table)
                  0000a8fc    00000010     (__TI_cinit_table)

.init_array 
*          0    00004000    00000000     UNINITIALIZED

.text.1    0    00004d0c    00002bda     
                  00004d0c    00000050     SystemISRs.obj (.text:custom_power_restore_handler)
                  00004d5c    00000050     Errors.obj (.text:getNextError)
                  00004dac    00000050     iec62056_46_link.obj (.text:hdlc_async_tx_add_body)
                  00004dfc    00000050     xframe.obj (.text:process_disc_frame)
                  00004e4c    00000050     Logger.obj (.text:setMinValues)
                  00004e9c    0000004e     Errors.obj (.text:AddError)
                  00004eea    0000004e     LCD_C.obj (.text:clear_all_english_indicatros)
                  00004f38    0000004e     DLMS.obj (.text:init_dlms)
                  00004f86    0000004e     LCD_C.obj (.text:show_all_english_indicatros)
                  00004fd4    0000004c     eeprom_read_interface.obj (.text:InitI2C)
                  00005020    0000004c     emeter-toolkit.lib : flash_replace32.obj (.text:flashBackup)
                  0000506c    0000004c     Logger.obj (.text:getMacAddress)
                  000050b8    0000004c     Queue.obj (.text:queue_isFull)
                  00005104    0000004c     rts430x_lc_rd_eabi.lib : fs_toul.obj (.text)
                  00005150    0000004c     UI.obj (.text:testKey)
                  0000519c    0000004c     config.obj (.text:updateBlocksStatus)
                  000051e8    0000004a     Tariff.obj (.text:CalculateBilling)
                  00005232    0000004a     SharedVariables.obj (.text:changeDeviceId5)
                  0000527c    0000004a     SharedVariables.obj (.text:changeDeviceId6)
                  000052c6    0000004a     SharedVariables.obj (.text:changeDeviceId7)
                  00005310    0000004a     uart_comms.obj (.text:configure_uart_port)
                  0000535a    0000004a     config.obj (.text:getSetDeviceIdentifier)
                  000053a4    0000004a     config.obj (.text:getSetMacAddress)
                  000053ee    0000004a     rts430x_lc_rd_eabi.lib : fs_cmp.obj (.text)
                  00005438    0000004a     Logger.obj (.text:setLogicDeviceName)
                  00005482    0000004a     Logger.obj (.text:updatateFirwmareBlockStatus)
                  000054cc    00000048     I2C2EEPROM.obj (.text:EEPROM2_WriteNextLong)
                  00005514    00000048     I2C2.obj (.text:I2C2WriteInt8)
                  0000555c    00000048     SharedVariables.obj (.text:changeDeviceId2)
                  000055a4    00000048     SharedVariables.obj (.text:changeDeviceId4)
                  000055ec    00000048     SharedVariables.obj (.text:changeDeviceId8)
                  00005634    00000048     SharedVariables.obj (.text:changeMeterSerialNumber)
                  0000567c    00000048     config.obj (.text:reset_alarms)
                  000056c4    00000046     server_msgs.obj (.text:check_context_name)
                  0000570a    00000046     Logger.obj (.text:setLastLogAddress)
                  00005750    00000044     Schaduler.obj (.text:ScaduleTask)
                  00005794    00000044     SharedVariables.obj (.text:changeTimeThresholdLongPowerFaile)
                  000057d8    00000044     Schaduler.obj (.text:executeTasks)
                  0000581c    00000044     emeter-rtc.obj (.text:get_weekday)
                  00005860    00000044     emeter-rtc.obj (.text:init_rtc)
                  000058a4    00000044     emeter-rtc.obj (.text:is_time_valid)
                  000058e8    00000044     emeter-foreground.obj (.text:voltage)
                  0000592c    00000044     Logger.obj (.text:writeImageIdentifier)
                  00005970    00000042     I2C2.obj (.text:I2C2GenerateStartCondition)
                  000059b2    00000042     I2C2.obj (.text:I2C2ReadInt8)
                  000059f4    00000042     emeter-main.obj (.text:ProcessDiagnosisResult)
                  00005a36    00000042     Tamper.obj (.text:initTamper)
                  00005a78    00000042     EthioCalender.obj (.text:mod)
                  00005aba    00000042     LCD_C.obj (.text:show_all_non_uint_indicators)
                  00005afc    00000040     MAC_PIB.obj (.text:Get_Mac_PIB_TimedOut)
                  00005b3c    00000040     PLC.obj (.text:InitPLC)
                  00005b7c    00000040     hal_pmm.obj (.text:SetVCore)
                  00005bbc    00000040     rts430x_lc_rd_eabi.lib : asr64.obj (.text:__mspabi_srall)
                  00005bfc    00000040     uart_comms.obj (.text:change_uart_a1_to_7e1_x_bd)
                  00005c3c    00000040     iec62056_46_link.obj (.text:hdlc_async_tx_build)
                  00005c7c    00000040     iec62056_46_link.obj (.text:iec62056_46_link_init)
                  00005cbc    00000040     Logger.obj (.text:isMFormatRequired)
                  00005cfc    00000040     DLMS.obj (.text:process_dlms_frame)
                  00005d3c    00000040     Queue.obj (.text:queue_dequeue)
                  00005d7c    00000040     Queue.obj (.text:queue_enqueue)
                  00005dbc    00000040     rts430x_lc_rd_eabi.lib : div32s.obj (.text)
                  00005dfc    00000040     Logger.obj (.text:setCurrentBalance)
                  00005e3c    00000040     Logger.obj (.text:setRelayStatus)
                  00005e7c    0000003e     Logger.obj (.text:EEPROM_reformatImageTransferStatusBytes)
                  00005eba    0000003e     app_server_msgs.obj (.text:Obj_Event_Log_reset)
                  00005ef8    0000003e     app_server_msgs.obj (.text:Obj_Load_Profile_reset)
                  00005f36    0000003e     LCD_C.obj (.text:clear_all_amharic_indicators)
                  00005f74    0000003e     emeter-toolkit.lib : isqrt32.obj (.text)
                  00005fb2    0000003e     emeter-foreground.obj (.text:frequency)
                  00005ff0    0000003e     rts430x_lc_rd_eabi.lib : asr32.obj (.text:l_asr_const)
                  0000602e    0000003e                            : lsl32.obj (.text:l_lsl_const)
                  0000606c    0000003e                            : lsr32.obj (.text:l_lsr_const)
                  000060aa    0000003e     LCD_C.obj (.text:show_all_amharic_indicators)
                  000060e8    0000003e     Tariff.obj (.text:writeDailyProfilePassive_dlms)
                  00006126    0000003c     DLMS.obj (.text:dl_connect_indication)
                  00006162    0000003c     server_msgs.obj (.text:extract_cosem_asn1)
                  0000619e    0000003c     Logger.obj (.text:getBackToAutoModeTime)
                  000061da    0000003c     Logger.obj (.text:getLastLogAddress)
                  00006216    0000003a     I2C2.obj (.text:I2C2GenerateStopCondition)
                  00006250    0000003a     rts430x_lc_rd_eabi.lib : lsl64.obj (.text:__mspabi_sllll)
                  0000628a    0000003a                            : lsr64.obj (.text:__mspabi_srlll)
                  000062c4    0000003a     uart_comms.obj (.text:change_uart_a1_to_8n1_x_bd)
                  000062fe    0000003a     iec62056_46_link.obj (.text:hdlc_async_tx_add_header)
                  00006338    0000003a     iec62056_46_link.obj (.text:iec62056_46_check_and_set_far_msap)
                  00006372    00000038     Logger.obj (.text:setPowerBreaks)
                  000063aa    00000038     Logger.obj (.text:setRate)
                  000063e2    00000036     SharedVariables.obj (.text:changeDeviceId3)
                  00006418    00000036     SharedVariables.obj (.text:changeTimeThresholdVoltageSag)
                  0000644e    00000036     SharedVariables.obj (.text:changeTimeThresholdVoltageSwell)
                  00006484    00000036     Tariff.obj (.text:loadDailyProfile)
                  000064ba    00000036     Tariff.obj (.text:loadDailyProfilePassive)
                  000064f0    00000036     packing.obj (.text:pack32)
                  00006526    00000036     packing.obj (.text:unpack32)
                  0000655c    00000034     hal_UCS.obj (.text:Init_FLL_Settle)
                  00006590    00000034     UI.obj (.text:SecondBeeps)
                  000065c4    00000034     config.obj (.text:changeDisplayScrollTime)
                  000065f8    00000034     emeter-toolkit.lib : rtc.obj (.text:check_rtc_sumcheck)
                  0000662c    00000034     emeter-setup.obj (.text:disable_analog_front_end)
                  00006660    00000034     emeter-toolkit.lib : dc_filter16.obj (.text)
                  00006694    00000034     emeter-foreground.obj (.text:set_phase_correction)
                  000066c8    00000032     Schaduler.obj (.text:CancelTask2)
                  000066fa    00000032     rts430x_lc_rd_eabi.lib : fs_ultof.obj (.text)
                  0000672c    00000030     LCD_C_Graphics.obj (.text:ClearTamper_c)
                  0000675c    00000030     LCD_C_Graphics.obj (.text:ShowTamper_c)
                  0000678c    00000030     Logger.obj (.text:compare_energy)
                  000067bc    00000030     Logger.obj (.text:compare_event)
                  000067ec    00000030     Logger.obj (.text:getEnergyOverlapFlag)
                  0000681c    00000030     Logger.obj (.text:setBlob)
                  0000684c    00000030     emeter-foreground.obj (.text:set_sd16_phase_correction)
                  0000687c    0000002e     config.obj (.text:Access_Billing_Script_Execution_Time)
                  000068aa    0000002e     config.obj (.text:get_Special_Days_List)
                  000068d8    0000002e     FixedActivities.obj (.text:per_minute_activity)
                  00006906    0000002e     EthioCalender.obj (.text:quotient)
                  00006934    0000002c     config.obj (.text:Access_Day_Profile_Table)
                  00006960    0000002c     config.obj (.text:Access_Day_Profile_Table_Passive)
                  0000698c    0000002c     IEC62056_UART.obj (.text:IEC_Start_SendBuffer)
                  000069b8    0000002c     SharedVariables.obj (.text:changeNumberOfLongPowerFailes)
                  000069e4    0000002c     Logger.obj (.text:getEnergyLogTime)
                  00006a10    0000002c     Logger.obj (.text:getPowerBreaks)
                  00006a3c    0000002c     Logger.obj (.text:getRate)
                  00006a68    0000002c     rts430x_lc_rd_eabi.lib : div16s.obj (.text)
                  00006a94    0000002c     Logger.obj (.text:write_to_eeprom)
                  00006ac0    0000002a     Attach.obj (.text:AttachTimedOut)
                  00006aea    0000002a     PLC.obj (.text:CRC16_UpdateChecksum)
                  00006b14    0000002a     I2C2.obj (.text:PollACK2)
                  00006b3e    0000002a     UI.obj (.text:checkConfigrationPortsStatus)
                  00006b68    0000002a     Tariff.obj (.text:getRateStartIndex)
                  00006b92    0000002a     iec62056_46_link.obj (.text:hdlc_async_rx_init)
                  00006bbc    0000002a     Logger.obj (.text:setAutoDisplayTime)
                  00006be6    0000002a     Logger.obj (.text:setBackToAutoModeTime)
                  00006c10    0000002a     Logger.obj (.text:setConsumptionSinceLastBilling)
                  00006c3a    0000002a     Logger.obj (.text:setFirmwareVersion)
                  00006c64    0000002a     Logger.obj (.text:setTempLastEnergyValue)
                  00006c8e    00000028     hal_UCS.obj (.text:LFXT_Start)
                  00006cb6    00000028     Errors.obj (.text:RemoveError)
                  00006cde    00000026     UI.obj (.text:ToggleBuzzer2)
                  00006d04    00000026     LCD_C.obj (.text:init_lcd_c)
                  00006d2a    00000026     rts430x_lc_rd_eabi.lib : memcmp.obj (.text:memcmp)
                  00006d50    00000026     Logger.obj (.text:setEnergyOverlapFlag)
                  00006d76    00000024     PLC_UART.obj (.text:PLC_Start_SendBuffer)
                  00006d9a    00000024     SharedVariables.obj (.text:changeLoadProfileCapturePeriod)
                  00006dbe    00000024     Logger.obj (.text:getBlob)
                  00006de2    00000024     utilities.obj (.text:getCheckSum)
                  00006e06    00000024     Logger.obj (.text:getTamperCount)
                  00006e2a    00000024     rts430x_lc_rd_eabi.lib : fs_utof.obj (.text)
                  00006e4e    00000024                            : mult32_f5hw.obj (.text)
                  00006e72    00000024     Logger.obj (.text:setTamperCount)
                  00006e96    00000022     MAC_PIB.obj (.text:KeepAlive)
                  00006eb8    00000022     LCD_C.obj (.text:clear_all_units)
                  00006eda    00000022     DLMS.obj (.text:current_time)
                  00006efc    00000022     LCD_C.obj (.text:show_all_units)
                  00006f1e    00000022     Logger.obj (.text:writeImageSize)
                  00006f40    00000022     Logger.obj (.text:writePreviousImageNumber)
                  00006f62    00000020     config.obj (.text:Capture_Instantaneous_EnergyProfile_Data)
                  00006f82    00000020     config.obj (.text:Capture_Instantaneous_Profile_Data)
                  00006fa2    00000020     emeter-toolkit.lib : flash_clr.obj (.text:flash_clr)
                  00006fc2    00000020     Logger.obj (.text:readFirwmareBlockStatus)
                  00006fe2    00000020     emeter-toolkit.lib : rtc.obj (.text:set_rtc_sumcheck)
                  00007002    0000001e     app_server_msgs.obj (.text:Disconnect_script_execute)
                  00007020    0000001e     System_Info.obj (.text:GetSystemInfoRequest)
                  0000703e    0000001e     TI_aes.obj (.text:aes_decrypt)
                  0000705c    0000001e     TI_aes.obj (.text:aes_encrypt)
                  0000707a    0000001e     LCD_C.obj (.text:clear_all_non_uint_indicators)
                  00007098    0000001e     iec62056_46_link.obj (.text:finalise_and_send_frame)
                  000070b6    0000001e     Logger.obj (.text:getAutoDisplayTime)
                  000070d4    0000001e     Logger.obj (.text:getBillingSchema)
                  000070f2    0000001e     Logger.obj (.text:getLanguageSelection)
                  00007110    0000001e     Logger.obj (.text:getMeterConnectedPhase)
                  0000712e    0000001e     Logger.obj (.text:getOperatingMode)
                  0000714c    0000001e     iec62056_46_link.obj (.text:hdlc_async_tx_build_iframe_chunk_add)
                  0000716a    0000001e     Queue.obj (.text:queue_isEmpty)
                  00007188    0000001e     Logger.obj (.text:setBillingCutOffLogOverlapFlag)
                  000071a6    0000001e     Logger.obj (.text:setBillingSchema)
                  000071c4    0000001e     Logger.obj (.text:setEnergyLogTime)
                  000071e2    0000001e     Logger.obj (.text:setEventOverlapFlag)
                  00007200    0000001e     Logger.obj (.text:setLanguageSelection)
                  0000721e    0000001e     Logger.obj (.text:setMeterConnectedPhase)
                  0000723c    0000001e     Logger.obj (.text:setOperatingMode)
                  0000725a    0000001c     Tamper.obj (.text:ProcessTamperUC)
                  00007276    0000001c     rts430x_lc_rd_eabi.lib : mult1632_f5hw.obj (.text:__mpysl)
                  00007292    0000001c     config.obj (.text:getSetOperatingMode)
                  000072ae    0000001c     iec62056_46_link.obj (.text:hdlc_async_tx_init)
                  000072ca    0000001c     iec62056_46_link.obj (.text:iec62056_46_link_idle_timeout)
                  000072e6    0000001c     xframe.obj (.text:process_dm_frame)
                  00007302    0000001c     EthioCalender.obj (.text:toEthioCalender)
                  0000731e    0000001a     I2C2.obj (.text:I2C2RequestTx)
                  00007338    0000001a     iec62056_46_link.obj (.text:crc_itu16)
                  00007352    0000001a     emeter-toolkit.lib : sqac48_16.obj (.text)
                  0000736c    0000001a     Errors.obj (.text:init_ErrorList)
                  00007386    0000001a     packing.obj (.text:pack16)
                  000073a0    0000001a     PLC.obj (.text:wait_StatusAsync)
                  000073ba    00000018     config.obj (.text:calibrateIMeter)
                  000073d2    00000018     config.obj (.text:calibratePMeter)
                  000073ea    00000018     config.obj (.text:calibrateVMeter)
                  00007402    00000018     emeter-toolkit.lib : flash_secure.obj (.text:flash_secure)
                  0000741a    00000018     TI_aes.obj (.text:galois_mul2)
                  00007432    00000018     rts430x_lc_rd_eabi.lib : mult16_f5hw.obj (.text)
                  0000744a    00000018     server_msgs.obj (.text:send_get_response_block)
                  00007462    00000018     LCD_C_Graphics.obj (.text:swtch_to_auto_mode_c)
                  0000747a    00000016     UI.obj (.text:BeepBuzzer)
                  00007490    00000016     PLC.obj (.text:CRC16_BlockChecksum)
                  000074a6    00000016     LCD_C_Graphics.obj (.text:InitGLCD_c)
                  000074bc    00000016     Schaduler.obj (.text:Init_Scheduler)
                  000074d2    00000016     PLC_UART.obj (.text:ResetPLC_StateFlow)
                  000074e8    00000016     I2C2.obj (.text:Slave_Address)
                  000074fe    00000016     iec62056_46_link.obj (.text:hdlc_async_rx_end_in_hdr)
                  00007514    00000016     rts430x_lc_rd_eabi.lib : llabs.obj (.text:llabs)
                  0000752a    00000016                            : memset.obj (.text:memset)
                  00007540    00000016     server_msgs.obj (.text:process_event_notification_request)
                  00007556    00000016     Queue.obj (.text:queue_reinit)
                  0000756c    00000016     rts430x_lc_rd_eabi.lib : div16u.obj (.text)
                  00007582    00000014     PLC_UART.obj (.text:AddtoTXBuffer)
                  00007596    00000014     IEC62056_UART.obj (.text:IEC_AddtoTXBuffer)
                  000075aa    00000014     I2C2.obj (.text:__delay)
                  000075be    00000014     I2C2EEPROM.obj (.text:eeprom_write)
                  000075d2    00000014     server_msgs.obj (.text:extract_ber_field)
                  000075e6    00000014     rts430x_lc_rd_eabi.lib : memcpy.obj (.text:memcpy)
                  000075fa    00000012     config.obj (.text:Access_Disconnect_Scripts)
                  0000760c    00000012     config.obj (.text:Access_GlobalReset_Scripts)
                  0000761e    00000012     config.obj (.text:Access_Season_Profile)
                  00007630    00000012     config.obj (.text:Access_Tariff_Scripts)
                  00007642    00000012     config.obj (.text:Access_Week_Profile_Table)
                  00007654    00000012     I2C2.obj (.text:BussIdeal2)
                  00007666    00000012     I2C2.obj (.text:I2C2Init)
                  00007678    00000012     Tamper.obj (.text:ProcessTamperLC)
                  0000768a    00000012     Relay.obj (.text:ResetRelayPort)
                  0000769c    00000012     UI.obj (.text:ToggleBuzzer)
                  000076ae    00000012     UI.obj (.text:UpadateErrorIndicators)
                  000076c0    00000012     app_server_msgs.obj (.text:change_hls_secret_HS)
                  000076d2    00000012     app_server_msgs.obj (.text:change_hls_secret_LS)
                  000076e4    00000012     app_server_msgs.obj (.text:change_hls_secret_NS)
                  000076f6    00000012     rts430x_lc_rd_eabi.lib : copy_decompress_none.obj (.text:decompress:none:__TI_decompress_none)
                  00007708    00000012     Tamper.obj (.text:initTampperSwitchs)
                  0000771a    00000012     Schaduler.obj (.text:startSchaduler)
                  0000772c    00000010     UI.obj (.text:KeyRealeased_org)
                  0000773c    00000010     SystemISRs.obj (.text:Reset_System)
                  0000774c    00000010     TI_aes.obj (.text:aes_enc_dec)
                  0000775c    00000010     config.obj (.text:getimage_transferred_blocks_status)
                  0000776c    00000010     rts430x_lc_rd_eabi.lib : asr32.obj (.text:l_asr)
                  0000777c    00000010                            : lsl32.obj (.text:l_lsl)
                  0000778c    00000010                            : lsr32.obj (.text:l_lsr)
                  0000779c    0000000e                            : labs.obj (.text:labs)
                  000077aa    0000000e     PLC.obj (.text:otherPLCRequestsTimeOut)
                  000077b8    0000000c     UI.obj (.text:BuzzerOn)
                  000077c4    0000000c     iec62056_46_link.obj (.text:hdlc_async_tx_add_hdr_crc)
                  000077d0    0000000c     Schaduler.obj (.text:stopSchaduler)
                  000077dc    0000000c     packing.obj (.text:unpack16)
                  000077e8    0000000a     UI.obj (.text:BuzzerOff)
                  000077f2    0000000a     I2C2EEPROM.obj (.text:DisableEEPROM2PORT)
                  000077fc    0000000a     IEC62056_UART.obj (.text:IEC_resetTXBuffer)
                  00007806    0000000a     UI.obj (.text:KeyRealeased)
                  00007810    0000000a     rts430x_lc_rd_eabi.lib : abs.obj (.text:abs)
                  0000781a    0000000a     iec62056_46_link.obj (.text:iec62056_46_rx_timeout)
                  00007824    0000000a     iec62056_46_link.obj (.text:iec62056_46_set_far_msap)
                  0000782e    0000000a     Tariff.obj (.text:per_day_activity)
                  00007838    0000000a     app_server_msgs.obj (.text:remote_disconnect)
                  00007842    0000000a     app_server_msgs.obj (.text:remote_reconnect)
                  0000784c    0000000a     rts430x_lc_rd_eabi.lib : lsl16.obj (.text)
                  00007856    0000000a                            : lsr16.obj (.text)
                  00007860    00000008     UI.obj (.text:EnergyLedOff)
                  00007868    00000008     UI.obj (.text:EnergyLedOn)
                  00007870    00000008     UI.obj (.text:RedLedOff)
                  00007878    00000008     UI.obj (.text:RedLedOn)
                  00007880    00000006     rts430x_lc_rd_eabi.lib : exit.obj (.text:abort)
                  00007886    00000006     LCD_C.obj (.text:all_segments_off)
                  0000788c    00000006     rts430x_lc_rd_eabi.lib : copy_decompress_rle.obj (.text:decompress:rle24:__TI_decompress_rle24)
                  00007892    00000006     IEC62056_UART.obj (.text:disableIEC_UART)
                  00007898    00000006     PLC_UART.obj (.text:disablePLC_UART)
                  0000789e    00000006     config.obj (.text:image_activate)
                  000078a4    00000006     config.obj (.text:image_verify)
                  000078aa    00000006     LCD_C_Graphics.obj (.text:switch_to_manual_mode_c)
                  000078b0    00000006     emeter-toolkit.lib : rtc.obj (.text:weekday)
                  000078b6    00000004     rts430x_lc_rd_eabi.lib : pre_init.obj (.text:_system_pre_init)
                  000078ba    00000004     DLMS.obj (.text:dl_disconnect_indication)
                  000078be    00000002     Detach.obj (.text:Detach_Confirm)
                  000078c0    00000002     PHY_PIB.obj (.text:GET_PHY_PIB_rep)
                  000078c2    00000002     System_Info.obj (.text:GetSystemInfoResponse)
                  000078c4    00000002     app_server_msgs.obj (.text:GlobalReset_script_execute)
                  000078c6    00000002     app_server_msgs.obj (.text:Obj_Event_Log_capture)
                  000078c8    00000002     app_server_msgs.obj (.text:Obj_Load_Profile_capture)
                  000078ca    00000002     rts430x_lc_rd_eabi.lib : startup.obj (.text:_system_post_cinit)
                  000078cc    00000002     app_server_msgs.obj (.text:activate_passive_calendar)
                  000078ce    00000002     app_server_msgs.obj (.text:add_object)
                  000078d0    00000002     app_server_msgs.obj (.text:billing_script_execute)
                  000078d2    00000002     Data_Transfer.obj (.text:dataTransferTimedout)
                  000078d4    00000002     app_server_msgs.obj (.text:delete_special_day)
                  000078d6    00000002     DLMS.obj (.text:dl_connect_confirm)
                  000078d8    00000002     config.obj (.text:getSetFwVersion)
                  000078da    00000002     DLMS.obj (.text:iec62056_46_link_idle_restart)
                  000078dc    00000002     app_server_msgs.obj (.text:insert_special_day)
                  000078de    00000002     xframe.obj (.text:process_frmr_frame)
                  000078e0    00000002     xframe.obj (.text:process_ui_frame)
                  000078e2    00000002     app_server_msgs.obj (.text:remove_object)
                  000078e4    00000002     app_server_msgs.obj (.text:tariff_script_execute)

.const     0    000078e6    00002b34     
                  000078e6    0000076c     config.obj (.const:object_list)
                  00008052    00000200     iec62056_46_link.obj (.const:crc_itu16_table)
                  00008252    00000200     PLC.obj (.const:crctable)
                  00008452    00000200     emeter-fir-table.obj (.const:fir_coeffs)
                  00008652    00000100     TI_aes.obj (.const:.string:rsbox)
                  00008752    00000100     TI_aes.obj (.const:.string:sbox)
                  00008852    000000ed     config.obj (.const:.string:Instantaneous_Values_Capture_Objects)
                  0000893f    00000001     --HOLE-- [fill = 0]
                  00008940    000000a5     config.obj (.const:.string:Billing_Profile_Capture_Objects)
                  000089e5    00000001     --HOLE-- [fill = 0]
                  000089e6    00000093     config.obj (.const:.string:Instantaneous_Energy_Capture_Objects2)
                  00008a79    00000001     --HOLE-- [fill = 0]
                  00008a7a    00000093     config.obj (.const:.string:Load_Profile_Capture_Objects)
                  00008b0d    00000001     --HOLE-- [fill = 0]
                  00008b0e    0000008c     config.obj (.const:Obj_Activity_Calendar)
                  00008b9a    0000007e     config.obj (.const:Obj_HDLC_Setup)
                  00008c18    0000007e     config.obj (.const:clock_attrs)
                  00008c96    00000070     config.obj (.const:Obj_Billing_Profile)
                  00008d06    00000070     config.obj (.const:Obj_Instantaneous_Energy_Values)
                  00008d76    00000070     config.obj (.const:Obj_Instantaneous_Values_buff)
                  00008de6    00000070     config.obj (.const:Obj_Load_Profile)
                  00008e56    00000070     config.obj (.const:Obj_StandardEventLog)
                  00008ec6    00000070     config.obj (.const:ln_40_attrs_HS)
                  00008f36    00000070     config.obj (.const:ln_40_attrs_HS_FC)
                  00008fa6    00000070     config.obj (.const:ln_40_attrs_LS)
                  00009016    00000070     config.obj (.const:ln_40_attrs_NS)
                  00009086    00000062     config.obj (.const:Obj_ImageTransfer)
                  000090e8    00000059     config.obj (.const)
                  00009141    00000001     --HOLE-- [fill = 0]
                  00009142    00000056     config.obj (.const:.string:sap_list)
                  00009198    00000052     config.obj (.const:.string:Day_Profile_Table_Passive_Template)
                  000091ea    00000052     config.obj (.const:.string:Day_Profile_Table_Template)
                  0000923c    0000004a     config.obj (.const:.string:Instantanious_Profile_Buffer_Template2)
                  00009286    00000048     Logger.obj (.const:default_keys)
                  000092ce    00000048     Logger.obj (.const:default_passwords)
                  00009316    00000041     config.obj (.const:.string:Billing_Profile_Buffer_Template)
                  00009357    00000001     --HOLE-- [fill = 0]
                  00009358    00000038     config.obj (.const:Obj_Billing_Schedule)
                  00009390    00000038     config.obj (.const:Obj_DiconnectControl_Schedule)
                  000093c8    00000038     config.obj (.const:Obj_DisconnectControl)
                  00009400    00000038     config.obj (.const:Obj_Prime_PLC_FW_Version)
                  00009438    00000036     config.obj (.const:.string:Disconnect_Scripts_Table)
                  0000946e    00000036     config.obj (.const:.string:Tariff_Scripts_Dummy)
                  000094a4    00000033     config.obj (.const:.string:Instantanious_EnergyProfile_Buffer_Template2)
                  000094d7    00000001     --HOLE-- [fill = 0]
                  000094d8    00000030     config.obj (.const:.string:Load_Profile_Buffer_Template)
                  00009508    0000002a     config.obj (.const:ObjClock_Time_Shift_Event_Limit)
                  00009532    0000002a     config.obj (.const:Obj_Active_Demand_Control_Threshold)
                  0000955c    0000002a     config.obj (.const:Obj_Active_Power_Negative)
                  00009586    0000002a     config.obj (.const:Obj_Active_Power_Positive)
                  000095b0    0000002a     config.obj (.const:Obj_CalibrateCMeter)
                  000095da    0000002a     config.obj (.const:Obj_CalibratePMeter)
                  00009604    0000002a     config.obj (.const:Obj_CalibrateVMeter)
                  0000962e    0000002a     config.obj (.const:Obj_Clock_Time_Shift_Invalid_Event)
                  00009658    0000002a     config.obj (.const:Obj_CurrentBalance2)
                  00009682    0000002a     config.obj (.const:Obj_Demand_close_to_contract_power)
                  000096ac    0000002a     config.obj (.const:Obj_DurationOfAllLongPowerFailes)
                  000096d6    0000002a     config.obj (.const:Obj_ExportActivePowerThreshold)
                  00009700    0000002a     config.obj (.const:Obj_Frequency)
                  0000972a    0000002a     config.obj (.const:Obj_ImportActivePowerThreshold)
                  00009754    0000002a     config.obj (.const:Obj_Instantanious_Current_L1)
                  0000977e    0000002a     config.obj (.const:Obj_Instantanious_Power_Factor_Avarage)
                  000097a8    0000002a     config.obj (.const:Obj_Instantanious_Voltage_L1)
                  000097d2    0000002a     config.obj (.const:Obj_KVA_Total)
                  000097fc    0000002a     config.obj (.const:Obj_NeutralCurrent)
                  00009826    0000002a     config.obj (.const:Obj_PF_R)
                  00009850    0000002a     config.obj (.const:Obj_Reactive_Energy_QI)
                  0000987a    0000002a     config.obj (.const:Obj_Reactive_Energy_QII)
                  000098a4    0000002a     config.obj (.const:Obj_Reactive_Energy_QIII)
                  000098ce    0000002a     config.obj (.const:Obj_Reactive_Energy_QIV)
                  000098f8    0000002a     config.obj (.const:Obj_Reactive_Power_Negative)
                  00009922    0000002a     config.obj (.const:Obj_Reactive_Power_Positive)
                  0000994c    0000002a     config.obj (.const:Obj_ResetAlarm)
                  00009976    0000002a     config.obj (.const:Obj_Scroll_Display_Time)
                  000099a0    0000002a     config.obj (.const:Obj_ThresholdLongPowerFaile)
                  000099ca    0000002a     config.obj (.const:Obj_ThresholdVoltageSage)
                  000099f4    0000002a     config.obj (.const:Obj_ThresholdVoltageSwell)
                  00009a1e    0000002a     config.obj (.const:Obj_TimeThresholdLongPowerFaile)
                  00009a48    0000002a     config.obj (.const:Obj_TimeThresholdVoltageSag)
                  00009a72    0000002a     config.obj (.const:Obj_TimeThresholdVoltageSwell)
                  00009a9c    0000002a     config.obj (.const:Obj_Total_Active_Energy_Export)
                  00009ac6    0000002a     config.obj (.const:Obj_Total_Active_Energy_Import)
                  00009af0    0000002a     config.obj (.const:Obj_Voltage_Referance)
                  00009b1a    00000027     config.obj (.const:.string:Standard_Event_Log_Objects)
                  00009b41    00000001     --HOLE-- [fill = 0]
                  00009b42    00000026     config.obj (.const:.string:Season_Profile_Dummy)
                  00009b68    00000020     config.obj (.const:Obj_ImageTransfer_Methods)
                  00009b88    00000020     config.obj (.const:ln_40_methods_HS)
                  00009ba8    00000020     config.obj (.const:ln_40_methods_HS_FC)
                  00009bc8    00000020     config.obj (.const:ln_40_methods_LS)
                  00009be8    00000020     config.obj (.const:ln_40_methods_NS)
                  00009c08    0000001c     config.obj (.const:.string:Billing_Script)
                  00009c24    0000001c     config.obj (.const:.string:GlobalReset_Scripts_Table)
                  00009c40    0000001c     config.obj (.const:.string:Week_Profile_Table_Dummy)
                  00009c5c    0000001c     config.obj (.const:Obj_ActiveQuadrant)
                  00009c78    0000001c     config.obj (.const:Obj_Billing_Script_Table)
                  00009c94    0000001c     config.obj (.const:Obj_Clock_Time_Shift_Event_Limit)
                  00009cb0    0000001c     config.obj (.const:Obj_Cum_MD_Reset_Count)
                  00009ccc    0000001c     config.obj (.const:Obj_Cum_Prog_Count)
                  00009ce8    0000001c     config.obj (.const:Obj_Cum_Tamper_Count)
                  00009d04    0000001c     config.obj (.const:Obj_Currently_Active_Tariff)
                  00009d20    0000001c     config.obj (.const:Obj_DateTime_Format)
                  00009d3c    0000001c     config.obj (.const:Obj_Demand_Integration_Period)
                  00009d58    0000001c     config.obj (.const:Obj_DeviceIdentifier)
                  00009d74    0000001c     config.obj (.const:Obj_Device_ID_2)
                  00009d90    0000001c     config.obj (.const:Obj_Device_ID_3)
                  00009dac    0000001c     config.obj (.const:Obj_Device_ID_4)
                  00009dc8    0000001c     config.obj (.const:Obj_Device_ID_5)
                  00009de4    0000001c     config.obj (.const:Obj_Device_ID_6)
                  00009e00    0000001c     config.obj (.const:Obj_Device_ID_7)
                  00009e1c    0000001c     config.obj (.const:Obj_Device_ID_8)
                  00009e38    0000001c     config.obj (.const:Obj_Disconnet_Script_Table)
                  00009e54    0000001c     config.obj (.const:Obj_ErrorObject)
                  00009e70    0000001c     config.obj (.const:Obj_ExportActivePowerOverThrStatus)
                  00009e8c    0000001c     config.obj (.const:Obj_FirmwareVersion)
                  00009ea8    0000001c     config.obj (.const:Obj_GlobalReset_Script_Table)
                  00009ec4    0000001c     config.obj (.const:Obj_ImportActivePowerOverThrStatus)
                  00009ee0    0000001c     config.obj (.const:Obj_Last_MD_Rst_DT)
                  00009efc    0000001c     config.obj (.const:Obj_MacAddress)
                  00009f18    0000001c     config.obj (.const:Obj_Meter_Sr_No)
                  00009f34    0000001c     config.obj (.const:Obj_NumberOfLongPowerFails)
                  00009f50    0000001c     config.obj (.const:Obj_OpearatingMode)
                  00009f6c    0000001c     config.obj (.const:Obj_Phase_Presence)
                  00009f88    0000001c     config.obj (.const:Obj_Prime_Device_Setup)
                  00009fa4    0000001c     config.obj (.const:Obj_Profile_Capture_Period)
                  00009fc0    0000001c     config.obj (.const:Obj_Special_Days)
                  00009fdc    0000001c     config.obj (.const:Obj_StandardEventItem)
                  00009ff8    0000001c     config.obj (.const:Obj_Tariff_Script_Table)
                  0000a014    0000001c     config.obj (.const:Obj_TransformerRatio_CurrentDen)
                  0000a030    0000001c     config.obj (.const:Obj_TransformerRatio_CurrentNum)
                  0000a04c    0000001c     config.obj (.const:Obj_TransformerRatio_VoltageDen)
                  0000a068    0000001c     config.obj (.const:Obj_TransformerRatio_VoltageNum)
                  0000a084    0000001c     config.obj (.const:sap_41_attrs)
                  0000a0a0    0000001a     config.obj (.const:.string:image_to_activate_info)
                  0000a0ba    0000001a     config.obj (.const:Instantanious_Profile_Column_Szs2)
                  0000a0d4    00000017     iec62056_46_link.obj (.const:.string:body$1)
                  0000a0eb    00000001     --HOLE-- [fill = 0]
                  0000a0ec    00000016     emeter-main.obj (.const:$P$T0$2)
                  0000a102    00000016     PLC.obj (.const:$P$T1$1)
                  0000a118    00000016     Logger.obj (.const:$P$T3$4)
                  0000a12e    00000016     config.obj (.const:Day_Profile_Table_Column_Szs)
                  0000a144    00000013     config.obj (.const:.string:context_info)
                  0000a157    00000001     --HOLE-- [fill = 0]
                  0000a158    00000012     config.obj (.const:.string:Billing_Profile_Sort_Object)
                  0000a16a    00000012     config.obj (.const:.string:Instantaneous_Energy_Sort_Object)
                  0000a17c    00000012     config.obj (.const:.string:Instantaneous_Values_Sort_Object)
                  0000a18e    00000012     config.obj (.const:.string:Load_Profile_Sort_Object)
                  0000a1a0    00000012     config.obj (.const:.string:Standard_Event_Log_Template)
                  0000a1b2    00000012     config.obj (.const:Billing_Profile_Column_Szs)
                  0000a1c4    00000010     config.obj (.const:Bbj_Special_days_Method)
                  0000a1d4    00000010     config.obj (.const:Instantanious_EnergyProfile_Column_Szs2)
                  0000a1e4    00000010     config.obj (.const:Load_Profile_Column_Szs)
                  0000a1f4    00000010     config.obj (.const:Obj_Balance_Methods)
                  0000a204    00000010     config.obj (.const:Obj_Connect_Methods)
                  0000a214    00000010     config.obj (.const:Obj_Event_Log_Methods)
                  0000a224    00000010     config.obj (.const:Obj_Load_Profile_Methods)
                  0000a234    0000000d     config.obj (.const:.string:$P$T0$1)
                  0000a241    00000001     --HOLE-- [fill = 0]
                  0000a242    0000000d     config.obj (.const:.string:$P$T1$2)
                  0000a24f    00000001     --HOLE-- [fill = 0]
                  0000a250    0000000d     config.obj (.const:.string:Executed_Billing_Script)
                  0000a25d    00000001     --HOLE-- [fill = 0]
                  0000a25e    0000000d     config.obj (.const:.string:Executed_DiconnectControl_Script)
                  0000a26b    00000001     --HOLE-- [fill = 0]
                  0000a26c    0000000d     emeter-toolkit.lib : rtc.obj (.const:.string:month_lengths)
                  0000a279    00000001     --HOLE-- [fill = 0]
                  0000a27a    0000000c     Blob.obj (.const:.string:$P$T0$1)
                  0000a286    0000000c     app_server_msgs.obj (.const:.string:$P$T0$1)
                  0000a292    0000000c     app_server_msgs.obj (.const:.string:$P$T1$2)
                  0000a29e    0000000c     app_server_msgs.obj (.const:.string:$P$T5$6)
                  0000a2aa    0000000c     app_server_msgs.obj (.const:.string:$P$T6$7)
                  0000a2b6    0000000c     config.obj (.const:acceptable_conformance)
                  0000a2c2    0000000b     LCD_C.obj (.const:.string:LCD_CHAR)
                  0000a2cd    00000001     --HOLE-- [fill = 0]
                  0000a2ce    0000000b     TI_aes.obj (.const:.string:Rcon)
                  0000a2d9    00000001     --HOLE-- [fill = 0]
                  0000a2da    0000000a     config.obj (.const:$P$T2$3)
                  0000a2e4    0000000a     config.obj (.const:$P$T3$4)
                  0000a2ee    0000000a     config.obj (.const:$P$T4$5)
                  0000a2f8    0000000a     config.obj (.const:$P$T5$6)
                  0000a302    00000008     config.obj (.const:.string:application_context_name_logical_names)
                  0000a30a    00000008     config.obj (.const:.string:auth_mech_name_HS)
                  0000a312    00000008     config.obj (.const:.string:auth_mech_name_LS)
                  0000a31a    00000008     config.obj (.const:.string:auth_mech_name_NS)
                  0000a322    00000008     iec62056_46_link.obj (.const:.string)
                  0000a32a    00000008     config.obj (.const:Obj_Activity_Calendar_Methods)
                  0000a332    00000008     config.obj (.const:Obj_Billing_Script_Methods)
                  0000a33a    00000008     config.obj (.const:Obj_CalibrateCMeter_Methods)
                  0000a342    00000008     config.obj (.const:Obj_CalibratePMeter_Methods)
                  0000a34a    00000008     config.obj (.const:Obj_CalibrateVMeter_Methods)
                  0000a352    00000008     config.obj (.const:Obj_Disconnect_Script_Methods)
                  0000a35a    00000008     config.obj (.const:Obj_GlobalReset_Script_Methods)
                  0000a362    00000008     config.obj (.const:Obj_Reset_Methods)
                  0000a36a    00000008     config.obj (.const:Obj_Tariff_Script_Methods)
                  0000a372    00000008     emeter-foreground.obj (.const:sd16_locations$1)
                  0000a37a    00000007     config.obj (.const:.string:partner_HS)
                  0000a381    00000001     --HOLE-- [fill = 0]
                  0000a382    00000007     config.obj (.const:.string:partner_LS)
                  0000a389    00000001     --HOLE-- [fill = 0]
                  0000a38a    00000007     config.obj (.const:.string:partner_NS)
                  0000a391    00000001     --HOLE-- [fill = 0]
                  0000a392    00000006     Blob.obj (.const:.string:$P$T1$2)
                  0000a398    00000006     config.obj (.const:.string:scalar_unit_Frequency)
                  0000a39e    00000006     config.obj (.const:.string:scalar_unit_I)
                  0000a3a4    00000006     config.obj (.const:.string:scalar_unit_KVA)
                  0000a3aa    00000006     config.obj (.const:.string:scalar_unit_KW)
                  0000a3b0    00000006     config.obj (.const:.string:scalar_unit_PF)
                  0000a3b6    00000006     config.obj (.const:.string:scalar_unit_ThresholdVoltageSag_Swell)
                  0000a3bc    00000006     config.obj (.const:.string:scalar_unit_Time)
                  0000a3c2    00000006     config.obj (.const:.string:scalar_unit_Time_Shift_EvtLim)
                  0000a3c8    00000006     config.obj (.const:.string:scalar_unit_V)
                  0000a3ce    00000006     config.obj (.const:.string:scalar_unit_active_power)
                  0000a3d4    00000006     config.obj (.const:.string:scalar_unit_dem_colseToContractPower)
                  0000a3da    00000006     config.obj (.const:.string:scalar_unit_power_current_voltage_calib)
                  0000a3e0    00000006     config.obj (.const:.string:scalar_unit_reactive_energy)
                  0000a3e6    00000006     config.obj (.const:.string:scalar_unit_referance_voltage)
                  0000a3ec    00000006     config.obj (.const:.string:scalar_unit_total_active_energy_import)
                  0000a3f2    00000006     config.obj (.const:Special_Days_Column_Size)
                  0000a3f8    00000005     Logger.obj (.const:.string:$P$T0$1)
                  0000a3fd    00000001     --HOLE-- [fill = 0]
                  0000a3fe    00000005     Logger.obj (.const:.string:$P$T1$2)
                  0000a403    00000001     --HOLE-- [fill = 0]
                  0000a404    00000004     Logger.obj (.const:.string:$P$T2$3)
                  0000a408    00000004     app_server_msgs.obj (.const:.string:$P$T2$3)
                  0000a40c    00000004     app_server_msgs.obj (.const:.string:$P$T3$4)
                  0000a410    00000004     app_server_msgs.obj (.const:.string:$P$T4$5)
                  0000a414    00000004     config.obj (.const:Standard_Event_Log_Column_Szs)
                  0000a418    00000002     UI.obj (.const)

RTC        0    0000ffd0    00000002     
                  0000ffd0    00000002     emeter-rtc.obj (.int40)

LCD_C      0    0000ffd2    00000002     
                  0000ffd2    00000002     unused_interrupts_handler.obj (.int41)

TIMER3_A1 
*          0    0000ffd4    00000002     
                  0000ffd4    00000002     unused_interrupts_handler.obj (.int42)

TIMER3_A0 
*          0    0000ffd6    00000002     
                  0000ffd6    00000002     unused_interrupts_handler.obj (.int43)

PORT2      0    0000ffd8    00000002     
                  0000ffd8    00000002     unused_interrupts_handler.obj (.int44)

TIMER2_A1 
*          0    0000ffda    00000002     
                  0000ffda    00000002     Schaduler.obj (.int45)

TIMER2_A0 
*          0    0000ffdc    00000002     
                  0000ffdc    00000002     unused_interrupts_handler.obj (.int46)

PORT1      0    0000ffde    00000002     
                  0000ffde    00000002     SystemISRs.obj (.int47)

TIMER1_A1 
*          0    0000ffe0    00000002     
                  0000ffe0    00000002     unused_interrupts_handler.obj (.int48)

TIMER1_A0 
*          0    0000ffe2    00000002     
                  0000ffe2    00000002     unused_interrupts_handler.obj (.int49)

DMA        0    0000ffe4    00000002     
                  0000ffe4    00000002     unused_interrupts_handler.obj (.int50)

AUX        0    0000ffe6    00000002     
                  0000ffe6    00000002     SystemISRs.obj (.int51)

USCI_A2    0    0000ffe8    00000002     
                  0000ffe8    00000002     unused_interrupts_handler.obj (.int52)

USCI_A1    0    0000ffea    00000002     
                  0000ffea    00000002     IEC62056_UART.obj (.int53)

TIMER0_A1 
*          0    0000ffec    00000002     
                  0000ffec    00000002     rts430x_lc_rd_eabi.lib : int54.obj (.int54)

TIMER0_A0 
*          0    0000ffee    00000002     
                  0000ffee    00000002     DLMS.obj (.int55)

SD24B      0    0000fff0    00000002     
                  0000fff0    00000002     emeter-background.obj (.int56)

ADC10      0    0000fff2    00000002     
                  0000fff2    00000002     unused_interrupts_handler.obj (.int57)

USCI_B0    0    0000fff4    00000002     
                  0000fff4    00000002     unused_interrupts_handler.obj (.int58)

USCI_A0    0    0000fff6    00000002     
                  0000fff6    00000002     PLC_UART.obj (.int59)

WDT        0    0000fff8    00000002     
                  0000fff8    00000002     unused_interrupts_handler.obj (.int60)

UNMI       0    0000fffa    00000002     
                  0000fffa    00000002     unused_interrupts_handler.obj (.int61)

SYSNMI     0    0000fffc    00000002     
                  0000fffc    00000002     unused_interrupts_handler.obj (.int62)

.reset     0    0000fffe    00000002     
                  0000fffe    00000002     rts430x_lc_rd_eabi.lib : boot.obj (.reset)

.text.2    0    00010000    00014000     
                  00010000    000013de     LCD_C_Graphics.obj (.text:UpdateDisplay_c)
                  000113de    00000e0e     LCD_C_Graphics.obj (.text:WriteFloat_c)
                  000121ec    000008da     PLC.obj (.text:ProcessRecivedPLCMessage)
                  00012ac6    00000892     server_msgs.obj (.text:send_get_response)
                  00013358    0000084e     Logger.obj (.text:InitLogg)
                  00013ba6    000006d8     emeter-main.obj (.text:main)
                  0001427e    000006d6     app_server_msgs.obj (.text:get_numeric_item)
                  00014954    000006c0     FixedActivities.obj (.text:per_second_activity)
                  00015014    000006ac     Logger.obj (.text:LoadConfigurations)
                  000156c0    0000068a     TI_aes.obj (.text:aes_decr)
                  00015d4a    00000632     iec62056_46_link.obj (.text:iec62056_46_rx_byte)
                  0001637c    000005a8     server_msgs.obj (.text:send_set_response_datablock)
                  00016924    00000584     TI_aes.obj (.text:aes_encr)
                  00016ea8    00000538     server_msgs.obj (.text:send_get_response_block_a)
                  000173e0    0000043a     LCD_C.obj (.text:clear_numbers)
                  0001781a    0000043a     LCD_C.obj (.text:show_numbers)
                  00017c54    000003c4     server_msgs.obj (.text:interpret_and_fill)
                  00018018    00000376     server_msgs.obj (.text:send_get_response_block_b)
                  0001838e    00000372     rts430x_lc_rd_eabi.lib : div64u.obj (.text:__mspabi_divull)
                  00018700    0000036a     LCD_C.obj (.text:clear_date)
                  00018a6a    0000036a     LCD_C.obj (.text:show_date)
                  00018dd4    0000034c     TI_aes.obj (.text:expandKey)
                  00019120    00000338     PLC.obj (.text:InitPLC2)
                  00019458    0000032c     server_msgs.obj (.text:process_aarq)
                  00019784    0000031e     emeter-main.obj (.text:restoreBackup)
                  00019aa2    000002f6     server_msgs.obj (.text:process_get_request)
                  00019d98    000002dc     config.obj (.text:find_num_energy_log__entries_between)
                  0001a074    000002d8     rts430x_lc_rd_eabi.lib : addd.obj (.text:__mspabi_addd)
                  0001a34c    000002be     server_msgs.obj (.text:send_set_response)
                  0001a60a    0000026c     iec62056_46_link.obj (.text:process_rx_frame)
                  0001a876    0000026a     server_msgs.obj (.text:process_set_request)
                  0001aae0    00000252     rts430x_lc_rd_eabi.lib : frcaddd.obj (.text:__TI_frcaddd)
                  0001ad32    00000248     LCD_C.obj (.text:clear_hourminute)
                  0001af7a    00000248     LCD_C.obj (.text:show_hourminute)
                  0001b1c2    00000214     server_msgs.obj (.text:send_aare)
                  0001b3d6    00000208     config.obj (.text:find_num_event_log__entries_between)
                  0001b5de    00000206     server_msgs.obj (.text:compare_and_retrieve)
                  0001b7e4    000001fc     app_server_msgs.obj (.text:get_string_item)
                  0001b9e0    000001f4     firmware_loader.obj (.text:receive_firmware_image)
                  0001bbd4    000001ca     rts430x_lc_rd_eabi.lib : s_floor.obj (.text:floor)
                  0001bd9e    000001c8     server_msgs.obj (.text:extract_cosem_field)
                  0001bf66    000001c6     Configration.obj (.text:Load_System_Config_Request)
                  0001c12c    000001b4     emeter-foreground.obj (.text:active_power)
                  0001c2e0    000001a6     PLC_UART.obj (.text:PLC_Byte_Recived)
                  0001c486    00000192     server_msgs.obj (.text:locate_object_attr)
                  0001c618    00000190     EthioCalender.obj (.text:EthiopianCalender)
                  0001c7a8    00000190     Tamper.obj (.text:UpdateTamperIndicators)
                  0001c938    00000190     emeter-main.obj (.text:perform_low_battry_backup)
                  0001cac8    00000188     Alarm.obj (.text:ALARM_Indication)
                  0001cc50    00000188     emeter-foreground.obj (.text:current)
                  0001cdd8    00000188     Logger.obj (.text:logPowerFailEnergy)
                  0001cf60    00000184     EthioCalender.obj (.text:JulianDayNumber)
                  0001d0e4    00000180     Logger.obj (.text:getTripDuration)
                  0001d264    00000176     server_msgs.obj (.text:send_action_response)
                  0001d3da    00000164     server_msgs.obj (.text:locate_object_method)
                  0001d53e    00000148     emeter-main.obj (.text:performPowerQualityMessurement)
                  0001d686    00000140     rts430x_lc_rd_eabi.lib : div64s.obj (.text:__mspabi_divlli)
                  0001d7c6    00000138     Tariff.obj (.text:per_month_activity)
                  0001d8fe    00000134     utilities.obj (.text:longToString_c)
                  0001da32    00000132     Logger.obj (.text:logBillingCutoffDateLog)
                  0001db64    00000132     rts430x_lc_rd_eabi.lib : fs_add.obj (.text)
                  0001dc96    0000012c     loader.obj (.text)
                  0001ddc2    00000120     Tariff.obj (.text:CalculateTariff_New)
                  0001dee2    0000011e     server_msgs.obj (.text:process_i_body)
                  0001e000    0000011e     server_msgs.obj (.text:type_copy)
                  0001e11e    00000116     emeter-foreground.obj (.text:reactive_power)
                  0001e234    00000114     server_msgs.obj (.text:process_action_request)
                  0001e348    00000110     Logger.obj (.text:getTariffSchaduleTimeslot)
                  0001e458    00000110     Logger.obj (.text:getTariffSchaduleTimeslotPassive)
                  0001e568    0000010e     config.obj (.text:get_date_time_string)
                  0001e676    0000010a     emeter-toolkit.lib : div_sh48.obj (.text:div_sh48)
                  0001e780    00000106     rts430x_lc_rd_eabi.lib : fltulld.obj (.text:__mspabi_fltulld)
                  0001e886    00000106     xframe.obj (.text:process_snrm_frame)
                  0001e98c    00000102     Logger.obj (.text:setTripDuration)
                  0001ea8e    00000100     IEC62056_UART.obj (.text:change_boud_rate)
                  0001eb8e    000000fe     Logger.obj (.text:updateNextLogAddress)
                  0001ec8c    000000fc     emeter-rtc.obj (.text:adjust_rtc)
                  0001ed88    000000f6     app_server_msgs.obj (.text:loadEnergyToRam)
                  0001ee7e    000000f6     Logger.obj (.text:read_from_eeprom)
                  0001ef74    000000f6     FixedActivities.obj (.text:test_current_balance)
                  0001f06a    000000f2     xframe.obj (.text:process_ua_frame)
                  0001f15c    000000ec     iec62056_46_link.obj (.text:hdlc_async_tx_add_address)
                  0001f248    000000e4     PLC.obj (.text:SendMessage)
                  0001f32c    000000e2     self_diagnosis.obj (.text:DiagnosisMeter)
[...]
000078d8  getSetFwVersion                             
000078da  iec62056_46_link_idle_restart               
000078dc  insert_special_day                          
000078de  process_frmr_frame                          
000078e0  process_ui_frame                            
000078e2  remove_object                               
000078e4  tariff_script_execute                       
000078e6  object_list                                 
00008052  crc_itu16_table                             
00008452  fir_coeffs                                  
00008652  rsbox                                       
00008752  sbox                                        
00008852  Instantaneous_Values_Capture_Objects        
00008940  Billing_Profile_Capture_Objects             
000089e6  Instantaneous_Energy_Capture_Objects2       
00008a7a  Load_Profile_Capture_Objects                
000090e8  reject_ln_context                           
000090ea  reject_sn_context                           
000090f4  Comm_Speed                                  
000090f5  Window_Size_Transmit                        
000090f6  Window_Size_Receive                         
000090f8  Max_Info_Field_Len_TX                       
000090fa  Max_Info_Field_Len_RX                       
000090fc  Inter_Octet_Timeout                         
000090fe  Inactivity_Time_Out                         
00009100  Device_Address                              
00009102  Internal_CT_Ratio                           
00009104  Internal_PT_Ratio                           
00009106  Year_of_Manufacture                         
00009108  Billing_Script_Type                         
00009109  DiconnectControl_Type                       
0000910a  Instant_Profile_Entries_In_Use              
0000910e  Instant_Profile_Entries                     
00009112  Instant_Profile_Capture_Period              
00009116  Instant_Profile_Sort_Method                 
00009118  Instant_Scaler_Profile_Entries_In_Use       
0000911c  Instant_Scaler_Profile_Entries              
00009120  Instant_Scaler_Profile_Capture_Period       
00009124  Instant_Scaler_Profile_Sort_Method          
00009126  Load_Scaler_Profile_Entries_In_Use          
0000912a  Load_Scaler_Profile_Entries                 
0000912e  Load_Scaler_Profile_Capture_Period          
00009132  Load_Scaler_Profile_Sort_Method             
00009134  Billing_Profile_Entries_In_Use              
00009138  Billing_Profile_Entries                     
0000913c  Billing_Profile_Capture_Period              
00009140  Billing_Profile_Sort_Method                 
00009198  Day_Profile_Table_Passive_Template          
000091ea  Day_Profile_Table_Template                  
0000923c  Instantanious_Profile_Buffer_Template2      
00009316  Billing_Profile_Buffer_Template             
00009438  Disconnect_Scripts_Table                    
0000946e  Tariff_Scripts_Dummy                        
000094a4  Instantanious_EnergyProfile_Buffer_Template2
000094d8  Load_Profile_Buffer_Template                
00009b1a  Standard_Event_Log_Objects                  
00009b42  Season_Profile_Dummy                        
00009c08  Billing_Script                              
00009c24  GlobalReset_Scripts_Table                   
00009c40  Week_Profile_Table_Dummy                    
0000a0a0  image_to_activate_info                      
0000a0ba  Instantanious_Profile_Column_Szs2           
0000a12e  Day_Profile_Table_Column_Szs                
0000a158  Billing_Profile_Sort_Object                 
0000a16a  Instantaneous_Energy_Sort_Object            
0000a17c  Instantaneous_Values_Sort_Object            
0000a18e  Load_Profile_Sort_Object                    
0000a1a0  Standard_Event_Log_Template                 
0000a1b2  Billing_Profile_Column_Szs                  
0000a1d4  Instantanious_EnergyProfile_Column_Szs2     
0000a1e4  Load_Profile_Column_Szs                     
0000a250  Executed_Billing_Script                     
0000a25e  Executed_DiconnectControl_Script            
0000a26c  month_lengths                               
0000a2b6  acceptable_conformance                      
0000a2c2  LCD_CHAR                                    
0000a2ce  Rcon                                        
0000a30a  auth_mech_name_HS                           
0000a312  auth_mech_name_LS                           
0000a31a  auth_mech_name_NS                           
0000a37a  partner_HS                                  
0000a382  partner_LS                                  
0000a38a  partner_NS                                  
0000a398  scalar_unit_Frequency                       
0000a39e  scalar_unit_I                               
0000a3a4  scalar_unit_KVA                             
0000a3aa  scalar_unit_KW                              
0000a3b0  scalar_unit_PF                              
0000a3b6  scalar_unit_ThresholdVoltageSag_Swell       
0000a3bc  scalar_unit_Time                            
0000a3c2  scalar_unit_Time_Shift_EvtLim               
0000a3c8  scalar_unit_V                               
0000a3ce  scalar_unit_active_power                    
0000a3d4  scalar_unit_dem_colseToContractPower        
0000a3da  scalar_unit_power_current_voltage_calib     
0000a3e0  scalar_unit_reactive_energy                 
0000a3e6  scalar_unit_referance_voltage               
0000a3ec  scalar_unit_total_active_energy_import      
0000a3f2  Special_Days_Column_Size                    
0000a414  Standard_Event_Log_Column_Szs               
0000a418  keydebounce                                 
0000a8f4  __TI_Handler_Table_Base                     
0000a8fc  __TI_CINIT_Base                             
0000a8fc  __TI_Handler_Table_Limit                    
0000a90c  __TI_CINIT_Limit                            
0000ffd0  __TI_int40                                  
0000ffd2  __TI_int41                                  
0000ffd4  __TI_int42                                  
0000ffd6  __TI_int43                                  
0000ffd8  __TI_int44                                  
0000ffda  __TI_int45                                  
0000ffdc  __TI_int46                                  
0000ffde  __TI_int47                                  
0000ffe0  __TI_int48                                  
0000ffe2  __TI_int49                                  
0000ffe4  __TI_int50                                  
0000ffe6  __TI_int51                                  
0000ffe8  __TI_int52                                  
0000ffea  __TI_int53                                  
0000ffec  __TI_int54                                  
0000ffee  __TI_int55                                  
0000fff0  __TI_int56                                  
0000fff2  __TI_int57                                  
0000fff4  __TI_int58                                  
0000fff6  __TI_int59                                  
0000fff8  __TI_int60                                  
0000fffa  __TI_int61                                  
0000fffc  __TI_int62                                  
0000fffe  _reset_vector                               
00010000  UpdateDisplay_c                             
000113de  WriteFloat_c                                
000121ec  ProcessRecivedPLCMessage                    
00012ac6  send_get_response                           
00013358  InitLogg                                    
00013ba6  main                                        
0001427e  get_numeric_item                            
00014954  per_second_activity                         
00015014  LoadConfigurations                          
000156c0  aes_decr                                    
00015d4a  iec62056_46_rx_byte                         
0001637c  send_set_response_datablock                 
00016924  aes_encr                                    
00016ea8  send_get_response_block_a                   
000173e0  clear_numbers                               
0001781a  show_numbers                                
00017c54  interpret_and_fill                          
00018018  send_get_response_block_b                   
0001838e  __mspabi_divull                             
00018700  clear_date                                  
00018a6a  show_date                                   
00018dd4  expandKey                                   
00019120  InitPLC2                                    
00019458  process_aarq                                
00019784  restoreBackup                               
00019d98  find_num_energy_log__entries_between        
0001a074  __mspabi_addd                               
0001a34c  send_set_response                           
0001a60a  process_rx_frame                            
0001aae0  __TI_frcaddd                                
0001ad32  clear_hourminute                            
0001af7a  show_hourminute                             
0001b1c2  send_aare                                   
0001b3d6  find_num_event_log__entries_between         
0001b5de  compare_and_retrieve                        
0001b7e4  get_string_item                             
0001b9e0  receive_firmware_image                      
0001bbd4  floor                                       
0001bbd4  floorl                                      
0001bf66  Load_System_Config_Request                  
0001c12c  active_power                                
0001c2e0  PLC_Byte_Recived                            
0001c618  EthiopianCalender                           
0001c7a8  UpdateTamperIndicators                      
0001c938  perform_low_battry_backup                   
0001cac8  ALARM_Indication                            
0001cc50  current                                     
0001cdd8  logPowerFailEnergy                          
0001cf60  JulianDayNumber                             
0001d0e4  getTripDuration                             
0001d264  send_action_response                        
0001d53e  performPowerQualityMessurement              
0001d686  __mspabi_divlli                             
0001d7c6  per_month_activity                          
0001d8fe  longToString_c                              
0001da32  logBillingCutoffDateLog                     
0001db64  __mspabi_subf                               
0001db6a  __mspabi_addf                               
0001dc96  init_loader                                 
0001ddc2  CalculateTariff_New                         
0001dee2  process_i_body                              
0001e11e  reactive_power                              
0001e348  getTariffSchaduleTimeslot                   
0001e458  getTariffSchaduleTimeslotPassive            
0001e568  get_date_time_string                        
0001e676  div_sh48                                    
0001e780  __mspabi_fltulld                            
0001e886  process_snrm_frame                          
0001e98c  setTripDuration                             
0001ea8e  change_boud_rate                            
0001eb8e  updateNextLogAddress                        
0001ec8c  adjust_rtc                                  
0001ed88  loadEnergyToRam                             
0001ee7e  read_from_eeprom                            
0001ef74  test_current_balance                        
0001f06a  process_ua_frame                            
0001f248  SendMessage                                 
0001f32c  DiagnosisMeter                              
0001f40e  custom_power_fail_handler                   
0001f4ee  getPublicHoliday                            
0001f5cc  getDeviceIDs                                
0001f6a8  __mspabi_cmpd                               
0001f780  Init_FLL                                    
0001f856  SetVCoreUp                                  
0001f926  UpdateDisplayProgressBar_c                  
0001f9f6  updateCalibrationFactor                     
0001fac6  UpdateRelayStatus                           
0001fb94  DataTransferRequest                         
0001fd24  ConnectMeter                                
0001fde8  DisconnectMeter                             
0001feac  Capture_Load_Profile_Data                   
0001ff6c  EEPROM2_WriteInt8                           
0002002c  getNominalValues                            
000200ec  loadEventToRam                              
000201ac  search_nearest_log                          
0002026c  setDeviceIDs                                
0002032c  set_string_item                             
000203ec  getTimeDifferenceInMinutes                  
000204aa  hdlc_async_tx_build_iframe                  
00020568  LoadTodaysTariff                            
00020624  hdlc_async_tx_end                           
000206e0  set_numeric_item                            
0002079c  IsDisconnectRequired                        
00020856  isMemFormatted                              
00020910  system_setup                                
000209ca  neutral_current                             
00020a82  __mspabi_mpyf                               
00020b3a  setGetActivePassiveCalendarTime             
00020bee  __TI_renormd                                
00020ca0  getTime                                     
00020d52  Capture_Standard_Event_Log                  
00020e02  ProcessWriteBlob                            
00020eb2  custom_initialisation                       
00020f62  EEPROM2_ReadInt8                            
0002100e  reply_to_hls_auth                           
000210b8  Attach_Request                              
00021160  bump_rtc_backup                             
00021208  isqrt64                                     
000212b0  ChangeReferanceVoltage                      
00021356  getMaxValues                                
000213fc  logEnergy                                   
000214a2  SetVCoreDown                                
00021544  image_block_transfer                        
000215e2  image_transfer_initiate                     
0002167c  InitRelay                                   
00021714  getTimeStamp                                
000217ac  LCTamperDetected                            
00021840  loadDailyProfilePassive_dlms                
000218d4  loadDailyProfile_dlms                       
00021968  processKey                                  
000219fc  UCTamperDetected                            
00021a8e  compare_time                                
00021b20  getEnergy                                   
00021bb2  DataTransferIndication                      
00021c42  getMeterStatus                              
00021cd2  power_factor                                
00021d62  __mspabi_divf                               
00021df2  GET_MAC_PIB_rep                             
00021e80  getimage_first_not_transferred_block_number 
00021f0e  setNominalValues                            
00021f9c  flash_replace16                             
00022028  EEPROM2_ReadLong                            
000220b2  all_segments_on                             
0002213c  logEvent                                    
000221c4  setTariffSchaduleTimeslot                   
0002224c  setTariffSchaduleTimeslotPassive            
000222d4  GetCurrentMinuteTariffTimeSlot              
0002235a  EEPROM2_ReadNextLong                        
000223de  EEPROM2_WriteNextInt8                       
00022462  ProcessReadBlob                             
000224e6  getRTCCheck                                 
0002256a  initTariff                                  
000225ee  write_mem                                   
00022672  _auto_init_hold_wdt                         
000226f4  getEvent                                    
00022776  read_eeprom                                 
000227f2  EEPROM_DRIVER_ADDR_END                      
000227f4  writeFirmwareBlock                          
00022872  setMaxValues                                
000228ec  switch_to_normal_mode                       
00022966  apparent_power                              
000229de  autentication_secreate_LS                   
00022a54  EEPROM2_ReadNextInt8                        
00022ac8  getMinValues                                
00022bb0  CheckTariff                                 
00022c22  getEnergy2                                  
00022c94  send_ua                                     
00022d06  changeExportActivePowerThreshold            
00022d76  changeImportActivePowerThreshold            
00022de6  find_num_total_Standard_Event_Log_entries   
00022e56  InitPLCUART                                 
00022ec4  display_next_item_c                         
00022f32  find_num_total_energy_log_entries           
00022fa0  send_dm                                     
0002300e  send_frmr                                   
0002307c  CheckBattery                                
000230e8  send_confirmed_service_error                
00023154  setPassword                                 
000231c0  InitIECUART                                 
000231c0  initIEC62056                                
0002322a  getEvent2                                   
00023294  logMeterStatus                              
000232fe  send_frame                                  
00023368  Attach_Confirm                              
000233d0  GET_MAC_PIB_Request                         
000234a0  __mspabi_fixdul                             
00023508  getPassword                                 
00023570  copy_in                                     
000235d6  setRTCCheck                                 
0002363c  EEPROM2_WriteLong                           
00023700  setMacAddress                               
00023760  Obj_DecrementBalance                        
000237be  Obj_IncrementBalance                        
0002381c  SETUP_ALARM_Request                         
0002387a  changeThresholdLongPowerFaile               
000238d8  getHardwareTime                             
00023936  CheckConnectionIsEnabled                    
00023992  __mspabi_mpyll_f5hw                         
00023a48  FLASH_PROGRAMMER_ADDR_END                   
00023a4a  CheckMagneticTamper                         
00023aa2  getCurrentBalance                           
00023afa  getLogicDeviceName                          
00023b52  getRelayStatus                              
00023baa  __mspabi_divul                              
00023baa  __mspabi_remul                              
00023c02  InitUI                                      
00023c58  dc_filter24                                 
00023c94  dc_filter24_init                            
00023cae  loadCurrentHoliday                          
00023d02  reFormatMemoryFormatIndicator               
00023d56  I2C2ACK                                     
00023da8  I2C2NACK                                    
00023dfa  Shutdown_Request                            
00023e4c  changeThresholdVoltageSag                   
00023e9e  readAllFirwmareBlockStatus                  
00023ef0  I2C2getACK                                  
00023f40  changeCumulativeTamperCount                 
00023f90  changeThresholdVoltageSwell                 
00023fe0  Capture_Billing_Profile_Data                
ffffffff  __TI_pprof_out_hndl                         
ffffffff  __TI_prof_data_size                         
ffffffff  __TI_prof_data_start                        
ffffffff  __c_args__                                  
UNDEFED   __TI_BINIT_Base                             
UNDEFED   __TI_BINIT_Limit                            
UNDEFED   __TI_INITARRAY_Base                         
UNDEFED   __TI_INITARRAY_Limit                        

[1979 symbols]
