******************************************************************************
                  MSP430 Linker PC v15.12.1                    
******************************************************************************
>> Linked Thu Feb 23 16:27:54 2017

OUTPUT FILE NAME:   <emeter-ng.out>
ENTRY POINT SYMBOL: "_c_int00_noargs_noexit"  address: 00004ce4


MEMORY CONFIGURATION

         name            origin    length      used     unused   attr    fill
----------------------  --------  ---------  --------  --------  ----  --------
  SFR                   00000000   00000010  00000000  00000010  RWIX
  PERIPHERALS_8BIT      00000010   000000f0  00000000  000000f0  RWIX
  PERIPHERALS_16BIT     00000100   00000100  00000000  00000100  RWIX
  INFOD                 00001800   00000080  00000080  00000000  RWIX
  INFOC                 00001880   00000080  00000000  00000080  RWIX
  INFOB                 00001900   00000080  00000080  00000000  RWIX
  INFOA                 00001980   00000080  00000000  00000080  RWIX
  RAM                   00001c00   00002000  00001c9d  00000363  RWIX
  FLASH                 00004000   0000bf80  00006a0c  00005574  RWIX
  INT00                 0000ff80   00000002  00000000  00000002  RWIX
  INT01                 0000ff82   00000002  00000000  00000002  RWIX
  INT02                 0000ff84   00000002  00000000  00000002  RWIX
  INT03                 0000ff86   00000002  00000000  00000002  RWIX
  INT04                 0000ff88   00000002  00000000  00000002  RWIX
  INT05                 0000ff8a   00000002  00000000  00000002  RWIX
  INT06                 0000ff8c   00000002  00000000  00000002  RWIX
  INT07                 0000ff8e   00000002  00000000  00000002  RWIX
  INT08                 0000ff90   00000002  00000000  00000002  RWIX
  INT09                 0000ff92   00000002  00000000  00000002  RWIX
  INT10                 0000ff94   00000002  00000000  00000002  RWIX
  INT11                 0000ff96   00000002  00000000  00000002  RWIX
  INT12                 0000ff98   00000002  00000000  00000002  RWIX
  INT13                 0000ff9a   00000002  00000000  00000002  RWIX
  INT14                 0000ff9c   00000002  00000000  00000002  RWIX
  INT15                 0000ff9e   00000002  00000000  00000002  RWIX
  INT16                 0000ffa0   00000002  00000000  00000002  RWIX
  INT17                 0000ffa2   00000002  00000000  00000002  RWIX
  INT18                 0000ffa4   00000002  00000000  00000002  RWIX
  INT19                 0000ffa6   00000002  00000000  00000002  RWIX
  INT20                 0000ffa8   00000002  00000000  00000002  RWIX
  INT21                 0000ffaa   00000002  00000000  00000002  RWIX
  INT22                 0000ffac   00000002  00000000  00000002  RWIX
  INT23                 0000ffae   00000002  00000000  00000002  RWIX
  INT24                 0000ffb0   00000002  00000000  00000002  RWIX
  INT25                 0000ffb2   00000002  00000000  00000002  RWIX
  INT26                 0000ffb4   00000002  00000000  00000002  RWIX
  INT27                 0000ffb6   00000002  00000000  00000002  RWIX
  INT28                 0000ffb8   00000002  00000000  00000002  RWIX
  INT29                 0000ffba   00000002  00000000  00000002  RWIX
  INT30                 0000ffbc   00000002  00000000  00000002  RWIX
  INT31                 0000ffbe   00000002  00000000  00000002  RWIX
  INT32                 0000ffc0   00000002  00000000  00000002  RWIX
  INT33                 0000ffc2   00000002  00000000  00000002  RWIX
  INT34                 0000ffc4   00000002  00000000  00000002  RWIX
  INT35                 0000ffc6   00000002  00000000  00000002  RWIX
  INT36                 0000ffc8   00000002  00000000  00000002  RWIX
  INT37                 0000ffca   00000002  00000000  00000002  RWIX
  INT38                 0000ffcc   00000002  00000000  00000002  RWIX
  INT39                 0000ffce   00000002  00000000  00000002  RWIX
  INT40                 0000ffd0   00000002  00000002  00000000  RWIX
  INT41                 0000ffd2   00000002  00000002  00000000  RWIX
  INT42                 0000ffd4   00000002  00000002  00000000  RWIX
  INT43                 0000ffd6   00000002  00000002  00000000  RWIX
  INT44                 0000ffd8   00000002  00000002  00000000  RWIX
  INT45                 0000ffda   00000002  00000002  00000000  RWIX
  INT46                 0000ffdc   00000002  00000002  00000000  RWIX
  INT47                 0000ffde   00000002  00000002  00000000  RWIX
  INT48                 0000ffe0   00000002  00000002  00000000  RWIX
  INT49                 0000ffe2   00000002  00000002  00000000  RWIX
  INT50                 0000ffe4   00000002  00000002  00000000  RWIX
  INT51                 0000ffe6   00000002  00000002  00000000  RWIX
  INT52                 0000ffe8   00000002  00000002  00000000  RWIX
  INT53                 0000ffea   00000002  00000002  00000000  RWIX
  INT54                 0000ffec   00000002  00000002  00000000  RWIX
  INT55                 0000ffee   00000002  00000002  00000000  RWIX
  INT56                 0000fff0   00000002  00000002  00000000  RWIX
  INT57                 0000fff2   00000002  00000002  00000000  RWIX
  INT58                 0000fff4   00000002  00000002  00000000  RWIX
  INT59                 0000fff6   00000002  00000002  00000000  RWIX
  INT60                 0000fff8   00000002  00000002  00000000  RWIX
  INT61                 0000fffa   00000002  00000002  00000000  RWIX
  INT62                 0000fffc   00000002  00000002  00000000  RWIX
  RESET                 0000fffe   00000002  00000002  00000000  RWIX
  FLASH2                00010000   00014000  00014000  00000000  RWIX


SECTION ALLOCATION MAP

 output                                  attributes/
section   page    origin      length       input sections
--------  ----  ----------  ----------   ----------------
.bss       0    00001c00    000014dd     UNINITIALIZED
                  00001c00    000007d0     (.common:RX_BUF)
                  000023d0    000001ca     (.common:chan1)
                  0000259a    00000170     (.common:rx)
                  0000270a    00000132     (.common:neutral_c)
                  0000283c    00000114     (.common:tx)
                  00002950    000000ca     (.common:IEC_Tx_Queue)
                  00002a1a    000000ca     (.common:plc_tx_buff)
                  00002ae4    000000c0     (.common:seggy)
                  00002ba4    00000090     (.common:holidays)
                  00002c34    00000080     (.common:tasks)
                  00002cb4    00000078     (.common:DataPayload)
                  00002d2c    00000042     (.common:system_info)
                  00002d6e    00000040     (.common:block_data)
                  00002dae    00000038     (.common:link)
                  00002de6    00000022     (.common:row_data)
                  00002e08    00000022     (.common:todaysRates)
                  00002e2a    0000001c     (.common:search_item)
                  00002e46    00000018     (.common:LastTxEnergyCopy)
                  00002e5e    00000014     (.common:ConnectRequestAlarm)
                  00002e72    00000014     (.common:DisconnectRequestAlarm)
                  00002e86    00000010     (.common:SA_Range)
                  00002e96    00000010     (.common:challenge_c2s)
                  00002ea6    00000010     (.common:executable_Task_Index)
                  00002eb6    00000010     (.common:image_ident)
                  00002ec6    00000010     (.common:machine_byte)
                  00002ed6    00000010     (.common:msg_info)
                  00002ee6    00000010     (.common:reply_c2s)
                  00002ef6    0000000e     (.common:status)
                  00002f04    0000000c     (.common:RecivedMessage)
                  00002f10    0000000c     (.common:confirm)
                  00002f1c    0000000c     (.common:currentEnergyLogEntryData)
                  00002f28    0000000c     (.common:currentEventLogEntryData)
                  00002f34    0000000c     (.common:disconnect_script)
                  00002f40    0000000c     (.common:ind)
                  00002f4c    0000000a     (.common:Current_billing_Period_start)
                  00002f56    0000000a     (.common:ErrorList)
                  00002f60    0000000a     (.common:Estimated_billing_period_end)
                  00002f6a    0000000a     (.common:MAC_PIB_replay)
                  00002f74    0000000a     (.common:PHY_PIB_replay)
                  00002f7e    0000000a     (.common:activePassiveCalenderTime)
                  00002f88    0000000a     (.common:conf)
                  00002f92    0000000a     (.common:required_last_entry_time)
                  00002f9c    0000000a     (.common:rtc_backup)
                  00002fa6    0000000a     (.common:rtc_global_temp)
                  00002fb0    0000000a     (.common:rtc_temp)
                  00002fba    0000000a     (.common:rtc_temp_var)
                  00002fc4    0000000a     (.common:rtcc)
                  00002fce    0000000a     (.common:temp_rtc0)
                  00002fd8    0000000a     (.common:temp_rtc1)
                  00002fe2    00000008     emeter-background.obj (.bss:adc_i_buffer$2)
                  00002fea    00000008     (.common:AlarmIndiation)
                  00002ff2    00000008     (.common:readBlobMessage)
                  00002ffa    00000008     (.common:txptr)
                  00003002    00000008     (.common:writeBlobMessage)
                  0000300a    00000006     (.common:Balance_PostPaid)
                  00003010    00000006     (.common:Current_balance)
                  00003016    00000006     (.common:TamperCount)
                  0000301c    00000006     (.common:currentHoliday_date)
                  00003022    00000006     (.common:hardware_status)
                  00003028    00000006     (.common:req)
                  0000302e    00000004     emeter-main.obj (.bss)
                  00003032    00000004     server_msgs.obj (.bss:negotiated_conformance)
                  00003036    00000004     server_msgs.obj (.bss)
                  0000303a    00000004     (.common:CurrentPage)
                  0000303e    00000004     (.common:CurrentReadAddress)
                  00003042    00000004     (.common:CurrentReadPage)
                  00003046    00000004     (.common:CurrentWriteAddress)
                  0000304a    00000004     (.common:P_Active_Negative)
                  0000304e    00000004     (.common:P_Active_Plus)
                  00003052    00000004     (.common:P_Reactive_negative)
                  00003056    00000004     (.common:P_Reactive_positive)
                  0000305a    00000004     (.common:TempLastEnergyValue)
                  0000305e    00000004     (.common:dayProfileTime1)
                  00003062    00000004     (.common:dayProfileTime2)
                  00003066    00000004     (.common:dayProfileTime3)
                  0000306a    00000004     (.common:dayProfileTime4)
                  0000306e    00000004     (.common:de_confirm)
                  00003072    00000004     (.common:desconnect_val)
                  00003076    00000004     (.common:header_array)
                  0000307a    00000004     (.common:iec_tx_buff)
                  0000307e    00000004     (.common:previous_block_number)
                  00003082    00000004     (.common:program_start_address)
                  00003086    00000004     (.common:template_pointer)
                  0000308a    00000004     (.common:total_active_power)
                  0000308e    00000004     (.common:total_active_power_counter)
                  00003092    00000004     (.common:total_consumed_active_energy)
                  00003096    00000004     (.common:total_consumed_reactive_energy)
                  0000309a    00000004     (.common:total_reactive_power)
                  0000309e    00000004     (.common:total_reactive_power_counter)
                  000030a2    00000004     (.common:v)
                  000030a6    00000002     emeter-background.obj (.bss:adc_v_buffer$1)
                  000030a8    00000002     (.common:CalcHeaderCRC)
                  000030aa    00000002     (.common:CurrentSlaveAddress)
                  000030ac    00000002     (.common:Frame_Received)
                  000030ae    00000002     (.common:HeaderCRC)
                  000030b0    00000002     (.common:MessageStatus)
                  000030b2    00000002     (.common:PayloadCRC)
                  000030b4    00000002     (.common:adc_interrupts)
                  000030b6    00000002     (.common:btemp)
                  000030b8    00000002     (.common:challenge_c2s_len)
                  000030ba    00000002     (.common:current_get_block_chunk_len_temp)
                  000030bc    00000002     (.common:download_finished)
                  000030be    00000002     (.common:meter_status)
                  000030c0    00000002     (.common:neutral_tamper_trip_counter)
                  000030c2    00000002     (.common:samples_per_second)
                  000030c4    00000002     (.common:security_level)
                  000030c6    00000002     (.common:vrms)
                  000030c8    00000001     (.common:ActivePowerTimer)
                  000030c9    00000001     (.common:LastDisconnectReason)
                  000030ca    00000001     (.common:LongPowerFailTimer)
                  000030cb    00000001     (.common:OverCurrentTimer)
                  000030cc    00000001     (.common:OverFrequencyTimer)
                  000030cd    00000001     (.common:OverVoltageTimer)
                  000030ce    00000001     (.common:UnderFrequencyTimer)
                  000030cf    00000001     (.common:UnderVoltageTimer)
                  000030d0    00000001     (.common:access_selector)
                  000030d1    00000001     (.common:ch)
                  000030d2    00000001     (.common:current_reversed)
                  000030d3    00000001     (.common:image_transfer_status)
                  000030d4    00000001     (.common:image_transferred_blocks_status)
                  000030d5    00000001     (.common:operating_mode)
                  000030d6    00000001     (.common:sdTemp)
                  000030d7    00000001     (.common:sdTempData)
                  000030d8    00000001     (.common:tamperLoggedStatus)
                  000030d9    00000001     (.common:temp)
                  000030da    00000001     (.common:temp_disp)
                  000030db    00000001     (.common:total_active_energy_pulse_remaining_time)
                  000030dc    00000001     (.common:total_reactive_energy_pulse_remaining_time)

.data      0    000030de    000006cc     UNINITIALIZED
                  000030de    000000a0     Tariff.obj (.data:rates)
                  0000317e    0000009a     config.obj (.data)
                  00003218    0000008a     server_msgs.obj (.data:queued_tx)
                  000032a2    0000004c     server_msgs.obj (.data:xxxx_HLS$1)
                  000032ee    00000048     Logger.obj (.data:Passwords)
                  00003336    00000036     HardwareLimits.obj (.data)
                  0000336c    00000034     Billing_Data.obj (.data:Billing_Data)
                  000033a0    00000030     SharedVariables.obj (.data)
                  000033d0    0000002e     server_msgs.obj (.data)
                  000033fe    0000002b     server_msgs.obj (.data:xxxx_LLS_NS$2)
                  00003429    00000001     --HOLE--
                  0000342a    00000028     Tariff.obj (.data:power_brakes)
                  00003452    00000022     app_server_msgs.obj (.data:currentDayProfile)
                  00003474    00000021     server_msgs.obj (.data:xxxx1$3)
                  00003495    00000001     --HOLE--
                  00003496    00000020     emeter-main.obj (.data)
                  000034b6    0000001a     app_server_msgs.obj (.data:currentEnergyLogEntry)
                  000034d0    00000019     SharedVariables.obj (.data:Device_ID_6)
                  000034e9    00000001     --HOLE--
                  000034ea    00000018     Logger.obj (.data)
                  00003502    00000015     SharedVariables.obj (.data:Device_ID_4)
                  00003517    00000001     --HOLE--
                  00003518    00000015     SharedVariables.obj (.data:Manufacturer_Name)
                  0000352d    00000001     --HOLE--
                  0000352e    00000014     config.obj (.data:authentications)
                  00003542    00000014     config.obj (.data:known_far_msap_list)
                  00003556    00000013     SharedVariables.obj (.data:Device_ID_3)
                  00003569    00000001     --HOLE--
                  0000356a    00000013     PLC_UART.obj (.data)
                  0000357d    00000001     --HOLE--
                  0000357e    00000012     Tamper.obj (.data)
                  00003590    00000012     config.obj (.data:auth2)
                  000035a2    00000011     config.obj (.data:Calendar_Name_Passive)
                  000035b3    00000001     --HOLE--
                  000035b4    00000011     LCD_C_Graphics.obj (.data)
                  000035c5    00000001     --HOLE--
                  000035c6    00000010     config.obj (.data:Calendar_Name_Active)
                  000035d6    00000010     Tariff.obj (.data)
                  000035e6    00000010     server_msgs.obj (.data:challenge_s2c)
                  000035f6    00000010     app_server_msgs.obj (.data:currentEventLogEntry)
                  00003606    0000000f     config.obj (.data:Billing_Script_Execution_Time_Template)
                  00003615    00000001     --HOLE--
                  00003616    0000000f     config.obj (.data:DiconnectControl_Script_Execution_Time)
                  00003625    00000001     --HOLE--
                  00003626    0000000f     IEC62056_UART.obj (.data)
                  00003635    00000001     --HOLE--
                  00003636    0000000f     PLC.obj (.data)
                  00003645    00000001     --HOLE--
                  00003646    0000000e     config.obj (.data:DeviceIdentifier)
                  00003654    0000000e     SharedVariables.obj (.data:Device_ID_5)
                  00003662    0000000e     config.obj (.data:Special_Days_List_Template)
                  00003670    0000000e     firmware_loader.obj (.data:firm_image)
                  0000367e    0000000e     firmware_loader.obj (.data:firm_sec)
                  0000368c    0000000d     config.obj (.data:Activate_Passive_Calendar_Time)
                  00003699    00000001     --HOLE--
                  0000369a    0000000d     SharedVariables.obj (.data:DateTimeFormat)
                  000036a7    00000001     --HOLE--
                  000036a8    0000000d     config.obj (.data:Last_MD_Rst_DT)
                  000036b5    00000001     --HOLE--
                  000036b6    0000000d     SystemISRs.obj (.data)
                  000036c3    00000001     --HOLE--
                  000036c4    0000000d     UI.obj (.data)
                  000036d1    00000001     --HOLE--
                  000036d2    0000000d     MAC_PIB.obj (.data:device_identifier)
                  000036df    00000001     --HOLE--
                  000036e0    0000000d     config.obj (.data:time_string)
                  000036ed    00000001     --HOLE--
                  000036ee    0000000c     Relay.obj (.data)
                  000036fa    0000000b     SharedVariables.obj (.data:Meter_Sr_No)
                  00003705    00000001     --HOLE--
                  00003706    0000000a     DLMS.obj (.data)
                  00003710    0000000a     emeter-rtc.obj (.data:default_time)
                  0000371a    0000000a     emeter-background.obj (.data)
                  00003724    0000000a     firmware_loader.obj (.data)
                  0000372e    00000009     MAC_PIB.obj (.data)
                  00003737    00000001     --HOLE--
                  00003738    00000008     app_server_msgs.obj (.data:currentHoliday)
                  00003740    00000008     DLMS.obj (.data:next_inactivity_timeout)
                  00003748    00000008     DLMS.obj (.data:next_octet_timeout)
                  00003750    00000007     SharedVariables.obj (.data:Device_ID_2)
                  00003757    00000001     --HOLE--
                  00003758    00000007     config.obj (.data:MACAddress)
                  0000375f    00000001     --HOLE--
                  00003760    00000007     SharedVariables.obj (.data:PLC_FW_Version)
                  00003767    00000001     --HOLE--
                  00003768    00000007     config.obj (.data:image_signature)
                  0000376f    00000001     --HOLE--
                  00003770    00000006     SharedVariables.obj (.data:Device_ID_7)
                  00003776    00000006     Configration.obj (.data:EUI)
                  0000377c    00000006     config.obj (.data:FirmwareVersionStr)
                  00003782    00000006     FixedActivities.obj (.data)
                  00003788    00000006     iec62056_46_link.obj (.data)
                  0000378e    00000005     utilities.obj (.data)
                  00003793    00000004     Schaduler.obj (.data)
                  00003797    00000003     Errors.obj (.data)
                  0000379a    00000003     emeter-rtc.obj (.data)
                  0000379d    00000001     --HOLE--
                  0000379e    00000002     Attach.obj (.data)
                  000037a0    00000002     BatteryMonitor.obj (.data)
                  000037a2    00000002     SharedVariables.obj (.data:Device_ID_8)
                  000037a4    00000002     Configration.obj (.data:LLC_DEF_DEST_LSAP)
                  000037a6    00000002     Configration.obj (.data:LLC_DEF_Node_Address)
                  000037a8    00000002     Configration.obj (.data:LLC_SOURCE_LSAP)

.no_init_ram 
*          0    000037aa    000000a4     UNINITIALIZED
                  000037aa    000000a4     config.obj (.no_init_ram)

.infoD     0    00001800    00000080     
                  00001800    00000080     Calibration.obj (.infoD)

.infoB     0    00001900    00000080     
                  00001900    00000080     LPBU.obj (.infoB)

.stack     0    00003bb0    00000050     UNINITIALIZED
                  00003bb0    00000004     rts430x_lc_rd_eabi.lib : boot.obj (.stack)
                  00003bb4    0000004c     --HOLE--

.text:_isr 
*          0    00004000    00000d08     
                  00004000    000008a0     emeter-background.obj (.text:_isr:adc_interrupt)
                  000048a0    00000134     emeter-rtc.obj (.text:_isr:one_second_ticker)
                  000049d4    000000d0     IEC62056_UART.obj (.text:_isr:USCI_A1_ISR)
                  00004aa4    000000b6     SystemISRs.obj (.text:_isr:Port_1)
                  00004b5a    00000078     Schaduler.obj (.text:_isr:TIMER2_A1_ISR)
                  00004bd2    00000074     DLMS.obj (.text:_isr:TIMER0_A0_isr)
                  00004c46    0000005a     SystemISRs.obj (.text:_isr:AUX_ISR)
                  00004ca0    00000044     PLC_UART.obj (.text:_isr:USCI_A0_ISR)
                  00004ce4    0000001a     rts430x_lc_rd_eabi.lib : boot_special.obj (.text:_isr:_c_int00_noargs_noexit)
                  00004cfe    00000008                            : isr_trap.obj (.text:_isr:__TI_ISR_TRAP)
                  00004d06    00000002     unused_interrupts_handler.obj (.text:_isr:ISR_trap)

.binit     0    00004000    00000000     

.cinit     0    0000a51a    000004f2     
                  0000a51a    000004cd     (.cinit..data.load) [load image, compression = rle]
                  0000a9e7    00000001     --HOLE-- [fill = 0]
                  0000a9e8    0000000b     (.cinit..bss.load) [load image, compression = rle]
                  0000a9f3    00000001     --HOLE-- [fill = 0]
                  0000a9f4    00000008     (__TI_handler_table)
                  0000a9fc    00000010     (__TI_cinit_table)

.init_array 
*          0    00004000    00000000     UNINITIALIZED

.text.1    0    00004d08    00002b1e     
                  00004d08    00000050     iec62056_46_link.obj (.text:hdlc_async_tx_add_body)
                  00004d58    00000050     xframe.obj (.text:process_disc_frame)
                  00004da8    00000050     Logger.obj (.text:setMinValues)
                  00004df8    0000004e     Errors.obj (.text:AddError)
                  00004e46    0000004e     LCD_C.obj (.text:clear_all_english_indicatros)
                  00004e94    0000004e     DLMS.obj (.text:init_dlms)
                  00004ee2    0000004e     LCD_C.obj (.text:show_all_english_indicatros)
                  00004f30    0000004c     eeprom_read_interface.obj (.text:InitI2C)
                  00004f7c    0000004c     emeter-toolkit.lib : flash_replace32.obj (.text:flashBackup)
                  00004fc8    0000004c     Logger.obj (.text:getMacAddress)
                  00005014    0000004c     Queue.obj (.text:queue_isFull)
                  00005060    0000004c     rts430x_lc_rd_eabi.lib : fs_toul.obj (.text)
                  000050ac    0000004c     UI.obj (.text:testKey)
                  000050f8    0000004c     config.obj (.text:updateBlocksStatus)
                  00005144    0000004a     Tariff.obj (.text:CalculateBilling)
                  0000518e    0000004a     SharedVariables.obj (.text:changeDeviceId5)
                  000051d8    0000004a     SharedVariables.obj (.text:changeDeviceId6)
                  00005222    0000004a     SharedVariables.obj (.text:changeDeviceId7)
                  0000526c    0000004a     uart_comms.obj (.text:configure_uart_port)
                  000052b6    0000004a     config.obj (.text:getSetDeviceIdentifier)
                  00005300    0000004a     config.obj (.text:getSetMacAddress)
                  0000534a    0000004a     rts430x_lc_rd_eabi.lib : fs_cmp.obj (.text)
                  00005394    0000004a     Logger.obj (.text:setLogicDeviceName)
                  000053de    0000004a     Logger.obj (.text:updatateFirwmareBlockStatus)
                  00005428    00000048     I2C2EEPROM.obj (.text:EEPROM2_WriteNextLong)
                  00005470    00000048     I2C2.obj (.text:I2C2WriteInt8)
                  000054b8    00000048     SharedVariables.obj (.text:changeDeviceId2)
                  00005500    00000048     SharedVariables.obj (.text:changeDeviceId4)
                  00005548    00000048     SharedVariables.obj (.text:changeDeviceId8)
                  00005590    00000048     SharedVariables.obj (.text:changeMeterSerialNumber)
                  000055d8    00000048     config.obj (.text:reset_alarms)
                  00005620    00000046     server_msgs.obj (.text:check_context_name)
                  00005666    00000046     Logger.obj (.text:setLastLogAddress)
                  000056ac    00000044     Schaduler.obj (.text:ScaduleTask)
                  000056f0    00000044     SharedVariables.obj (.text:changeTimeThresholdLongPowerFaile)
                  00005734    00000044     Schaduler.obj (.text:executeTasks)
                  00005778    00000044     emeter-rtc.obj (.text:get_weekday)
                  000057bc    00000044     emeter-rtc.obj (.text:init_rtc)
                  00005800    00000044     emeter-rtc.obj (.text:is_time_valid)
                  00005844    00000044     emeter-foreground.obj (.text:voltage)
                  00005888    00000044     Logger.obj (.text:writeImageIdentifier)
                  000058cc    00000042     I2C2.obj (.text:I2C2GenerateStartCondition)
                  0000590e    00000042     I2C2.obj (.text:I2C2ReadInt8)
                  00005950    00000042     emeter-main.obj (.text:ProcessDiagnosisResult)
                  00005992    00000042     Tamper.obj (.text:initTamper)
                  000059d4    00000042     EthioCalender.obj (.text:mod)
                  00005a16    00000042     LCD_C.obj (.text:show_all_non_uint_indicators)
                  00005a58    00000040     MAC_PIB.obj (.text:Get_Mac_PIB_TimedOut)
                  00005a98    00000040     PLC.obj (.text:InitPLC)
                  00005ad8    00000040     hal_pmm.obj (.text:SetVCore)
                  00005b18    00000040     rts430x_lc_rd_eabi.lib : asr64.obj (.text:__mspabi_srall)
                  00005b58    00000040     uart_comms.obj (.text:change_uart_a1_to_7e1_x_bd)
                  00005b98    00000040     iec62056_46_link.obj (.text:hdlc_async_tx_build)
                  00005bd8    00000040     iec62056_46_link.obj (.text:iec62056_46_link_init)
                  00005c18    00000040     Logger.obj (.text:isMFormatRequired)
                  00005c58    00000040     DLMS.obj (.text:process_dlms_frame)
                  00005c98    00000040     Queue.obj (.text:queue_dequeue)
                  00005cd8    00000040     Queue.obj (.text:queue_enqueue)
                  00005d18    00000040     rts430x_lc_rd_eabi.lib : div32s.obj (.text)
                  00005d58    00000040     Logger.obj (.text:setCurrentBalance)
                  00005d98    00000040     Logger.obj (.text:setRelayStatus)
                  00005dd8    0000003e     Logger.obj (.text:EEPROM_reformatImageTransferStatusBytes)
                  00005e16    0000003e     app_server_msgs.obj (.text:Obj_Event_Log_reset)
                  00005e54    0000003e     app_server_msgs.obj (.text:Obj_Load_Profile_reset)
                  00005e92    0000003e     LCD_C.obj (.text:clear_all_amharic_indicators)
                  00005ed0    0000003e     emeter-toolkit.lib : isqrt32.obj (.text)
                  00005f0e    0000003e     emeter-foreground.obj (.text:frequency)
                  00005f4c    0000003e     rts430x_lc_rd_eabi.lib : asr32.obj (.text:l_asr_const)
                  00005f8a    0000003e                            : lsl32.obj (.text:l_lsl_const)
                  00005fc8    0000003e                            : lsr32.obj (.text:l_lsr_const)
                  00006006    0000003e     LCD_C.obj (.text:show_all_amharic_indicators)
                  00006044    0000003e     Tariff.obj (.text:writeDailyProfilePassive_dlms)
                  00006082    0000003c     server_msgs.obj (.text:extract_cosem_asn1)
                  000060be    0000003c     Logger.obj (.text:getBackToAutoModeTime)
                  000060fa    0000003c     Logger.obj (.text:getLastLogAddress)
                  00006136    0000003a     I2C2.obj (.text:I2C2GenerateStopCondition)
                  00006170    0000003a     rts430x_lc_rd_eabi.lib : lsl64.obj (.text:__mspabi_sllll)
                  000061aa    0000003a                            : lsr64.obj (.text:__mspabi_srlll)
                  000061e4    0000003a     uart_comms.obj (.text:change_uart_a1_to_8n1_x_bd)
                  0000621e    0000003a     iec62056_46_link.obj (.text:hdlc_async_tx_add_header)
                  00006258    0000003a     iec62056_46_link.obj (.text:iec62056_46_check_and_set_far_msap)
                  00006292    00000038     Logger.obj (.text:setPowerBreaks)
                  000062ca    00000038     Logger.obj (.text:setRate)
                  00006302    00000036     SharedVariables.obj (.text:changeDeviceId3)
                  00006338    00000036     SharedVariables.obj (.text:changeTimeThresholdVoltageSag)
                  0000636e    00000036     SharedVariables.obj (.text:changeTimeThresholdVoltageSwell)
                  000063a4    00000036     Tariff.obj (.text:loadDailyProfile)
                  000063da    00000036     Tariff.obj (.text:loadDailyProfilePassive)
                  00006410    00000036     packing.obj (.text:pack32)
                  00006446    00000036     packing.obj (.text:unpack32)
                  0000647c    00000034     hal_UCS.obj (.text:Init_FLL_Settle)
                  000064b0    00000034     UI.obj (.text:SecondBeeps)
                  000064e4    00000034     config.obj (.text:changeDisplayScrollTime)
                  00006518    00000034     emeter-toolkit.lib : rtc.obj (.text:check_rtc_sumcheck)
                  0000654c    00000034     emeter-setup.obj (.text:disable_analog_front_end)
                  00006580    00000034     emeter-toolkit.lib : dc_filter16.obj (.text)
                  000065b4    00000034     emeter-foreground.obj (.text:set_phase_correction)
                  000065e8    00000032     Schaduler.obj (.text:CancelTask2)
                  0000661a    00000032     rts430x_lc_rd_eabi.lib : fs_ultof.obj (.text)
                  0000664c    00000030     LCD_C_Graphics.obj (.text:ClearTamper_c)
                  0000667c    00000030     LCD_C_Graphics.obj (.text:ShowTamper_c)
                  000066ac    00000030     Logger.obj (.text:compare_energy)
                  000066dc    00000030     Logger.obj (.text:compare_event)
                  0000670c    00000030     Logger.obj (.text:getEnergyOverlapFlag)
                  0000673c    00000030     Logger.obj (.text:setBlob)
                  0000676c    00000030     emeter-foreground.obj (.text:set_sd16_phase_correction)
                  0000679c    0000002e     config.obj (.text:Access_Billing_Script_Execution_Time)
                  000067ca    0000002e     config.obj (.text:get_Special_Days_List)
                  000067f8    0000002e     FixedActivities.obj (.text:per_minute_activity)
                  00006826    0000002e     EthioCalender.obj (.text:quotient)
                  00006854    0000002c     config.obj (.text:Access_Day_Profile_Table)
                  00006880    0000002c     config.obj (.text:Access_Day_Profile_Table_Passive)
                  000068ac    0000002c     IEC62056_UART.obj (.text:IEC_Start_SendBuffer)
                  000068d8    0000002c     SharedVariables.obj (.text:changeNumberOfLongPowerFailes)
                  00006904    0000002c     Logger.obj (.text:getEnergyLogTime)
                  00006930    0000002c     Logger.obj (.text:getPowerBreaks)
                  0000695c    0000002c     Logger.obj (.text:getRate)
                  00006988    0000002c     rts430x_lc_rd_eabi.lib : div16s.obj (.text)
                  000069b4    0000002c     Logger.obj (.text:write_to_eeprom)
                  000069e0    0000002a     Attach.obj (.text:AttachTimedOut)
                  00006a0a    0000002a     PLC.obj (.text:CRC16_UpdateChecksum)
                  00006a34    0000002a     I2C2.obj (.text:PollACK2)
                  00006a5e    0000002a     UI.obj (.text:checkConfigrationPortsStatus)
                  00006a88    0000002a     Tariff.obj (.text:getRateStartIndex)
                  00006ab2    0000002a     iec62056_46_link.obj (.text:hdlc_async_rx_init)
                  00006adc    0000002a     Logger.obj (.text:setAutoDisplayTime)
                  00006b06    0000002a     Logger.obj (.text:setBackToAutoModeTime)
                  00006b30    0000002a     Logger.obj (.text:setConsumptionSinceLastBilling)
                  00006b5a    0000002a     Logger.obj (.text:setFirmwareVersion)
                  00006b84    0000002a     Logger.obj (.text:setTempLastEnergyValue)
                  00006bae    00000028     hal_UCS.obj (.text:LFXT_Start)
                  00006bd6    00000028     Errors.obj (.text:RemoveError)
                  00006bfe    00000026     UI.obj (.text:ToggleBuzzer2)
                  00006c24    00000026     LCD_C.obj (.text:init_lcd_c)
                  00006c4a    00000026     rts430x_lc_rd_eabi.lib : memcmp.obj (.text:memcmp)
                  00006c70    00000026     Logger.obj (.text:setEnergyOverlapFlag)
                  00006c96    00000024     PLC_UART.obj (.text:PLC_Start_SendBuffer)
                  00006cba    00000024     SharedVariables.obj (.text:changeLoadProfileCapturePeriod)
                  00006cde    00000024     Logger.obj (.text:getBlob)
                  00006d02    00000024     utilities.obj (.text:getCheckSum)
                  00006d26    00000024     Logger.obj (.text:getTamperCount)
                  00006d4a    00000024     rts430x_lc_rd_eabi.lib : fs_utof.obj (.text)
                  00006d6e    00000024                            : mult32_f5hw.obj (.text)
                  00006d92    00000024     Logger.obj (.text:setTamperCount)
                  00006db6    00000022     MAC_PIB.obj (.text:KeepAlive)
                  00006dd8    00000022     LCD_C.obj (.text:clear_all_units)
                  00006dfa    00000022     DLMS.obj (.text:current_time)
                  00006e1c    00000022     LCD_C.obj (.text:show_all_units)
                  00006e3e    00000022     Logger.obj (.text:writeImageSize)
                  00006e60    00000022     Logger.obj (.text:writePreviousImageNumber)
                  00006e82    00000020     config.obj (.text:Capture_Billing_Profile_Data)
                  00006ea2    00000020     config.obj (.text:Capture_Instantaneous_EnergyProfile_Data)
                  00006ec2    00000020     config.obj (.text:Capture_Instantaneous_Profile_Data)
                  00006ee2    00000020     emeter-toolkit.lib : flash_clr.obj (.text:flash_clr)
                  00006f02    00000020     Logger.obj (.text:readFirwmareBlockStatus)
                  00006f22    00000020     emeter-toolkit.lib : rtc.obj (.text:set_rtc_sumcheck)
                  00006f42    0000001e     app_server_msgs.obj (.text:Disconnect_script_execute)
                  00006f60    0000001e     System_Info.obj (.text:GetSystemInfoRequest)
                  00006f7e    0000001e     TI_aes.obj (.text:aes_decrypt)
                  00006f9c    0000001e     TI_aes.obj (.text:aes_encrypt)
                  00006fba    0000001e     LCD_C.obj (.text:clear_all_non_uint_indicators)
                  00006fd8    0000001e     iec62056_46_link.obj (.text:finalise_and_send_frame)
                  00006ff6    0000001e     Logger.obj (.text:getAutoDisplayTime)
                  00007014    0000001e     Logger.obj (.text:getBillingSchema)
                  00007032    0000001e     Logger.obj (.text:getLanguageSelection)
                  00007050    0000001e     Logger.obj (.text:getMeterConnectedPhase)
                  0000706e    0000001e     Logger.obj (.text:getOperatingMode)
                  0000708c    0000001e     iec62056_46_link.obj (.text:hdlc_async_tx_build_iframe_chunk_add)
                  000070aa    0000001e     Queue.obj (.text:queue_isEmpty)
                  000070c8    0000001e     Logger.obj (.text:setBillingCutOffLogOverlapFlag)
                  000070e6    0000001e     Logger.obj (.text:setBillingSchema)
                  00007104    0000001e     Logger.obj (.text:setEnergyLogTime)
                  00007122    0000001e     Logger.obj (.text:setEventOverlapFlag)
                  00007140    0000001e     Logger.obj (.text:setLanguageSelection)
                  0000715e    0000001e     Logger.obj (.text:setMeterConnectedPhase)
                  0000717c    0000001e     Logger.obj (.text:setOperatingMode)
                  0000719a    0000001c     Tamper.obj (.text:ProcessTamperUC)
                  000071b6    0000001c     rts430x_lc_rd_eabi.lib : mult1632_f5hw.obj (.text:__mpysl)
                  000071d2    0000001c     config.obj (.text:getSetOperatingMode)
                  000071ee    0000001c     iec62056_46_link.obj (.text:hdlc_async_tx_init)
                  0000720a    0000001c     iec62056_46_link.obj (.text:iec62056_46_link_idle_timeout)
                  00007226    0000001c     xframe.obj (.text:process_dm_frame)
                  00007242    0000001c     EthioCalender.obj (.text:toEthioCalender)
                  0000725e    0000001a     I2C2.obj (.text:I2C2RequestTx)
                  00007278    0000001a     iec62056_46_link.obj (.text:crc_itu16)
                  00007292    0000001a     emeter-toolkit.lib : sqac48_16.obj (.text)
                  000072ac    0000001a     Errors.obj (.text:init_ErrorList)
                  000072c6    0000001a     packing.obj (.text:pack16)
                  000072e0    0000001a     PLC.obj (.text:wait_StatusAsync)
                  000072fa    00000018     config.obj (.text:calibrateIMeter)
                  00007312    00000018     config.obj (.text:calibratePMeter)
                  0000732a    00000018     config.obj (.text:calibrateVMeter)
                  00007342    00000018     emeter-toolkit.lib : flash_secure.obj (.text:flash_secure)
                  0000735a    00000018     TI_aes.obj (.text:galois_mul2)
                  00007372    00000018     rts430x_lc_rd_eabi.lib : mult16_f5hw.obj (.text)
                  0000738a    00000018     server_msgs.obj (.text:send_get_response_block)
                  000073a2    00000018     LCD_C_Graphics.obj (.text:swtch_to_auto_mode_c)
                  000073ba    00000016     UI.obj (.text:BeepBuzzer)
                  000073d0    00000016     PLC.obj (.text:CRC16_BlockChecksum)
                  000073e6    00000016     LCD_C_Graphics.obj (.text:InitGLCD_c)
                  000073fc    00000016     Schaduler.obj (.text:Init_Scheduler)
                  00007412    00000016     PLC_UART.obj (.text:ResetPLC_StateFlow)
                  00007428    00000016     I2C2.obj (.text:Slave_Address)
                  0000743e    00000016     iec62056_46_link.obj (.text:hdlc_async_rx_end_in_hdr)
                  00007454    00000016     rts430x_lc_rd_eabi.lib : llabs.obj (.text:llabs)
                  0000746a    00000016                            : memset.obj (.text:memset)
                  00007480    00000016     server_msgs.obj (.text:process_event_notification_request)
                  00007496    00000016     Queue.obj (.text:queue_reinit)
                  000074ac    00000016     rts430x_lc_rd_eabi.lib : div16u.obj (.text)
                  000074c2    00000014     PLC_UART.obj (.text:AddtoTXBuffer)
                  000074d6    00000014     IEC62056_UART.obj (.text:IEC_AddtoTXBuffer)
                  000074ea    00000014     I2C2.obj (.text:__delay)
                  000074fe    00000014     I2C2EEPROM.obj (.text:eeprom_write)
                  00007512    00000014     server_msgs.obj (.text:extract_ber_field)
                  00007526    00000014     rts430x_lc_rd_eabi.lib : memcpy.obj (.text:memcpy)
                  0000753a    00000012     config.obj (.text:Access_Disconnect_Scripts)
                  0000754c    00000012     config.obj (.text:Access_GlobalReset_Scripts)
                  0000755e    00000012     config.obj (.text:Access_Season_Profile)
                  00007570    00000012     config.obj (.text:Access_Tariff_Scripts)
                  00007582    00000012     config.obj (.text:Access_Week_Profile_Table)
                  00007594    00000012     I2C2.obj (.text:BussIdeal2)
                  000075a6    00000012     I2C2.obj (.text:I2C2Init)
                  000075b8    00000012     Tamper.obj (.text:ProcessTamperLC)
                  000075ca    00000012     Relay.obj (.text:ResetRelayPort)
                  000075dc    00000012     UI.obj (.text:ToggleBuzzer)
                  000075ee    00000012     UI.obj (.text:UpadateErrorIndicators)
                  00007600    00000012     app_server_msgs.obj (.text:change_hls_secret_HS)
                  00007612    00000012     app_server_msgs.obj (.text:change_hls_secret_LS)
                  00007624    00000012     app_server_msgs.obj (.text:change_hls_secret_NS)
                  00007636    00000012     rts430x_lc_rd_eabi.lib : copy_decompress_none.obj (.text:decompress:none:__TI_decompress_none)
                  00007648    00000012     Tamper.obj (.text:initTampperSwitchs)
                  0000765a    00000012     Schaduler.obj (.text:startSchaduler)
                  0000766c    00000010     UI.obj (.text:KeyRealeased_org)
                  0000767c    00000010     SystemISRs.obj (.text:Reset_System)
                  0000768c    00000010     TI_aes.obj (.text:aes_enc_dec)
                  0000769c    00000010     config.obj (.text:getimage_transferred_blocks_status)
                  000076ac    00000010     rts430x_lc_rd_eabi.lib : asr32.obj (.text:l_asr)
                  000076bc    00000010                            : lsl32.obj (.text:l_lsl)
                  000076cc    00000010                            : lsr32.obj (.text:l_lsr)
                  000076dc    0000000e                            : labs.obj (.text:labs)
                  000076ea    0000000e     PLC.obj (.text:otherPLCRequestsTimeOut)
                  000076f8    0000000c     UI.obj (.text:BuzzerOn)
                  00007704    0000000c     iec62056_46_link.obj (.text:hdlc_async_tx_add_hdr_crc)
                  00007710    0000000c     Schaduler.obj (.text:stopSchaduler)
                  0000771c    0000000c     packing.obj (.text:unpack16)
                  00007728    0000000a     UI.obj (.text:BuzzerOff)
                  00007732    0000000a     I2C2EEPROM.obj (.text:DisableEEPROM2PORT)
                  0000773c    0000000a     IEC62056_UART.obj (.text:IEC_resetTXBuffer)
                  00007746    0000000a     UI.obj (.text:KeyRealeased)
                  00007750    0000000a     rts430x_lc_rd_eabi.lib : abs.obj (.text:abs)
                  0000775a    0000000a     iec62056_46_link.obj (.text:iec62056_46_rx_timeout)
                  00007764    0000000a     iec62056_46_link.obj (.text:iec62056_46_set_far_msap)
                  0000776e    0000000a     Tariff.obj (.text:per_day_activity)
                  00007778    0000000a     app_server_msgs.obj (.text:remote_disconnect)
                  00007782    0000000a     app_server_msgs.obj (.text:remote_reconnect)
                  0000778c    0000000a     rts430x_lc_rd_eabi.lib : lsl16.obj (.text)
                  00007796    0000000a                            : lsr16.obj (.text)
                  000077a0    00000008     UI.obj (.text:EnergyLedOff)
                  000077a8    00000008     UI.obj (.text:EnergyLedOn)
                  000077b0    00000008     UI.obj (.text:RedLedOff)
                  000077b8    00000008     UI.obj (.text:RedLedOn)
                  000077c0    00000006     rts430x_lc_rd_eabi.lib : exit.obj (.text:abort)
                  000077c6    00000006     LCD_C.obj (.text:all_segments_off)
                  000077cc    00000006     rts430x_lc_rd_eabi.lib : copy_decompress_rle.obj (.text:decompress:rle24:__TI_decompress_rle24)
                  000077d2    00000006     IEC62056_UART.obj (.text:disableIEC_UART)
                  000077d8    00000006     PLC_UART.obj (.text:disablePLC_UART)
                  000077de    00000006     config.obj (.text:image_activate)
                  000077e4    00000006     config.obj (.text:image_verify)
                  000077ea    00000006     LCD_C_Graphics.obj (.text:switch_to_manual_mode_c)
                  000077f0    00000006     emeter-toolkit.lib : rtc.obj (.text:weekday)
                  000077f6    00000004     rts430x_lc_rd_eabi.lib : pre_init.obj (.text:_system_pre_init)
                  000077fa    00000004     DLMS.obj (.text:dl_disconnect_indication)
                  000077fe    00000002     Detach.obj (.text:Detach_Confirm)
                  00007800    00000002     PHY_PIB.obj (.text:GET_PHY_PIB_rep)
                  00007802    00000002     System_Info.obj (.text:GetSystemInfoResponse)
                  00007804    00000002     app_server_msgs.obj (.text:GlobalReset_script_execute)
                  00007806    00000002     app_server_msgs.obj (.text:Obj_Event_Log_capture)
                  00007808    00000002     app_server_msgs.obj (.text:Obj_Load_Profile_capture)
                  0000780a    00000002     rts430x_lc_rd_eabi.lib : startup.obj (.text:_system_post_cinit)
                  0000780c    00000002     app_server_msgs.obj (.text:activate_passive_calendar)
                  0000780e    00000002     app_server_msgs.obj (.text:add_object)
                  00007810    00000002     app_server_msgs.obj (.text:billing_script_execute)
                  00007812    00000002     Data_Transfer.obj (.text:dataTransferTimedout)
                  00007814    00000002     app_server_msgs.obj (.text:delete_special_day)
                  00007816    00000002     DLMS.obj (.text:dl_connect_confirm)
                  00007818    00000002     config.obj (.text:getSetFwVersion)
                  0000781a    00000002     DLMS.obj (.text:iec62056_46_link_idle_restart)
                  0000781c    00000002     app_server_msgs.obj (.text:insert_special_day)
                  0000781e    00000002     xframe.obj (.text:process_frmr_frame)
                  00007820    00000002     xframe.obj (.text:process_ui_frame)
                  00007822    00000002     app_server_msgs.obj (.text:remove_object)
                  00007824    00000002     app_server_msgs.obj (.text:tariff_script_execute)

.const     0    00007826    00002cf4     
                  00007826    000007f8     config.obj (.const:object_list)
                  0000801e    00000200     iec62056_46_link.obj (.const:crc_itu16_table)
                  0000821e    00000200     PLC.obj (.const:crctable)
                  0000841e    00000200     emeter-fir-table.obj (.const:fir_coeffs)
                  0000861e    00000100     TI_aes.obj (.const:.string:rsbox)
                  0000871e    00000100     TI_aes.obj (.const:.string:sbox)
                  0000881e    000000ed     config.obj (.const:.string:Instantaneous_Values_Capture_Objects)
                  0000890b    00000001     --HOLE-- [fill = 0]
                  0000890c    000000a5     config.obj (.const:.string:Billing_Profile_Capture_Objects)
                  000089b1    00000001     --HOLE-- [fill = 0]
                  000089b2    00000093     config.obj (.const:.string:Instantaneous_Energy_Capture_Objects2)
                  00008a45    00000001     --HOLE-- [fill = 0]
                  00008a46    00000093     config.obj (.const:.string:Load_Profile_Capture_Objects)
                  00008ad9    00000001     --HOLE-- [fill = 0]
                  00008ada    0000008c     config.obj (.const:Obj_Activity_Calendar)
                  00008b66    0000007e     config.obj (.const:Obj_HDLC_Setup)
                  00008be4    0000007e     config.obj (.const:clock_attrs)
                  00008c62    00000070     config.obj (.const:Obj_Billing_Profile)
                  00008cd2    00000070     config.obj (.const:Obj_Instantaneous_Energy_Values)
                  00008d42    00000070     config.obj (.const:Obj_Instantaneous_Values_buff)
                  00008db2    00000070     config.obj (.const:Obj_Load_Profile)
                  00008e22    00000070     config.obj (.const:Obj_StandardEventLog)
                  00008e92    00000070     config.obj (.const:ln_40_attrs_HS)
                  00008f02    00000070     config.obj (.const:ln_40_attrs_HS_FC)
                  00008f72    00000070     config.obj (.const:ln_40_attrs_LS)
                  00008fe2    00000070     config.obj (.const:ln_40_attrs_NS)
                  00009052    00000062     config.obj (.const:Obj_ImageTransfer)
                  000090b4    00000059     config.obj (.const)
                  0000910d    00000001     --HOLE-- [fill = 0]
                  0000910e    00000056     config.obj (.const:.string:sap_list)
                  00009164    00000052     config.obj (.const:.string:Day_Profile_Table_Passive_Template)
                  000091b6    00000052     config.obj (.const:.string:Day_Profile_Table_Template)
                  00009208    0000004a     config.obj (.const:.string:Instantanious_Profile_Buffer_Template2)
                  00009252    00000048     Logger.obj (.const:default_keys)
                  0000929a    00000048     Logger.obj (.const:default_passwords)
                  000092e2    00000041     config.obj (.const:.string:Billing_Profile_Buffer_Template)
                  00009323    00000001     --HOLE-- [fill = 0]
                  00009324    00000038     config.obj (.const:Obj_Billing_Schedule)
                  0000935c    00000038     config.obj (.const:Obj_DiconnectControl_Schedule)
                  00009394    00000038     config.obj (.const:Obj_DisconnectControl)
                  000093cc    00000038     config.obj (.const:Obj_Previous_switch_State)
                  00009404    00000038     config.obj (.const:Obj_Prime_PLC_FW_Version)
                  0000943c    00000036     config.obj (.const:.string:Disconnect_Scripts_Table)
                  00009472    00000036     config.obj (.const:.string:Tariff_Scripts_Dummy)
                  000094a8    00000033     config.obj (.const:.string:Instantanious_EnergyProfile_Buffer_Template2)
                  000094db    00000001     --HOLE-- [fill = 0]
                  000094dc    00000030     config.obj (.const:.string:Load_Profile_Buffer_Template)
                  0000950c    0000002a     config.obj (.const:ObjClock_Time_Shift_Event_Limit)
                  00009536    0000002a     config.obj (.const:Obj_Active_Demand_Control_Threshold)
                  00009560    0000002a     config.obj (.const:Obj_Active_Power_Negative)
                  0000958a    0000002a     config.obj (.const:Obj_Active_Power_Positive)
                  000095b4    0000002a     config.obj (.const:Obj_CalibrateCMeter)
                  000095de    0000002a     config.obj (.const:Obj_CalibratePMeter)
                  00009608    0000002a     config.obj (.const:Obj_CalibrateVMeter)
                  00009632    0000002a     config.obj (.const:Obj_Clock_Time_Shift_Invalid_Event)
                  0000965c    0000002a     config.obj (.const:Obj_CurrentBalance2)
                  00009686    0000002a     config.obj (.const:Obj_Demand_close_to_contract_power)
                  000096b0    0000002a     config.obj (.const:Obj_DurationOfAllLongPowerFailes)
                  000096da    0000002a     config.obj (.const:Obj_ExportActivePowerThreshold)
                  00009704    0000002a     config.obj (.const:Obj_Frequency)
                  0000972e    0000002a     config.obj (.const:Obj_ImportActivePowerThreshold)
                  00009758    0000002a     config.obj (.const:Obj_Instantanious_Current_L1)
                  00009782    0000002a     config.obj (.const:Obj_Instantanious_Power_Factor_Avarage)
                  000097ac    0000002a     config.obj (.const:Obj_Instantanious_Voltage_L1)
                  000097d6    0000002a     config.obj (.const:Obj_KVA_Total)
                  00009800    0000002a     config.obj (.const:Obj_NeutralCurrent)
                  0000982a    0000002a     config.obj (.const:Obj_PF_R)
                  00009854    0000002a     config.obj (.const:Obj_Reactive_Energy_QI)
                  0000987e    0000002a     config.obj (.const:Obj_Reactive_Energy_QII)
                  000098a8    0000002a     config.obj (.const:Obj_Reactive_Energy_QIII)
                  000098d2    0000002a     config.obj (.const:Obj_Reactive_Energy_QIII_SO2)
                  000098fc    0000002a     config.obj (.const:Obj_Reactive_Energy_QII_SO2)
                  00009926    0000002a     config.obj (.const:Obj_Reactive_Energy_QIV)
                  00009950    0000002a     config.obj (.const:Obj_Reactive_Energy_QIV_SO2)
                  0000997a    0000002a     config.obj (.const:Obj_Reactive_Energy_QI_SO2)
                  000099a4    0000002a     config.obj (.const:Obj_Reactive_Power_Negative)
                  000099ce    0000002a     config.obj (.const:Obj_Reactive_Power_Positive)
                  000099f8    0000002a     config.obj (.const:Obj_ResetAlarm)
                  00009a22    0000002a     config.obj (.const:Obj_Scroll_Display_Time)
                  00009a4c    0000002a     config.obj (.const:Obj_ThresholdLongPowerFaile)
                  00009a76    0000002a     config.obj (.const:Obj_ThresholdVoltageSage)
                  00009aa0    0000002a     config.obj (.const:Obj_ThresholdVoltageSwell)
                  00009aca    0000002a     config.obj (.const:Obj_TimeThresholdLongPowerFaile)
                  00009af4    0000002a     config.obj (.const:Obj_TimeThresholdVoltageSag)
                  00009b1e    0000002a     config.obj (.const:Obj_TimeThresholdVoltageSwell)
                  00009b48    0000002a     config.obj (.const:Obj_Total_Active_Energy_Export)
                  00009b72    0000002a     config.obj (.const:Obj_Total_Active_Energy_Export_SO2)
                  00009b9c    0000002a     config.obj (.const:Obj_Total_Active_Energy_Import)
                  00009bc6    0000002a     config.obj (.const:Obj_Total_Active_Energy_Import_SO2)
                  00009bf0    0000002a     config.obj (.const:Obj_Voltage_Referance)
                  00009c1a    00000027     config.obj (.const:.string:Standard_Event_Log_Objects)
                  00009c41    00000001     --HOLE-- [fill = 0]
                  00009c42    00000026     config.obj (.const:.string:Season_Profile_Dummy)
                  00009c68    00000020     config.obj (.const:Obj_ImageTransfer_Methods)
                  00009c88    00000020     config.obj (.const:ln_40_methods_HS)
                  00009ca8    00000020     config.obj (.const:ln_40_methods_HS_FC)
                  00009cc8    00000020     config.obj (.const:ln_40_methods_LS)
                  00009ce8    00000020     config.obj (.const:ln_40_methods_NS)
                  00009d08    0000001c     config.obj (.const:.string:Billing_Script)
                  00009d24    0000001c     config.obj (.const:.string:GlobalReset_Scripts_Table)
                  00009d40    0000001c     config.obj (.const:.string:Week_Profile_Table_Dummy)
                  00009d5c    0000001c     config.obj (.const:Obj_ActiveQuadrant)
                  00009d78    0000001c     config.obj (.const:Obj_Billing_Script_Table)
                  00009d94    0000001c     config.obj (.const:Obj_Clock_Time_Shift_Event_Limit)
                  00009db0    0000001c     config.obj (.const:Obj_Cum_MD_Reset_Count)
                  00009dcc    0000001c     config.obj (.const:Obj_Cum_Prog_Count)
                  00009de8    0000001c     config.obj (.const:Obj_Cum_Tamper_Count)
                  00009e04    0000001c     config.obj (.const:Obj_Currently_Active_Tariff)
                  00009e20    0000001c     config.obj (.const:Obj_DateTime_Format)
                  00009e3c    0000001c     config.obj (.const:Obj_Demand_Integration_Period)
                  00009e58    0000001c     config.obj (.const:Obj_DeviceIdentifier)
                  00009e74    0000001c     config.obj (.const:Obj_Device_ID_2)
                  00009e90    0000001c     config.obj (.const:Obj_Device_ID_3)
                  00009eac    0000001c     config.obj (.const:Obj_Device_ID_4)
                  00009ec8    0000001c     config.obj (.const:Obj_Device_ID_5)
                  00009ee4    0000001c     config.obj (.const:Obj_Device_ID_6)
                  00009f00    0000001c     config.obj (.const:Obj_Device_ID_7)
                  00009f1c    0000001c     config.obj (.const:Obj_Device_ID_8)
                  00009f38    0000001c     config.obj (.const:Obj_Disconnet_Script_Table)
                  00009f54    0000001c     config.obj (.const:Obj_ErrorObject)
                  00009f70    0000001c     config.obj (.const:Obj_ExportActivePowerOverThrStatus)
                  00009f8c    0000001c     config.obj (.const:Obj_FirmwareVersion)
                  00009fa8    0000001c     config.obj (.const:Obj_GlobalReset_Script_Table)
                  00009fc4    0000001c     config.obj (.const:Obj_ImportActivePowerOverThrStatus)
                  00009fe0    0000001c     config.obj (.const:Obj_Last_MD_Rst_DT)
                  00009ffc    0000001c     config.obj (.const:Obj_MacAddress)
                  0000a018    0000001c     config.obj (.const:Obj_Meter_Sr_No)
                  0000a034    0000001c     config.obj (.const:Obj_NumberOfLongPowerFails)
                  0000a050    0000001c     config.obj (.const:Obj_OpearatingMode)
                  0000a06c    0000001c     config.obj (.const:Obj_Phase_Presence)
                  0000a088    0000001c     config.obj (.const:Obj_Prime_Device_Setup)
                  0000a0a4    0000001c     config.obj (.const:Obj_Profile_Capture_Period)
                  0000a0c0    0000001c     config.obj (.const:Obj_Special_Days)
                  0000a0dc    0000001c     config.obj (.const:Obj_StandardEventItem)
                  0000a0f8    0000001c     config.obj (.const:Obj_Tariff_Script_Table)
                  0000a114    0000001c     config.obj (.const:Obj_TransformerRatio_CurrentDen)
                  0000a130    0000001c     config.obj (.const:Obj_TransformerRatio_CurrentNum)
                  0000a14c    0000001c     config.obj (.const:Obj_TransformerRatio_VoltageDen)
                  0000a168    0000001c     config.obj (.const:Obj_TransformerRatio_VoltageNum)
                  0000a184    0000001c     config.obj (.const:sap_41_attrs)
                  0000a1a0    0000001a     config.obj (.const:.string:image_to_activate_info)
                  0000a1ba    0000001a     config.obj (.const:Instantanious_Profile_Column_Szs2)
                  0000a1d4    00000017     iec62056_46_link.obj (.const:.string:body$1)
                  0000a1eb    00000001     --HOLE-- [fill = 0]
                  0000a1ec    00000016     emeter-main.obj (.const:$P$T0$2)
                  0000a202    00000016     PLC.obj (.const:$P$T1$1)
                  0000a218    00000016     Logger.obj (.const:$P$T3$4)
                  0000a22e    00000016     config.obj (.const:Day_Profile_Table_Column_Szs)
                  0000a244    00000013     config.obj (.const:.string:context_info)
                  0000a257    00000001     --HOLE-- [fill = 0]
                  0000a258    00000012     config.obj (.const:.string:Billing_Profile_Sort_Object)
                  0000a26a    00000012     config.obj (.const:.string:Instantaneous_Energy_Sort_Object)
                  0000a27c    00000012     config.obj (.const:.string:Instantaneous_Values_Sort_Object)
                  0000a28e    00000012     config.obj (.const:.string:Load_Profile_Sort_Object)
                  0000a2a0    00000012     config.obj (.const:.string:Standard_Event_Log_Template)
                  0000a2b2    00000012     config.obj (.const:Billing_Profile_Column_Szs)
                  0000a2c4    00000010     config.obj (.const:Bbj_Special_days_Method)
                  0000a2d4    00000010     config.obj (.const:Instantanious_EnergyProfile_Column_Szs2)
                  0000a2e4    00000010     config.obj (.const:Load_Profile_Column_Szs)
                  0000a2f4    00000010     config.obj (.const:Obj_Balance_Methods)
                  0000a304    00000010     config.obj (.const:Obj_Connect_Methods)
                  0000a314    00000010     config.obj (.const:Obj_Event_Log_Methods)
                  0000a324    00000010     config.obj (.const:Obj_Load_Profile_Methods)
                  0000a334    0000000d     config.obj (.const:.string:$P$T0$1)
                  0000a341    00000001     --HOLE-- [fill = 0]
                  0000a342    0000000d     config.obj (.const:.string:$P$T1$2)
                  0000a34f    00000001     --HOLE-- [fill = 0]
                  0000a350    0000000d     config.obj (.const:.string:Executed_Billing_Script)
                  0000a35d    00000001     --HOLE-- [fill = 0]
                  0000a35e    0000000d     config.obj (.const:.string:Executed_DiconnectControl_Script)
                  0000a36b    00000001     --HOLE-- [fill = 0]
                  0000a36c    0000000d     emeter-toolkit.lib : rtc.obj (.const:.string:month_lengths)
                  0000a379    00000001     --HOLE-- [fill = 0]
                  0000a37a    0000000c     Blob.obj (.const:.string:$P$T0$1)
                  0000a386    0000000c     app_server_msgs.obj (.const:.string:$P$T0$1)
                  0000a392    0000000c     app_server_msgs.obj (.const:.string:$P$T1$2)
                  0000a39e    0000000c     app_server_msgs.obj (.const:.string:$P$T5$6)
                  0000a3aa    0000000c     app_server_msgs.obj (.const:.string:$P$T6$7)
                  0000a3b6    0000000c     config.obj (.const:acceptable_conformance)
                  0000a3c2    0000000b     LCD_C.obj (.const:.string:LCD_CHAR)
                  0000a3cd    00000001     --HOLE-- [fill = 0]
                  0000a3ce    0000000b     TI_aes.obj (.const:.string:Rcon)
                  0000a3d9    00000001     --HOLE-- [fill = 0]
                  0000a3da    0000000a     config.obj (.const:$P$T2$3)
                  0000a3e4    0000000a     config.obj (.const:$P$T3$4)
                  0000a3ee    0000000a     config.obj (.const:$P$T4$5)
                  0000a3f8    0000000a     config.obj (.const:$P$T5$6)
                  0000a402    00000008     config.obj (.const:.string:application_context_name_logical_names)
                  0000a40a    00000008     config.obj (.const:.string:auth_mech_name_HS)
                  0000a412    00000008     config.obj (.const:.string:auth_mech_name_LS)
                  0000a41a    00000008     config.obj (.const:.string:auth_mech_name_NS)
                  0000a422    00000008     iec62056_46_link.obj (.const:.string)
                  0000a42a    00000008     config.obj (.const:Obj_Activity_Calendar_Methods)
                  0000a432    00000008     config.obj (.const:Obj_Billing_Script_Methods)
                  0000a43a    00000008     config.obj (.const:Obj_CalibrateCMeter_Methods)
                  0000a442    00000008     config.obj (.const:Obj_CalibratePMeter_Methods)
                  0000a44a    00000008     config.obj (.const:Obj_CalibrateVMeter_Methods)
                  0000a452    00000008     config.obj (.const:Obj_Disconnect_Script_Methods)
                  0000a45a    00000008     config.obj (.const:Obj_GlobalReset_Script_Methods)
                  0000a462    00000008     config.obj (.const:Obj_Reset_Methods)
                  0000a46a    00000008     config.obj (.const:Obj_Tariff_Script_Methods)
                  0000a472    00000008     emeter-foreground.obj (.const:sd16_locations$1)
                  0000a47a    00000007     config.obj (.const:.string:partner_HS)
                  0000a481    00000001     --HOLE-- [fill = 0]
                  0000a482    00000007     config.obj (.const:.string:partner_LS)
                  0000a489    00000001     --HOLE-- [fill = 0]
                  0000a48a    00000007     config.obj (.const:.string:partner_NS)
                  0000a491    00000001     --HOLE-- [fill = 0]
                  0000a492    00000006     Blob.obj (.const:.string:$P$T1$2)
                  0000a498    00000006     config.obj (.const:.string:scalar_unit_Frequency)
                  0000a49e    00000006     config.obj (.const:.string:scalar_unit_I)
                  0000a4a4    00000006     config.obj (.const:.string:scalar_unit_KVA)
                  0000a4aa    00000006     config.obj (.const:.string:scalar_unit_KW)
                  0000a4b0    00000006     config.obj (.const:.string:scalar_unit_PF)
                  0000a4b6    00000006     config.obj (.const:.string:scalar_unit_ThresholdVoltageSag_Swell)
                  0000a4bc    00000006     config.obj (.const:.string:scalar_unit_Time)
                  0000a4c2    00000006     config.obj (.const:.string:scalar_unit_Time_Shift_EvtLim)
                  0000a4c8    00000006     config.obj (.const:.string:scalar_unit_V)
                  0000a4ce    00000006     config.obj (.const:.string:scalar_unit_active_power)
                  0000a4d4    00000006     config.obj (.const:.string:scalar_unit_dem_colseToContractPower)
                  0000a4da    00000006     config.obj (.const:.string:scalar_unit_power_current_voltage_calib)
                  0000a4e0    00000006     config.obj (.const:.string:scalar_unit_reactive_energy)
                  0000a4e6    00000006     config.obj (.const:.string:scalar_unit_referance_voltage)
                  0000a4ec    00000006     config.obj (.const:.string:scalar_unit_total_active_energy_import)
                  0000a4f2    00000006     config.obj (.const:Special_Days_Column_Size)
                  0000a4f8    00000005     Logger.obj (.const:.string:$P$T0$1)
                  0000a4fd    00000001     --HOLE-- [fill = 0]
                  0000a4fe    00000005     Logger.obj (.const:.string:$P$T1$2)
                  0000a503    00000001     --HOLE-- [fill = 0]
                  0000a504    00000004     Logger.obj (.const:.string:$P$T2$3)
                  0000a508    00000004     app_server_msgs.obj (.const:.string:$P$T2$3)
                  0000a50c    00000004     app_server_msgs.obj (.const:.string:$P$T3$4)
                  0000a510    00000004     app_server_msgs.obj (.const:.string:$P$T4$5)
                  0000a514    00000004     config.obj (.const:Standard_Event_Log_Column_Szs)
                  0000a518    00000002     UI.obj (.const)

RTC        0    0000ffd0    00000002     
                  0000ffd0    00000002     emeter-rtc.obj (.int40)

LCD_C      0    0000ffd2    00000002     
                  0000ffd2    00000002     unused_interrupts_handler.obj (.int41)

TIMER3_A1 
*          0    0000ffd4    00000002     
                  0000ffd4    00000002     unused_interrupts_handler.obj (.int42)

TIMER3_A0 
*          0    0000ffd6    00000002     
                  0000ffd6    00000002     unused_interrupts_handler.obj (.int43)

PORT2      0    0000ffd8    00000002     
                  0000ffd8    00000002     unused_interrupts_handler.obj (.int44)

TIMER2_A1 
*          0    0000ffda    00000002     
                  0000ffda    00000002     Schaduler.obj (.int45)

TIMER2_A0 
*          0    0000ffdc    00000002     
                  0000ffdc    00000002     unused_interrupts_handler.obj (.int46)

PORT1      0    0000ffde    00000002     
                  0000ffde    00000002     SystemISRs.obj (.int47)

TIMER1_A1 
*          0    0000ffe0    00000002     
                  0000ffe0    00000002     unused_interrupts_handler.obj (.int48)

TIMER1_A0 
*          0    0000ffe2    00000002     
                  0000ffe2    00000002     unused_interrupts_handler.obj (.int49)

DMA        0    0000ffe4    00000002     
                  0000ffe4    00000002     unused_interrupts_handler.obj (.int50)

AUX        0    0000ffe6    00000002     
                  0000ffe6    00000002     SystemISRs.obj (.int51)

USCI_A2    0    0000ffe8    00000002     
                  0000ffe8    00000002     unused_interrupts_handler.obj (.int52)

USCI_A1    0    0000ffea    00000002     
                  0000ffea    00000002     IEC62056_UART.obj (.int53)

TIMER0_A1 
*          0    0000ffec    00000002     
                  0000ffec    00000002     rts430x_lc_rd_eabi.lib : int54.obj (.int54)

TIMER0_A0 
*          0    0000ffee    00000002     
                  0000ffee    00000002     DLMS.obj (.int55)

SD24B      0    0000fff0    00000002     
                  0000fff0    00000002     emeter-background.obj (.int56)

ADC10      0    0000fff2    00000002     
                  0000fff2    00000002     unused_interrupts_handler.obj (.int57)

USCI_B0    0    0000fff4    00000002     
                  0000fff4    00000002     unused_interrupts_handler.obj (.int58)

USCI_A0    0    0000fff6    00000002     
                  0000fff6    00000002     PLC_UART.obj (.int59)

WDT        0    0000fff8    00000002     
                  0000fff8    00000002     unused_interrupts_handler.obj (.int60)

UNMI       0    0000fffa    00000002     
                  0000fffa    00000002     unused_interrupts_handler.obj (.int61)

SYSNMI     0    0000fffc    00000002     
                  0000fffc    00000002     unused_interrupts_handler.obj (.int62)

.reset     0    0000fffe    00000002     
                  0000fffe    00000002     rts430x_lc_rd_eabi.lib : boot.obj (.reset)

.text.2    0    00010000    00014000     
                  00010000    000013de     LCD_C_Graphics.obj (.text:UpdateDisplay_c)
                  000113de    00000e0e     LCD_C_Graphics.obj (.text:WriteFloat_c)
                  000121ec    000008da     PLC.obj (.text:ProcessRecivedPLCMessage)
                  00012ac6    00000892     server_msgs.obj (.text:send_get_response)
                  00013358    0000084e     Logger.obj (.text:InitLogg)
                  00013ba6    000006d6     app_server_msgs.obj (.text:get_numeric_item)
                  0001427c    000006cc     emeter-main.obj (.text:main)
                  00014948    000006c0     FixedActivities.obj (.text:per_second_activity)
                  00015008    000006ac     Logger.obj (.text:LoadConfigurations)
                  000156b4    0000068a     TI_aes.obj (.text:aes_decr)
                  00015d3e    00000632     iec62056_46_link.obj (.text:iec62056_46_rx_byte)
                  00016370    000005a8     server_msgs.obj (.text:send_set_response_datablock)
                  00016918    00000584     TI_aes.obj (.text:aes_encr)
                  00016e9c    00000538     server_msgs.obj (.text:send_get_response_block_a)
                  000173d4    0000043a     LCD_C.obj (.text:clear_numbers)
                  0001780e    0000043a     LCD_C.obj (.text:show_numbers)
                  00017c48    000003c4     server_msgs.obj (.text:interpret_and_fill)
                  0001800c    00000376     server_msgs.obj (.text:send_get_response_block_b)
                  00018382    00000372     rts430x_lc_rd_eabi.lib : div64u.obj (.text:__mspabi_divull)
                  000186f4    0000036a     LCD_C.obj (.text:clear_date)
                  00018a5e    0000036a     LCD_C.obj (.text:show_date)
                  00018dc8    0000034c     TI_aes.obj (.text:expandKey)
                  00019114    00000338     PLC.obj (.text:InitPLC2)
                  0001944c    0000032c     server_msgs.obj (.text:process_aarq)
                  00019778    0000031e     emeter-main.obj (.text:restoreBackup)
                  00019a96    000002f6     server_msgs.obj (.text:process_get_request)
                  00019d8c    000002dc     config.obj (.text:find_num_energy_log__entries_between)
                  0001a068    000002d8     rts430x_lc_rd_eabi.lib : addd.obj (.text:__mspabi_addd)
                  0001a340    000002be     server_msgs.obj (.text:send_set_response)
                  0001a5fe    0000026c     iec62056_46_link.obj (.text:process_rx_frame)
                  0001a86a    0000026a     server_msgs.obj (.text:process_set_request)
                  0001aad4    00000252     rts430x_lc_rd_eabi.lib : frcaddd.obj (.text:__TI_frcaddd)
                  0001ad26    00000248     LCD_C.obj (.text:clear_hourminute)
                  0001af6e    00000248     LCD_C.obj (.text:show_hourminute)
                  0001b1b6    00000214     server_msgs.obj (.text:send_aare)
                  0001b3ca    00000208     config.obj (.text:find_num_event_log__entries_between)
                  0001b5d2    00000206     server_msgs.obj (.text:compare_and_retrieve)
                  0001b7d8    000001fc     app_server_msgs.obj (.text:get_string_item)
                  0001b9d4    000001f4     firmware_loader.obj (.text:receive_firmware_image)
                  0001bbc8    000001ca     rts430x_lc_rd_eabi.lib : s_floor.obj (.text:floor)
                  0001bd92    000001c8     server_msgs.obj (.text:extract_cosem_field)
                  0001bf5a    000001c6     Configration.obj (.text:Load_System_Config_Request)
                  0001c120    000001ac     emeter-foreground.obj (.text:active_power)
                  0001c2cc    000001a6     PLC_UART.obj (.text:PLC_Byte_Recived)
                  0001c472    00000198     emeter-foreground.obj (.text:current)
                  0001c60a    00000192     server_msgs.obj (.text:locate_object_attr)
                  0001c79c    00000190     EthioCalender.obj (.text:EthiopianCalender)
                  0001c92c    00000190     Tamper.obj (.text:UpdateTamperIndicators)
                  0001cabc    00000190     emeter-main.obj (.text:perform_low_battry_backup)
                  0001cc4c    00000188     Alarm.obj (.text:ALARM_Indication)
                  0001cdd4    00000188     Logger.obj (.text:logPowerFailEnergy)
                  0001cf5c    00000184     EthioCalender.obj (.text:JulianDayNumber)
                  0001d0e0    00000180     Logger.obj (.text:getTripDuration)
                  0001d260    00000176     server_msgs.obj (.text:send_action_response)
                  0001d3d6    00000164     server_msgs.obj (.text:locate_object_method)
                  0001d53a    00000148     emeter-main.obj (.text:performPowerQualityMessurement)
                  0001d682    00000140     rts430x_lc_rd_eabi.lib : div64s.obj (.text:__mspabi_divlli)
                  0001d7c2    00000138     Tariff.obj (.text:per_month_activity)
                  0001d8fa    00000134     utilities.obj (.text:longToString_c)
                  0001da2e    00000132     Logger.obj (.text:logBillingCutoffDateLog)
                  0001db60    00000132     rts430x_lc_rd_eabi.lib : fs_add.obj (.text)
                  0001dc92    0000012c     loader.obj (.text)
                  0001ddbe    00000120     Tariff.obj (.text:CalculateTariff_New)
                  0001dede    0000011e     server_msgs.obj (.text:process_i_body)
                  0001dffc    0000011e     server_msgs.obj (.text:type_copy)
                  0001e11a    00000116     emeter-foreground.obj (.text:reactive_power)
                  0001e230    00000114     server_msgs.obj (.text:process_action_request)
                  0001e344    00000110     Logger.obj (.text:getTariffSchaduleTimeslot)
                  0001e454    00000110     Logger.obj (.text:getTariffSchaduleTimeslotPassive)
                  0001e564    0000010e     config.obj (.text:get_date_time_string)
                  0001e672    0000010a     emeter-toolkit.lib : div_sh48.obj (.text:div_sh48)
                  0001e77c    00000106     rts430x_lc_rd_eabi.lib : fltulld.obj (.text:__mspabi_fltulld)
                  0001e882    00000106     xframe.obj (.text:process_snrm_frame)
                  0001e988    00000102     Logger.obj (.text:setTripDuration)
                  0001ea8a    00000100     IEC62056_UART.obj (.text:change_boud_rate)
                  0001eb8a    000000fe     Logger.obj (.text:updateNextLogAddress)
                  0001ec88    000000fc     emeter-rtc.obj (.text:adjust_rtc)
                  0001ed84    000000f6     app_server_msgs.obj (.text:loadEnergyToRam)
[...]
0000781a  iec62056_46_link_idle_restart               
0000781c  insert_special_day                          
0000781e  process_frmr_frame                          
00007820  process_ui_frame                            
00007822  remove_object                               
00007824  tariff_script_execute                       
00007826  object_list                                 
0000801e  crc_itu16_table                             
0000841e  fir_coeffs                                  
0000861e  rsbox                                       
0000871e  sbox                                        
0000881e  Instantaneous_Values_Capture_Objects        
0000890c  Billing_Profile_Capture_Objects             
000089b2  Instantaneous_Energy_Capture_Objects2       
00008a46  Load_Profile_Capture_Objects                
000090b4  reject_ln_context                           
000090b6  reject_sn_context                           
000090c0  Comm_Speed                                  
000090c1  Window_Size_Transmit                        
000090c2  Window_Size_Receive                         
000090c4  Max_Info_Field_Len_TX                       
000090c6  Max_Info_Field_Len_RX                       
000090c8  Inter_Octet_Timeout                         
000090ca  Inactivity_Time_Out                         
000090cc  Device_Address                              
000090ce  Internal_CT_Ratio                           
000090d0  Internal_PT_Ratio                           
000090d2  Year_of_Manufacture                         
000090d4  Billing_Script_Type                         
000090d5  DiconnectControl_Type                       
000090d6  Instant_Profile_Entries_In_Use              
000090da  Instant_Profile_Entries                     
000090de  Instant_Profile_Capture_Period              
000090e2  Instant_Profile_Sort_Method                 
000090e4  Instant_Scaler_Profile_Entries_In_Use       
000090e8  Instant_Scaler_Profile_Entries              
000090ec  Instant_Scaler_Profile_Capture_Period       
000090f0  Instant_Scaler_Profile_Sort_Method          
000090f2  Load_Scaler_Profile_Entries_In_Use          
000090f6  Load_Scaler_Profile_Entries                 
000090fa  Load_Scaler_Profile_Capture_Period          
000090fe  Load_Scaler_Profile_Sort_Method             
00009100  Billing_Profile_Entries_In_Use              
00009104  Billing_Profile_Entries                     
00009108  Billing_Profile_Capture_Period              
0000910c  Billing_Profile_Sort_Method                 
00009164  Day_Profile_Table_Passive_Template          
000091b6  Day_Profile_Table_Template                  
00009208  Instantanious_Profile_Buffer_Template2      
000092e2  Billing_Profile_Buffer_Template             
0000943c  Disconnect_Scripts_Table                    
00009472  Tariff_Scripts_Dummy                        
000094a8  Instantanious_EnergyProfile_Buffer_Template2
000094dc  Load_Profile_Buffer_Template                
00009c1a  Standard_Event_Log_Objects                  
00009c42  Season_Profile_Dummy                        
00009d08  Billing_Script                              
00009d24  GlobalReset_Scripts_Table                   
00009d40  Week_Profile_Table_Dummy                    
0000a1a0  image_to_activate_info                      
0000a1ba  Instantanious_Profile_Column_Szs2           
0000a22e  Day_Profile_Table_Column_Szs                
0000a258  Billing_Profile_Sort_Object                 
0000a26a  Instantaneous_Energy_Sort_Object            
0000a27c  Instantaneous_Values_Sort_Object            
0000a28e  Load_Profile_Sort_Object                    
0000a2a0  Standard_Event_Log_Template                 
0000a2b2  Billing_Profile_Column_Szs                  
0000a2d4  Instantanious_EnergyProfile_Column_Szs2     
0000a2e4  Load_Profile_Column_Szs                     
0000a350  Executed_Billing_Script                     
0000a35e  Executed_DiconnectControl_Script            
0000a36c  month_lengths                               
0000a3b6  acceptable_conformance                      
0000a3c2  LCD_CHAR                                    
0000a3ce  Rcon                                        
0000a40a  auth_mech_name_HS                           
0000a412  auth_mech_name_LS                           
0000a41a  auth_mech_name_NS                           
0000a47a  partner_HS                                  
0000a482  partner_LS                                  
0000a48a  partner_NS                                  
0000a498  scalar_unit_Frequency                       
0000a49e  scalar_unit_I                               
0000a4a4  scalar_unit_KVA                             
0000a4aa  scalar_unit_KW                              
0000a4b0  scalar_unit_PF                              
0000a4b6  scalar_unit_ThresholdVoltageSag_Swell       
0000a4bc  scalar_unit_Time                            
0000a4c2  scalar_unit_Time_Shift_EvtLim               
0000a4c8  scalar_unit_V                               
0000a4ce  scalar_unit_active_power                    
0000a4d4  scalar_unit_dem_colseToContractPower        
0000a4da  scalar_unit_power_current_voltage_calib     
0000a4e0  scalar_unit_reactive_energy                 
0000a4e6  scalar_unit_referance_voltage               
0000a4ec  scalar_unit_total_active_energy_import      
0000a4f2  Special_Days_Column_Size                    
0000a514  Standard_Event_Log_Column_Szs               
0000a518  keydebounce                                 
0000a9f4  __TI_Handler_Table_Base                     
0000a9fc  __TI_CINIT_Base                             
0000a9fc  __TI_Handler_Table_Limit                    
0000aa0c  __TI_CINIT_Limit                            
0000ffd0  __TI_int40                                  
0000ffd2  __TI_int41                                  
0000ffd4  __TI_int42                                  
0000ffd6  __TI_int43                                  
0000ffd8  __TI_int44                                  
0000ffda  __TI_int45                                  
0000ffdc  __TI_int46                                  
0000ffde  __TI_int47                                  
0000ffe0  __TI_int48                                  
0000ffe2  __TI_int49                                  
0000ffe4  __TI_int50                                  
0000ffe6  __TI_int51                                  
0000ffe8  __TI_int52                                  
0000ffea  __TI_int53                                  
0000ffec  __TI_int54                                  
0000ffee  __TI_int55                                  
0000fff0  __TI_int56                                  
0000fff2  __TI_int57                                  
0000fff4  __TI_int58                                  
0000fff6  __TI_int59                                  
0000fff8  __TI_int60                                  
0000fffa  __TI_int61                                  
0000fffc  __TI_int62                                  
0000fffe  _reset_vector                               
00010000  UpdateDisplay_c                             
000113de  WriteFloat_c                                
000121ec  ProcessRecivedPLCMessage                    
00012ac6  send_get_response                           
00013358  InitLogg                                    
00013ba6  get_numeric_item                            
0001427c  main                                        
00014948  per_second_activity                         
00015008  LoadConfigurations                          
000156b4  aes_decr                                    
00015d3e  iec62056_46_rx_byte                         
00016370  send_set_response_datablock                 
00016918  aes_encr                                    
00016e9c  send_get_response_block_a                   
000173d4  clear_numbers                               
0001780e  show_numbers                                
00017c48  interpret_and_fill                          
0001800c  send_get_response_block_b                   
00018382  __mspabi_divull                             
000186f4  clear_date                                  
00018a5e  show_date                                   
00018dc8  expandKey                                   
00019114  InitPLC2                                    
0001944c  process_aarq                                
00019778  restoreBackup                               
00019d8c  find_num_energy_log__entries_between        
0001a068  __mspabi_addd                               
0001a340  send_set_response                           
0001a5fe  process_rx_frame                            
0001aad4  __TI_frcaddd                                
0001ad26  clear_hourminute                            
0001af6e  show_hourminute                             
0001b1b6  send_aare                                   
0001b3ca  find_num_event_log__entries_between         
0001b5d2  compare_and_retrieve                        
0001b7d8  get_string_item                             
0001b9d4  receive_firmware_image                      
0001bbc8  floor                                       
0001bbc8  floorl                                      
0001bf5a  Load_System_Config_Request                  
0001c120  active_power                                
0001c2cc  PLC_Byte_Recived                            
0001c472  current                                     
0001c79c  EthiopianCalender                           
0001c92c  UpdateTamperIndicators                      
0001cabc  perform_low_battry_backup                   
0001cc4c  ALARM_Indication                            
0001cdd4  logPowerFailEnergy                          
0001cf5c  JulianDayNumber                             
0001d0e0  getTripDuration                             
0001d260  send_action_response                        
0001d53a  performPowerQualityMessurement              
0001d682  __mspabi_divlli                             
0001d7c2  per_month_activity                          
0001d8fa  longToString_c                              
0001da2e  logBillingCutoffDateLog                     
0001db60  __mspabi_subf                               
0001db66  __mspabi_addf                               
0001dc92  init_loader                                 
0001ddbe  CalculateTariff_New                         
0001dede  process_i_body                              
0001e11a  reactive_power                              
0001e344  getTariffSchaduleTimeslot                   
0001e454  getTariffSchaduleTimeslotPassive            
0001e564  get_date_time_string                        
0001e672  div_sh48                                    
0001e77c  __mspabi_fltulld                            
0001e882  process_snrm_frame                          
0001e988  setTripDuration                             
0001ea8a  change_boud_rate                            
0001eb8a  updateNextLogAddress                        
0001ec88  adjust_rtc                                  
0001ed84  loadEnergyToRam                             
0001ee7a  read_from_eeprom                            
0001ef70  test_current_balance                        
0001f066  process_ua_frame                            
0001f244  SendMessage                                 
0001f328  DiagnosisMeter                              
0001f40a  custom_power_fail_handler                   
0001f4ea  getPublicHoliday                            
0001f5c8  getDeviceIDs                                
0001f6a4  __mspabi_cmpd                               
0001f77c  Init_FLL                                    
0001f852  SetVCoreUp                                  
0001f922  UpdateDisplayProgressBar_c                  
0001f9f2  updateCalibrationFactor                     
0001fac2  UpdateRelayStatus                           
0001fb90  DataTransferRequest                         
0001fd20  ConnectMeter                                
0001fde4  DisconnectMeter                             
0001fea8  Capture_Load_Profile_Data                   
0001ff68  EEPROM2_WriteInt8                           
00020028  getNominalValues                            
000200e8  loadEventToRam                              
000201a8  search_nearest_log                          
00020268  setDeviceIDs                                
00020328  set_string_item                             
000203e8  getTimeDifferenceInMinutes                  
000204a6  hdlc_async_tx_build_iframe                  
00020564  LoadTodaysTariff                            
00020620  hdlc_async_tx_end                           
000206dc  set_numeric_item                            
00020798  IsDisconnectRequired                        
00020852  isMemFormatted                              
0002090c  system_setup                                
000209c6  __mspabi_mpyf                               
00020a7e  setGetActivePassiveCalendarTime             
00020b32  __TI_renormd                                
00020be4  getTime                                     
00020c96  Capture_Standard_Event_Log                  
00020d46  ProcessWriteBlob                            
00020df6  custom_initialisation                       
00020ea6  EEPROM2_ReadInt8                            
00020f52  reply_to_hls_auth                           
00020ffc  Attach_Request                              
000210a4  bump_rtc_backup                             
0002114c  isqrt64                                     
000211f4  ChangeReferanceVoltage                      
0002129a  getMaxValues                                
00021340  logEnergy                                   
000213e6  SetVCoreDown                                
00021488  image_block_transfer                        
00021526  image_transfer_initiate                     
000215c0  InitRelay                                   
00021658  getTimeStamp                                
000216f0  LCTamperDetected                            
00021784  loadDailyProfilePassive_dlms                
00021818  loadDailyProfile_dlms                       
000218ac  processKey                                  
00021940  UCTamperDetected                            
000219d2  compare_time                                
00021a64  getEnergy                                   
00021af6  DataTransferIndication                      
00021b86  getMeterStatus                              
00021c16  power_factor                                
00021ca6  __mspabi_divf                               
00021d36  GET_MAC_PIB_rep                             
00021dc4  getimage_first_not_transferred_block_number 
00021e52  setNominalValues                            
00021ee0  flash_replace16                             
00021f6c  EEPROM2_ReadLong                            
00021ff6  all_segments_on                             
00022080  logEvent                                    
00022108  setTariffSchaduleTimeslot                   
00022190  setTariffSchaduleTimeslotPassive            
00022218  GetCurrentMinuteTariffTimeSlot              
0002229e  EEPROM2_ReadNextLong                        
00022322  EEPROM2_WriteNextInt8                       
000223a6  ProcessReadBlob                             
0002242a  getRTCCheck                                 
000224ae  initTariff                                  
00022532  write_mem                                   
000225b6  _auto_init_hold_wdt                         
00022638  getEvent                                    
000226ba  read_eeprom                                 
00022736  EEPROM_DRIVER_ADDR_END                      
00022738  writeFirmwareBlock                          
000227b6  setMaxValues                                
00022830  switch_to_normal_mode                       
000228aa  apparent_power                              
00022922  autentication_secreate_LS                   
00022998  EEPROM2_ReadNextInt8                        
00022a0c  getMinValues                                
00022af4  CheckTariff                                 
00022b66  getEnergy2                                  
00022bd8  send_ua                                     
00022c4a  changeExportActivePowerThreshold            
00022cba  changeImportActivePowerThreshold            
00022d2a  find_num_total_Standard_Event_Log_entries   
00022d9a  InitPLCUART                                 
00022e08  display_next_item_c                         
00022e76  find_num_total_energy_log_entries           
00022ee4  send_dm                                     
00022f52  send_frmr                                   
00022fc0  CheckBattery                                
0002302c  send_confirmed_service_error                
00023098  setPassword                                 
00023104  InitIECUART                                 
00023104  initIEC62056                                
0002316e  getEvent2                                   
000231d8  logMeterStatus                              
00023242  send_frame                                  
000232ac  Attach_Confirm                              
00023314  GET_MAC_PIB_Request                         
000233e4  __mspabi_fixdul                             
0002344c  getPassword                                 
000234b4  copy_in                                     
0002351a  setRTCCheck                                 
00023580  EEPROM2_WriteLong                           
00023644  setMacAddress                               
000236a4  Obj_DecrementBalance                        
00023702  Obj_IncrementBalance                        
00023760  SETUP_ALARM_Request                         
000237be  changeThresholdLongPowerFaile               
0002381c  getHardwareTime                             
0002387a  CheckConnectionIsEnabled                    
000238d6  __mspabi_mpyll_f5hw                         
0002398c  FLASH_PROGRAMMER_ADDR_END                   
0002398e  CheckMagneticTamper                         
000239e6  getCurrentBalance                           
00023a3e  getLogicDeviceName                          
00023a96  getRelayStatus                              
00023aee  __mspabi_divul                              
00023aee  __mspabi_remul                              
00023b46  InitUI                                      
00023b9c  dc_filter24                                 
00023bd8  dc_filter24_init                            
00023bf2  loadCurrentHoliday                          
00023c46  reFormatMemoryFormatIndicator               
00023c9a  I2C2ACK                                     
00023cec  I2C2NACK                                    
00023d3e  Shutdown_Request                            
00023d90  changeThresholdVoltageSag                   
00023de2  readAllFirwmareBlockStatus                  
00023e34  I2C2getACK                                  
00023e84  changeCumulativeTamperCount                 
00023ed4  changeThresholdVoltageSwell                 
00023f24  custom_power_restore_handler                
00023f74  getNextError                                
00023fc4  dl_connect_indication                       
ffffffff  __TI_pprof_out_hndl                         
ffffffff  __TI_prof_data_size                         
ffffffff  __TI_prof_data_start                        
ffffffff  __c_args__                                  
UNDEFED   __TI_BINIT_Base                             
UNDEFED   __TI_BINIT_Limit                            
UNDEFED   __TI_INITARRAY_Base                         
UNDEFED   __TI_INITARRAY_Limit                        

[1979 symbols]
