******************************************************************************
                  MSP430 Linker Unix v16.9.3                   
******************************************************************************
>> Linked Mon Jul 10 18:22:20 2017

OUTPUT FILE NAME:   <emeter-ng.out>
ENTRY POINT SYMBOL: "_c_int00_noargs_noexit"  address: 00004cc8


MEMORY CONFIGURATION

         name            origin    length      used     unused   attr    fill
----------------------  --------  ---------  --------  --------  ----  --------
  SFR                   00000000   00000010  00000000  00000010  RWIX
  PERIPHERALS_8BIT      00000010   000000f0  00000000  000000f0  RWIX
  PERIPHERALS_16BIT     00000100   00000100  00000000  00000100  RWIX
  INFOD                 00001800   00000080  00000080  00000000  RWIX
  INFOC                 00001880   00000080  00000000  00000080  RWIX
  INFOB                 00001900   00000080  00000080  00000000  RWIX
  INFOA                 00001980   00000080  00000000  00000080  RWIX
  RAM                   00001c00   00002000  00001c90  00000370  RWIX
  FLASH                 00004000   0000bf80  0000b1a0  00000de0  RWIX
  INT00                 0000ff80   00000002  00000000  00000002  RWIX
  INT01                 0000ff82   00000002  00000000  00000002  RWIX
  INT02                 0000ff84   00000002  00000000  00000002  RWIX
  INT03                 0000ff86   00000002  00000000  00000002  RWIX
  INT04                 0000ff88   00000002  00000000  00000002  RWIX
  INT05                 0000ff8a   00000002  00000000  00000002  RWIX
  INT06                 0000ff8c   00000002  00000000  00000002  RWIX
  INT07                 0000ff8e   00000002  00000000  00000002  RWIX
  INT08                 0000ff90   00000002  00000000  00000002  RWIX
  INT09                 0000ff92   00000002  00000000  00000002  RWIX
  INT10                 0000ff94   00000002  00000000  00000002  RWIX
  INT11                 0000ff96   00000002  00000000  00000002  RWIX
  INT12                 0000ff98   00000002  00000000  00000002  RWIX
  INT13                 0000ff9a   00000002  00000000  00000002  RWIX
  INT14                 0000ff9c   00000002  00000000  00000002  RWIX
  INT15                 0000ff9e   00000002  00000000  00000002  RWIX
  INT16                 0000ffa0   00000002  00000000  00000002  RWIX
  INT17                 0000ffa2   00000002  00000000  00000002  RWIX
  INT18                 0000ffa4   00000002  00000000  00000002  RWIX
  INT19                 0000ffa6   00000002  00000000  00000002  RWIX
  INT20                 0000ffa8   00000002  00000000  00000002  RWIX
  INT21                 0000ffaa   00000002  00000000  00000002  RWIX
  INT22                 0000ffac   00000002  00000000  00000002  RWIX
  INT23                 0000ffae   00000002  00000000  00000002  RWIX
  INT24                 0000ffb0   00000002  00000000  00000002  RWIX
  INT25                 0000ffb2   00000002  00000000  00000002  RWIX
  INT26                 0000ffb4   00000002  00000000  00000002  RWIX
  INT27                 0000ffb6   00000002  00000000  00000002  RWIX
  INT28                 0000ffb8   00000002  00000000  00000002  RWIX
  INT29                 0000ffba   00000002  00000000  00000002  RWIX
  INT30                 0000ffbc   00000002  00000000  00000002  RWIX
  INT31                 0000ffbe   00000002  00000000  00000002  RWIX
  INT32                 0000ffc0   00000002  00000000  00000002  RWIX
  INT33                 0000ffc2   00000002  00000000  00000002  RWIX
  INT34                 0000ffc4   00000002  00000000  00000002  RWIX
  INT35                 0000ffc6   00000002  00000000  00000002  RWIX
  INT36                 0000ffc8   00000002  00000000  00000002  RWIX
  INT37                 0000ffca   00000002  00000000  00000002  RWIX
  INT38                 0000ffcc   00000002  00000000  00000002  RWIX
  INT39                 0000ffce   00000002  00000000  00000002  RWIX
  INT40                 0000ffd0   00000002  00000002  00000000  RWIX
  INT41                 0000ffd2   00000002  00000002  00000000  RWIX
  INT42                 0000ffd4   00000002  00000002  00000000  RWIX
  INT43                 0000ffd6   00000002  00000002  00000000  RWIX
  INT44                 0000ffd8   00000002  00000002  00000000  RWIX
  INT45                 0000ffda   00000002  00000002  00000000  RWIX
  INT46                 0000ffdc   00000002  00000002  00000000  RWIX
  INT47                 0000ffde   00000002  00000002  00000000  RWIX
  INT48                 0000ffe0   00000002  00000002  00000000  RWIX
  INT49                 0000ffe2   00000002  00000002  00000000  RWIX
  INT50                 0000ffe4   00000002  00000002  00000000  RWIX
  INT51                 0000ffe6   00000002  00000002  00000000  RWIX
  INT52                 0000ffe8   00000002  00000002  00000000  RWIX
  INT53                 0000ffea   00000002  00000002  00000000  RWIX
  INT54                 0000ffec   00000002  00000002  00000000  RWIX
  INT55                 0000ffee   00000002  00000002  00000000  RWIX
  INT56                 0000fff0   00000002  00000002  00000000  RWIX
  INT57                 0000fff2   00000002  00000002  00000000  RWIX
  INT58                 0000fff4   00000002  00000002  00000000  RWIX
  INT59                 0000fff6   00000002  00000002  00000000  RWIX
  INT60                 0000fff8   00000002  00000002  00000000  RWIX
  INT61                 0000fffa   00000002  00000002  00000000  RWIX
  INT62                 0000fffc   00000002  00000002  00000000  RWIX
  RESET                 0000fffe   00000002  00000002  00000000  RWIX
  FLASH2                00010000   00014000  00014000  00000000  RWIX


SECTION ALLOCATION MAP

 output                                  attributes/
section   page    origin      length       input sections
--------  ----  ----------  ----------   ----------------
.bss       0    00001c00    000014fe     UNINITIALIZED
                  00001c00    000007d0     (.common:RX_BUF)
                  000023d0    000001ca     (.common:chan1)
                  0000259a    00000170     (.common:rx)
                  0000270a    00000132     (.common:neutral_c)
                  0000283c    00000114     (.common:tx)
                  00002950    000000ca     (.common:IEC_Tx_Queue)
                  00002a1a    000000ca     (.common:plc_tx_buff)
                  00002ae4    000000c0     (.common:seggy)
                  00002ba4    00000090     (.common:holidays)
                  00002c34    00000080     (.common:tasks)
                  00002cb4    00000078     (.common:DataPayload)
                  00002d2c    00000042     (.common:system_info)
                  00002d6e    00000040     (.common:block_data)
                  00002dae    00000038     (.common:link)
                  00002de6    00000022     (.common:row_data)
                  00002e08    00000022     (.common:todaysRates)
                  00002e2a    0000001c     (.common:search_item)
                  00002e46    00000018     (.common:LastTxEnergyCopy)
                  00002e5e    00000014     (.common:ConnectRequestAlarm)
                  00002e72    00000014     (.common:DisconnectRequestAlarm)
                  00002e86    00000010     (.common:SA_Range)
                  00002e96    00000010     (.common:challenge_c2s)
                  00002ea6    00000010     (.common:executable_Task_Index)
                  00002eb6    00000010     (.common:image_ident)
                  00002ec6    00000010     (.common:machine_byte)
                  00002ed6    00000010     (.common:msg_info)
                  00002ee6    00000010     (.common:reply_c2s)
                  00002ef6    0000000f     (.common:status)
                  00002f05    00000001     (.common:ActivePowerTimer)
                  00002f06    0000000c     (.common:RecivedMessage)
                  00002f12    0000000c     (.common:confirm)
                  00002f1e    0000000c     (.common:currentEnergyLogEntryData)
                  00002f2a    0000000c     (.common:currentEventLogEntryData)
                  00002f36    0000000c     (.common:disconnect_script)
                  00002f42    0000000c     (.common:ind)
                  00002f4e    0000000a     (.common:Current_billing_Period_start)
                  00002f58    0000000a     (.common:ErrorList)
                  00002f62    0000000a     (.common:Estimated_billing_period_end)
                  00002f6c    0000000a     (.common:MAC_PIB_replay)
                  00002f76    0000000a     (.common:PHY_PIB_replay)
                  00002f80    0000000a     (.common:activePassiveCalenderTime)
                  00002f8a    0000000a     (.common:conf)
                  00002f94    0000000a     (.common:required_last_entry_time)
                  00002f9e    0000000a     (.common:rtc_backup)
                  00002fa8    0000000a     (.common:rtc_global_temp)
                  00002fb2    0000000a     (.common:rtc_temp)
                  00002fbc    0000000a     (.common:rtc_temp_var)
                  00002fc6    0000000a     (.common:rtcc)
                  00002fd0    0000000a     (.common:temp_rtc0)
                  00002fda    0000000a     (.common:temp_rtc1)
                  00002fe4    00000008     emeter-background.obj (.bss:adc_i_buffer$2)
                  00002fec    00000008     (.common:AlarmIndiation)
                  00002ff4    00000008     (.common:readBlobMessage)
                  00002ffc    00000008     (.common:txptr)
                  00003004    00000008     (.common:writeBlobMessage)
                  0000300c    00000006     (.common:Balance_PostPaid)
                  00003012    00000006     (.common:Current_balance)
                  00003018    00000006     (.common:TamperCount)
                  0000301e    00000006     (.common:currentHoliday_date)
                  00003024    00000006     (.common:hardware_status)
                  0000302a    00000006     (.common:plc_start_time)
                  00003030    00000006     (.common:req)
                  00003036    00000004     emeter-main.obj (.bss)
                  0000303a    00000004     server_msgs.obj (.bss:negotiated_conformance)
                  0000303e    00000004     server_msgs.obj (.bss)
                  00003042    00000004     (.common:CurrentPage)
                  00003046    00000004     (.common:CurrentReadAddress)
                  0000304a    00000004     (.common:CurrentReadPage)
                  0000304e    00000004     (.common:CurrentWriteAddress)
                  00003052    00000004     (.common:P_Active_Negative)
                  00003056    00000004     (.common:P_Active_Plus)
                  0000305a    00000004     (.common:P_Reactive_negative)
                  0000305e    00000004     (.common:P_Reactive_positive)
                  00003062    00000004     (.common:TempLastEnergyValue)
                  00003066    00000004     (.common:current_export_active_power_threshold)
                  0000306a    00000004     (.common:current_import_active_power_threshold)
                  0000306e    00000004     (.common:dayProfileTime1)
                  00003072    00000004     (.common:dayProfileTime2)
                  00003076    00000004     (.common:dayProfileTime3)
                  0000307a    00000004     (.common:dayProfileTime4)
                  0000307e    00000004     (.common:de_confirm)
                  00003082    00000004     (.common:desconnect_val)
                  00003086    00000004     (.common:events_entries_in_use)
                  0000308a    00000004     (.common:header_array)
                  0000308e    00000004     (.common:iec_tx_buff)
                  00003092    00000004     (.common:previous_block_number)
                  00003096    00000004     (.common:program_start_address)
                  0000309a    00000004     (.common:template_pointer)
                  0000309e    00000004     (.common:total_active_power)
                  000030a2    00000004     (.common:total_active_power_counter)
                  000030a6    00000004     (.common:total_consumed_active_energy)
                  000030aa    00000004     (.common:total_consumed_reactive_energy)
                  000030ae    00000004     (.common:total_reactive_power)
                  000030b2    00000004     (.common:total_reactive_power_counter)
                  000030b6    00000004     (.common:v)
                  000030ba    00000002     emeter-background.obj (.bss:adc_v_buffer$1)
                  000030bc    00000002     (.common:CalcHeaderCRC)
                  000030be    00000002     (.common:CurrentSlaveAddress)
                  000030c0    00000002     (.common:Frame_Received)
                  000030c2    00000002     (.common:HeaderCRC)
                  000030c4    00000002     (.common:LongPowerFailTimer)
                  000030c6    00000002     (.common:MessageStatus)
                  000030c8    00000002     (.common:PayloadCRC)
                  000030ca    00000002     (.common:adc_interrupts)
                  000030cc    00000002     (.common:alarm_status)
                  000030ce    00000002     (.common:btemp)
                  000030d0    00000002     (.common:challenge_c2s_len)
                  000030d2    00000002     (.common:current_get_block_chunk_len_temp)
                  000030d4    00000002     (.common:download_finished)
                  000030d6    00000002     (.common:meter_status)
                  000030d8    00000002     (.common:neutral_tamper_trip_counter)
                  000030da    00000002     (.common:samples_per_second)
                  000030dc    00000002     (.common:security_level)
                  000030de    00000002     (.common:vrms)
                  000030e0    00000001     (.common:LastDisconnectReason)
                  000030e1    00000001     (.common:OverCurrentTimer)
                  000030e2    00000001     (.common:OverFrequencyTimer)
                  000030e3    00000001     (.common:OverVoltageTimer)
                  000030e4    00000001     (.common:UnderFrequencyTimer)
                  000030e5    00000001     (.common:UnderVoltageTimer)
                  000030e6    00000001     (.common:access_selector)
                  000030e7    00000001     (.common:amr_profile_status)
                  000030e8    00000001     (.common:ch)
                  000030e9    00000001     (.common:common_event_number)
                  000030ea    00000001     (.common:current_reversed)
                  000030eb    00000001     (.common:daily_amr_profile_status)
                  000030ec    00000001     (.common:diconnect_control_type)
                  000030ed    00000001     (.common:disconnect_event_number)
                  000030ee    00000001     (.common:event_number)
                  000030ef    00000001     (.common:firmware_event_number)
                  000030f0    00000001     (.common:fraud_event_number)
                  000030f1    00000001     (.common:image_transfer_status)
                  000030f2    00000001     (.common:image_transferred_blocks_status)
                  000030f3    00000001     (.common:operating_mode)
                  000030f4    00000001     (.common:power_qual_event_number)
                  000030f5    00000001     (.common:sdTemp)
                  000030f6    00000001     (.common:sdTempData)
                  000030f7    00000001     (.common:standard_event_number)
                  000030f8    00000001     (.common:synchronization_event_number)
                  000030f9    00000001     (.common:tamperLoggedStatus)
                  000030fa    00000001     (.common:temp)
                  000030fb    00000001     (.common:temp_disp)
                  000030fc    00000001     (.common:total_active_energy_pulse_remaining_time)
                  000030fd    00000001     (.common:total_reactive_energy_pulse_remaining_time)

.data      0    000030fe    0000069e     UNINITIALIZED
                  000030fe    000000a0     Tariff.obj (.data:rates)
                  0000319e    0000008a     server_msgs.obj (.data:queued_tx)
                  00003228    0000004c     server_msgs.obj (.data:xxxx_HLS$1)
                  00003274    00000048     Logger.obj (.data:Passwords)
                  000032bc    00000034     Billing_Data.obj (.data:Billing_Data)
                  000032f0    00000034     Logger.obj (.data)
                  00003324    0000002e     server_msgs.obj (.data)
                  00003352    0000002b     server_msgs.obj (.data:xxxx_LLS_NS$2)
                  0000337d    00000001     config_new.obj (.data)
                  0000337e    00000028     Tariff.obj (.data:power_brakes)
                  000033a6    00000022     HardwareLimits.obj (.data)
                  000033c8    00000022     app_server_msgs.obj (.data:currentDayProfile)
                  000033ea    00000021     server_msgs.obj (.data:xxxx1$3)
                  0000340b    00000001     --HOLE--
                  0000340c    0000001e     emeter-main.obj (.data)
                  0000342a    0000001a     app_server_msgs.obj (.data:currentEnergyLogEntry)
                  00003444    00000019     identification_numbers.obj (.data:Device_ID_6)
                  0000345d    00000001     --HOLE--
                  0000345e    00000015     identification_numbers.obj (.data:Device_ID_4)
                  00003473    00000001     --HOLE--
                  00003474    00000015     identification_numbers.obj (.data:Manufacturer_Name)
                  00003489    00000001     --HOLE--
                  0000348a    00000014     config_new.obj (.data:authentications)
                  0000349e    00000014     config_new.obj (.data:known_far_msap_list)
                  000034b2    00000013     identification_numbers.obj (.data:Device_ID_3)
                  000034c5    00000001     --HOLE--
                  000034c6    00000013     PLC_UART.obj (.data)
                  000034d9    00000001     --HOLE--
                  000034da    00000012     Tamper.obj (.data)
                  000034ec    00000012     config_new.obj (.data:auth2)
                  000034fe    00000012     firmware_update.obj (.data)
                  00003510    00000012     instantaneous_values.obj (.data)
                  00003522    00000011     LCD_C_Graphics.obj (.data)
                  00003533    00000001     --HOLE--
                  00003534    00000010     Tariff.obj (.data)
                  00003544    00000010     server_msgs.obj (.data:challenge_s2c)
                  00003554    00000010     app_server_msgs.obj (.data:currentEventLogEntry)
                  00003564    00000010     app_server_msgs.obj (.data:current_firmware_event_log)
                  00003574    00000010     app_server_msgs.obj (.data:current_time_bound_event_log)
                  00003584    0000000f     PLC.obj (.data)
                  00003593    00000001     --HOLE--
                  00003594    0000000f     billing_periods_and_profiles.obj (.data:billing_script_execution_time_template)
                  000035a3    00000001     --HOLE--
                  000035a4    0000000f     daily_load_profile.obj (.data)
                  000035b3    00000001     --HOLE--
                  000035b4    0000000f     disconnect_control_and_log.obj (.data:diconnect_control_script_execution_time)
                  000035c3    00000001     --HOLE--
                  000035c4    0000000f     iec62056_uart.obj (.data)
                  000035d3    00000001     --HOLE--
                  000035d4    0000000e     association_ln.obj (.data:DeviceIdentifier)
                  000035e2    0000000e     identification_numbers.obj (.data:Device_ID_5)
                  000035f0    0000000e     firmware_loader.obj (.data:firm_image)
                  000035fe    0000000e     firmware_loader.obj (.data:firm_sec)
                  0000360c    0000000e     instantaneous_energy_values_profile.obj (.data)
                  0000361a    0000000e     power_quality.obj (.data)
                  00003628    0000000e     activity_calendar.obj (.data:special_days_list_template)
                  00003636    0000000d     SystemISRs.obj (.data)
                  00003643    00000001     --HOLE--
                  00003644    0000000d     UI.obj (.data)
                  00003651    00000001     --HOLE--
                  00003652    0000000d     clock.obj (.data:daylights_savings_begin)
                  0000365f    00000001     --HOLE--
                  00003660    0000000d     clock.obj (.data:daylights_savings_end)
                  0000366d    00000001     --HOLE--
                  0000366e    0000000d     MAC_PIB.obj (.data:device_identifier)
                  0000367b    00000001     --HOLE--
                  0000367c    0000000d     hourly_load_profile.obj (.data)
                  00003689    00000001     --HOLE--
                  0000368a    0000000d     clock.obj (.data:last_clock_synchronized_date_time)
                  00003697    00000001     --HOLE--
                  00003698    0000000c     Relay.obj (.data)
                  000036a4    0000000c     app_server_msgs.obj (.data:current_disconnect_event_log)
                  000036b0    0000000b     identification_numbers.obj (.data:Meter_Sr_No)
                  000036bb    00000001     --HOLE--
                  000036bc    0000000a     DLMS.obj (.data)
                  000036c6    0000000a     clock.obj (.data)
                  000036d0    0000000a     app_server_msgs.obj (.data:current_event_log)
                  000036da    0000000a     emeter-rtc.obj (.data:default_time)
                  000036e4    0000000a     emeter-background.obj (.data)
                  000036ee    0000000a     firmware_loader.obj (.data)
                  000036f8    0000000a     other_electricity_related_objects.obj (.data)
                  00003702    00000009     MAC_PIB.obj (.data)
                  0000370b    00000001     --HOLE--
                  0000370c    00000008     app_server_msgs.obj (.data:currentHoliday)
                  00003714    00000008     long_power_failures.obj (.data)
                  0000371c    00000008     DLMS.obj (.data:next_inactivity_timeout)
                  00003724    00000008     DLMS.obj (.data:next_octet_timeout)
                  0000372c    00000007     identification_numbers.obj (.data:Device_ID_2)
                  00003733    00000001     --HOLE--
                  00003734    00000007     firmware_update.obj (.data:image_signature)
                  0000373b    00000001     --HOLE--
                  0000373c    00000007     prime_plc_setup.obj (.data:mac_address)
                  00003743    00000001     --HOLE--
                  00003744    00000007     prime_plc_setup.obj (.data:plc_firmware_Version)
                  0000374b    00000001     --HOLE--
                  0000374c    00000006     identification_numbers.obj (.data:Device_ID_7)
                  00003752    00000006     FixedActivities.obj (.data)
                  00003758    00000006     other_abstract_objects.obj (.data:active_firmware_version)
                  0000375e    00000006     iec62056_46_link.obj (.data)
                  00003764    00000006     other_abstract_objects.obj (.data)
                  0000376a    00000005     activity_calendar.obj (.data)
                  0000376f    00000005     disconnect_control_and_log.obj (.data)
                  00003774    00000005     utilities.obj (.data)
                  00003779    00000004     Schaduler.obj (.data)
                  0000377d    00000001     --HOLE--
                  0000377e    00000004     error_and_alarm_handling.obj (.data)
                  00003782    00000003     emeter-rtc.obj (.data)
                  00003785    00000003     errors.obj (.data)
                  00003788    00000003     prime_plc_setup.obj (.data)
                  0000378b    00000001     --HOLE--
                  0000378c    00000002     Attach.obj (.data)
                  0000378e    00000002     identification_numbers.obj (.data:Device_ID_8)
                  00003790    00000002     Configration.obj (.data:LLC_DEF_DEST_LSAP)
                  00003792    00000002     Configration.obj (.data:LLC_DEF_Node_Address)
                  00003794    00000002     Configration.obj (.data:LLC_SOURCE_LSAP)
                  00003796    00000002     association_ln.obj (.data)
                  00003798    00000002     battery_monitor.obj (.data)
                  0000379a    00000002     manufacturer_specific_objects.obj (.data)

.no_init_ram 
*          0    0000379c    000000a4     UNINITIALIZED
                  0000379c    000000a4     config_new.obj (.no_init_ram)

.stack     0    00003bb0    00000050     UNINITIALIZED
                  00003bb0    00000004     rts430x_lc_rd_eabi.lib : boot.obj (.stack)
                  00003bb4    0000004c     --HOLE--

.text:_isr 
*          0    00004000    00000cec     
                  00004000    00000882     emeter-background.obj (.text:_isr:adc_interrupt)
                  00004882    00000134     emeter-rtc.obj (.text:_isr:one_second_ticker)
                  000049b6    000000d0     iec62056_uart.obj (.text:_isr:USCI_A1_ISR)
                  00004a86    000000b6     SystemISRs.obj (.text:_isr:Port_1)
                  00004b3c    0000007a     Schaduler.obj (.text:_isr:TIMER2_A1_ISR)
                  00004bb6    00000074     DLMS.obj (.text:_isr:TIMER0_A0_isr)
                  00004c2a    0000005a     SystemISRs.obj (.text:_isr:AUX_ISR)
                  00004c84    00000044     PLC_UART.obj (.text:_isr:USCI_A0_ISR)
                  00004cc8    0000001a     rts430x_lc_rd_eabi.lib : boot_special.obj (.text:_isr:_c_int00_noargs_noexit)
                  00004ce2    00000008                            : isr_trap.obj (.text:_isr:__TI_ISR_TRAP)
                  00004cea    00000002     unused_interrupts_handler.obj (.text:_isr:ISR_trap)

.cinit     0    0000ee5c    00000344     
                  0000ee5c    00000322     (.cinit..data.load) [load image, compression = lzss]
                  0000f17e    0000000c     (__TI_handler_table)
                  0000f18a    00000006     (.cinit..bss.load) [load image, compression = zero_init]
                  0000f190    00000010     (__TI_cinit_table)

.binit     0    00004000    00000000     

.init_array 
*          0    00004000    00000000     UNINITIALIZED

.infoB     0    00001900    00000080     
                  00001900    00000080     LPBU.obj (.infoB)

.infoD     0    00001800    00000080     
                  00001800    00000080     calibration.obj (.infoD)

.const     0    0000b6fe    0000375e     
                  0000b6fe    00000938     config_new.obj (.const:object_list)
                  0000c036    00000200     iec62056_46_link.obj (.const:crc_itu16_table)
                  0000c236    00000200     PLC.obj (.const:crctable)
                  0000c436    00000200     emeter-fir-table.obj (.const:fir_coeffs)
                  0000c636    00000100     TI_aes.obj (.const:.string:rsbox)
                  0000c736    00000100     TI_aes.obj (.const:.string:sbox)
                  0000c836    000000ed     instantaneous_values.obj (.const:.string:instantaneous_values_capture_objects)
                  0000c923    00000001     billing_periods_and_profiles.obj (.const)
                  0000c924    00000093     daily_load_profile.obj (.const:.string:daily_load_profile_capture_objects)
                  0000c9b7    00000001     --HOLE-- [fill = 0]
                  0000c9b8    00000093     instantaneous_energy_values_profile.obj (.const:.string:instantaneous_energy_capture_objects)
                  0000ca4b    00000001     --HOLE-- [fill = 0]
                  0000ca4c    00000093     hourly_load_profile.obj (.const:.string:load_profile_capture_objects)
                  0000cadf    00000001     --HOLE-- [fill = 0]
                  0000cae0    0000008c     config_new.obj (.const:$P$T24)
                  0000cb6c    0000007e     config_new.obj (.const:$P$T0)
                  0000cbea    0000007e     config_new.obj (.const:$P$T84)
                  0000cc68    00000070     config_new.obj (.const:$P$T100)
                  0000ccd8    00000070     config_new.obj (.const:$P$T102)
                  0000cd48    00000070     config_new.obj (.const:$P$T105)
                  0000cdb8    00000070     config_new.obj (.const:$P$T119)
                  0000ce28    00000070     config_new.obj (.const:$P$T11)
                  0000ce98    00000070     config_new.obj (.const:$P$T13)
                  0000cf08    00000070     config_new.obj (.const:$P$T39)
                  0000cf78    00000070     config_new.obj (.const:$P$T42)
                  0000cfe8    00000070     config_new.obj (.const:$P$T45)
                  0000d058    00000070     config_new.obj (.const:$P$T49)
                  0000d0c8    00000070     config_new.obj (.const:$P$T52)
                  0000d138    00000070     config_new.obj (.const:$P$T55)
                  0000d1a8    00000070     config_new.obj (.const:$P$T58)
                  0000d218    00000070     config_new.obj (.const:$P$T5)
                  0000d288    00000070     config_new.obj (.const:$P$T61)
                  0000d2f8    00000070     config_new.obj (.const:$P$T64)
                  0000d368    00000070     config_new.obj (.const:$P$T74)
                  0000d3d8    00000070     config_new.obj (.const:$P$T7)
                  0000d448    00000070     config_new.obj (.const:$P$T9)
                  0000d4b8    00000062     config_new.obj (.const:$P$T80)
                  0000d51a    00000056     association_ln.obj (.const:.string:sap_list)
                  0000d570    00000052     activity_calendar.obj (.const:.string:day_profile_table_template)
                  0000d5c2    00000052     activity_calendar.obj (.const:.string:passive_day_profile_table_template)
                  0000d614    0000004c     instantaneous_values.obj (.const:.string:instantanious_profile_buffer_template)
                  0000d660    0000004b     disconnect_event_handling.obj (.const:.string:disconnect_event_log_objects)
                  0000d6ab    00000001     --HOLE-- [fill = 0]
                  0000d6ac    0000004b     firmware_event_handling.obj (.const:.string:firmware_event_log_objects)
                  0000d6f7    00000001     --HOLE-- [fill = 0]
                  0000d6f8    00000048     Logger.obj (.const:default_keys)
                  0000d740    00000048     Logger.obj (.const:default_passwords)
                  0000d788    00000039     synchronization_event_handling.obj (.const:.string:synchronization_event_log_objects)
                  0000d7c1    00000001     --HOLE-- [fill = 0]
                  0000d7c2    00000038     config_new.obj (.const:$P$T131)
                  0000d7fa    00000038     config_new.obj (.const:$P$T32)
                  0000d832    00000038     config_new.obj (.const:$P$T66)
                  0000d86a    00000038     config_new.obj (.const:$P$T69)
                  0000d8a2    00000038     config_new.obj (.const:$P$T71)
                  0000d8da    00000036     disconnect_control_and_log.obj (.const:.string:Disconnect_Scripts_Table)
                  0000d910    00000030     daily_load_profile.obj (.const:.string:daily_load_profile_buffer_template)
                  0000d940    00000030     hourly_load_profile.obj (.const:.string:load_profile_buffer_template)
                  0000d970    0000002e     instantaneous_energy_values_profile.obj (.const:.string:instantaneous_energy_profile_buffer_template)
                  0000d99e    0000002a     config_new.obj (.const:$P$T107)
                  0000d9c8    0000002a     config_new.obj (.const:$P$T108)
                  0000d9f2    0000002a     config_new.obj (.const:$P$T109)
                  0000da1c    0000002a     config_new.obj (.const:$P$T110)
                  0000da46    0000002a     config_new.obj (.const:$P$T111)
                  0000da70    0000002a     config_new.obj (.const:$P$T112)
                  0000da9a    0000002a     config_new.obj (.const:$P$T113)
                  0000dac4    0000002a     config_new.obj (.const:$P$T114)
                  0000daee    0000002a     config_new.obj (.const:$P$T115)
                  0000db18    0000002a     config_new.obj (.const:$P$T116)
                  0000db42    0000002a     config_new.obj (.const:$P$T117)
                  0000db6c    0000002a     config_new.obj (.const:$P$T118)
                  0000db96    0000002a     config_new.obj (.const:$P$T120)
                  0000dbc0    0000002a     config_new.obj (.const:$P$T121)
                  0000dbea    0000002a     config_new.obj (.const:$P$T122)
                  0000dc14    0000002a     config_new.obj (.const:$P$T123)
                  0000dc3e    0000002a     config_new.obj (.const:$P$T124)
                  0000dc68    0000002a     config_new.obj (.const:$P$T133)
                  0000dc92    0000002a     config_new.obj (.const:$P$T134)
                  0000dcbc    0000002a     config_new.obj (.const:$P$T135)
                  0000dce6    0000002a     config_new.obj (.const:$P$T137)
                  0000dd10    0000002a     config_new.obj (.const:$P$T139)
                  0000dd3a    0000002a     config_new.obj (.const:$P$T141)
                  0000dd64    0000002a     config_new.obj (.const:$P$T143)
                  0000dd8e    0000002a     config_new.obj (.const:$P$T145)
                  0000ddb8    0000002a     config_new.obj (.const:$P$T147)
                  0000dde2    0000002a     config_new.obj (.const:$P$T28)
                  0000de0c    0000002a     config_new.obj (.const:$P$T2)
                  0000de36    0000002a     config_new.obj (.const:$P$T33)
                  0000de60    0000002a     config_new.obj (.const:$P$T34)
                  0000de8a    0000002a     config_new.obj (.const:$P$T35)
                  0000deb4    0000002a     config_new.obj (.const:$P$T3)
                  0000dede    0000002a     config_new.obj (.const:$P$T77)
                  0000df08    0000002a     config_new.obj (.const:$P$T79)
                  0000df32    0000002a     config_new.obj (.const:$P$T83)
                  0000df5c    0000002a     config_new.obj (.const:$P$T85)
                  0000df86    0000002a     config_new.obj (.const:$P$T88)
                  0000dfb0    0000002a     config_new.obj (.const:$P$T89)
                  0000dfda    0000002a     config_new.obj (.const:$P$T90)
                  0000e004    0000002a     config_new.obj (.const:$P$T91)
                  0000e02e    0000002a     config_new.obj (.const:$P$T92)
                  0000e058    0000002a     config_new.obj (.const:$P$T93)
                  0000e082    0000002a     config_new.obj (.const:$P$T94)
                  0000e0ac    0000002a     config_new.obj (.const:$P$T95)
                  0000e0d6    0000002a     config_new.obj (.const:$P$T96)
                  0000e100    0000002a     config_new.obj (.const:$P$T97)
                  0000e12a    0000002a     config_new.obj (.const:$P$T98)
                  0000e154    0000002a     config_new.obj (.const:$P$T99)
                  0000e17e    00000027     common_event_handling.obj (.const:.string:common_event_log_objects)
                  0000e1a5    00000001     --HOLE-- [fill = 0]
                  0000e1a6    00000027     non_implemented_events.obj (.const:.string:demand_event_log_objects)
                  0000e1cd    00000001     --HOLE-- [fill = 0]
                  0000e1ce    00000027     non_implemented_events.obj (.const:.string:finished_qual_event_log_objects)
                  0000e1f5    00000001     --HOLE-- [fill = 0]
                  0000e1f6    00000027     fraud_event_handling.obj (.const:.string:fraud_event_log_objects)
                  0000e21d    00000001     --HOLE-- [fill = 0]
                  0000e21e    00000027     non_implemented_events.obj (.const:.string:import_event_log_objects)
                  0000e245    00000001     --HOLE-- [fill = 0]
                  0000e246    00000027     power_qual_event_handling.obj (.const:.string:power_qual_event_log_objects)
                  0000e26d    00000001     --HOLE-- [fill = 0]
                  0000e26e    00000027     event_handling.obj (.const:.string:standard_event_log_objects)
                  0000e295    00000001     --HOLE-- [fill = 0]
                  0000e296    00000026     activity_calendar.obj (.const:.string:season_profile_dummy)
                  0000e2bc    00000020     config_new.obj (.const:$P$T10)
                  0000e2dc    00000020     config_new.obj (.const:$P$T12)
                  0000e2fc    00000020     config_new.obj (.const:$P$T14)
                  0000e31c    00000020     config_new.obj (.const:$P$T6)
                  0000e33c    00000020     config_new.obj (.const:$P$T81)
                  0000e35c    00000020     config_new.obj (.const:$P$T8)
                  0000e37c    00000020     firmware_event_handling.obj (.const:.string:firmware_event_log_template)
                  0000e39c    00000020     synchronization_event_handling.obj (.const:.string:synchronization_event_log_template)
                  0000e3bc    0000001c     config_new.obj (.const:$P$T101)
                  0000e3d8    0000001c     config_new.obj (.const:$P$T104)
                  0000e3f4    0000001c     config_new.obj (.const:$P$T125)
                  0000e410    0000001c     config_new.obj (.const:$P$T126)
                  0000e42c    0000001c     config_new.obj (.const:$P$T127)
                  0000e448    0000001c     config_new.obj (.const:$P$T128)
                  0000e464    0000001c     config_new.obj (.const:$P$T129)
                  0000e480    0000001c     config_new.obj (.const:$P$T130)
                  0000e49c    0000001c     config_new.obj (.const:$P$T132)
                  0000e4b8    0000001c     config_new.obj (.const:$P$T15)
                  0000e4d4    0000001c     config_new.obj (.const:$P$T16)
                  0000e4f0    0000001c     config_new.obj (.const:$P$T17)
                  0000e50c    0000001c     config_new.obj (.const:$P$T18)
                  0000e528    0000001c     config_new.obj (.const:$P$T19)
                  0000e544    0000001c     config_new.obj (.const:$P$T1)
                  0000e560    0000001c     config_new.obj (.const:$P$T20)
                  0000e57c    0000001c     config_new.obj (.const:$P$T21)
                  0000e598    0000001c     config_new.obj (.const:$P$T22)
                  0000e5b4    0000001c     config_new.obj (.const:$P$T23)
                  0000e5d0    0000001c     config_new.obj (.const:$P$T26)
                  0000e5ec    0000001c     config_new.obj (.const:$P$T29)
                  0000e608    0000001c     config_new.obj (.const:$P$T30)
                  0000e624    0000001c     config_new.obj (.const:$P$T36)
                  0000e640    0000001c     config_new.obj (.const:$P$T37)
                  0000e65c    0000001c     config_new.obj (.const:$P$T38)
                  0000e678    0000001c     config_new.obj (.const:$P$T41)
                  0000e694    0000001c     config_new.obj (.const:$P$T44)
                  0000e6b0    0000001c     config_new.obj (.const:$P$T47)
                  0000e6cc    0000001c     config_new.obj (.const:$P$T48)
                  0000e6e8    0000001c     config_new.obj (.const:$P$T4)
                  0000e704    0000001c     config_new.obj (.const:$P$T51)
                  0000e720    0000001c     config_new.obj (.const:$P$T54)
                  0000e73c    0000001c     config_new.obj (.const:$P$T57)
                  0000e758    0000001c     config_new.obj (.const:$P$T60)
                  0000e774    0000001c     config_new.obj (.const:$P$T63)
                  0000e790    0000001c     config_new.obj (.const:$P$T67)
                  0000e7ac    0000001c     config_new.obj (.const:$P$T73)
                  0000e7c8    0000001c     config_new.obj (.const:$P$T76)
                  0000e7e4    0000001c     config_new.obj (.const:$P$T78)
                  0000e800    0000001c     config_new.obj (.const:$P$T82)
                  0000e81c    0000001c     config_new.obj (.const:$P$T86)
                  0000e838    0000001c     other_abstract_objects.obj (.const:.string:GlobalReset_Scripts_Table)
                  0000e854    0000001c     billing_periods_and_profiles.obj (.const:.string:billing_script)
                  0000e870    0000001c     activity_calendar.obj (.const:.string:week_profile_table_dummy)
                  0000e88c    0000001a     firmware_update.obj (.const:.string:image_to_activate_info)
                  0000e8a6    0000001a     instantaneous_values.obj (.const:instantanious_profile_column_szs)
                  0000e8c0    00000017     iec62056_46_link.obj (.const:.string:body$1)
                  0000e8d7    00000001     --HOLE-- [fill = 0]
                  0000e8d8    00000016     emeter-main.obj (.const:$P$T0$2)
                  0000e8ee    00000016     PLC.obj (.const:$P$T1$1)
                  0000e904    00000016     Logger.obj (.const:$P$T3$4)
                  0000e91a    00000016     disconnect_event_handling.obj (.const:.string:disconnect_event_log_template)
                  0000e930    00000016     billing_periods_and_profiles.obj (.const:billing_script_execution_time_template_column_szs)
                  0000e946    00000013     config_new.obj (.const:.string:context_info)
                  0000e959    00000001     --HOLE-- [fill = 0]
                  0000e95a    00000012     common_event_handling.obj (.const:.string:common_event_log_template)
                  0000e96c    00000012     non_implemented_events.obj (.const:.string:demand_event_log_template)
                  0000e97e    00000012     non_implemented_events.obj (.const:.string:finished_qual_event_log_template)
                  0000e990    00000012     fraud_event_handling.obj (.const:.string:fraud_event_log_template)
                  0000e9a2    00000012     non_implemented_events.obj (.const:.string:import_event_log_template)
                  0000e9b4    00000012     power_qual_event_handling.obj (.const:.string:power_qual_event_log_template)
                  0000e9c6    00000012     event_handling.obj (.const:.string:standard_event_log_template)
                  0000e9d8    00000011     activity_calendar.obj (.const:.string:passive_calendar_name)
                  0000e9e9    00000001     --HOLE-- [fill = 0]
                  0000e9ea    00000010     config_new.obj (.const:$P$T103)
                  0000e9fa    00000010     config_new.obj (.const:$P$T106)
                  0000ea0a    00000010     config_new.obj (.const:$P$T144)
                  0000ea1a    00000010     config_new.obj (.const:$P$T27)
                  0000ea2a    00000010     config_new.obj (.const:$P$T40)
                  0000ea3a    00000010     config_new.obj (.const:$P$T43)
                  0000ea4a    00000010     config_new.obj (.const:$P$T46)
                  0000ea5a    00000010     config_new.obj (.const:$P$T50)
                  0000ea6a    00000010     config_new.obj (.const:$P$T53)
                  0000ea7a    00000010     config_new.obj (.const:$P$T56)
                  0000ea8a    00000010     config_new.obj (.const:$P$T59)
                  0000ea9a    00000010     config_new.obj (.const:$P$T62)
                  0000eaaa    00000010     config_new.obj (.const:$P$T65)
                  0000eaba    00000010     config_new.obj (.const:$P$T70)
                  0000eaca    00000010     config_new.obj (.const:$P$T72)
                  0000eada    00000010     config_new.obj (.const:$P$T75)
                  0000eaea    00000010     activity_calendar.obj (.const:.string:active_calendar_name)
                  0000eafa    00000010     daily_load_profile.obj (.const:daily_load_profile_column_szs)
                  0000eb0a    00000010     hourly_load_profile.obj (.const:load_profile_column_szs)
                  0000eb1a    0000000e     instantaneous_energy_values_profile.obj (.const:instantaneous_energy_profile_column_szs)
                  0000eb28    0000000d     activity_calendar.obj (.const:.string:$P$T0$1)
                  0000eb35    00000001     --HOLE-- [fill = 0]
                  0000eb36    0000000d     clock.obj (.const:.string:$P$T0$1)
                  0000eb43    00000001     --HOLE-- [fill = 0]
                  0000eb44    0000000d     activity_calendar.obj (.const:.string:activate_passive_calendar_time)
                  0000eb51    00000001     --HOLE-- [fill = 0]
                  0000eb52    0000000d     billing_periods_and_profiles.obj (.const:.string:executed_billing_script)
                  0000eb5f    00000001     --HOLE-- [fill = 0]
                  0000eb60    0000000d     disconnect_control_and_log.obj (.const:.string:executed_diconnect_control_script)
                  0000eb6d    00000001     --HOLE-- [fill = 0]
                  0000eb6e    0000000d     emeter-toolkit.lib : rtc.obj (.const:.string:month_lengths)
                  0000eb7b    00000001     --HOLE-- [fill = 0]
                  0000eb7c    0000000c     Blob.obj (.const:.string:$P$T0$1)
                  0000eb88    0000000c     app_server_msgs.obj (.const:.string:$P$T0$1)
                  0000eb94    0000000c     app_server_msgs.obj (.const:.string:$P$T1$2)
                  0000eba0    0000000c     app_server_msgs.obj (.const:.string:$P$T12$13)
                  0000ebac    0000000c     app_server_msgs.obj (.const:.string:$P$T13$14)
                  0000ebb8    0000000c     app_server_msgs.obj (.const:.string:$P$T2$3)
                  0000ebc4    0000000c     app_server_msgs.obj (.const:.string:$P$T3$4)
                  0000ebd0    0000000c     app_server_msgs.obj (.const:.string:$P$T4$5)
                  0000ebdc    0000000c     app_server_msgs.obj (.const:.string:$P$T5$6)
                  0000ebe8    0000000c     app_server_msgs.obj (.const:.string:$P$T6$7)
                  0000ebf4    0000000c     app_server_msgs.obj (.const:.string:$P$T7$8)
                  0000ec00    0000000c     app_server_msgs.obj (.const:.string:$P$T8$9)
                  0000ec0c    0000000c     config_new.obj (.const:acceptable_conformance)
                  0000ec18    0000000b     LCD_C.obj (.const:.string:LCD_CHAR)
                  0000ec23    00000001     --HOLE-- [fill = 0]
                  0000ec24    0000000b     TI_aes.obj (.const:.string:Rcon)
                  0000ec2f    00000001     --HOLE-- [fill = 0]
                  0000ec30    0000000a     common_event_handling.obj (.const:$P$T0$1)
                  0000ec3a    0000000a     daily_load_profile.obj (.const:$P$T0$1)
                  0000ec44    0000000a     disconnect_event_handling.obj (.const:$P$T0$1)
                  0000ec4e    0000000a     event_handling.obj (.const:$P$T0$1)
                  0000ec58    0000000a     firmware_event_handling.obj (.const:$P$T0$1)
                  0000ec62    0000000a     fraud_event_handling.obj (.const:$P$T0$1)
                  0000ec6c    0000000a     power_qual_event_handling.obj (.const:$P$T0$1)
                  0000ec76    0000000a     synchronization_event_handling.obj (.const:$P$T0$1)
                  0000ec80    0000000a     common_event_handling.obj (.const:$P$T1$2)
                  0000ec8a    0000000a     daily_load_profile.obj (.const:$P$T1$2)
                  0000ec94    0000000a     disconnect_event_handling.obj (.const:$P$T1$2)
                  0000ec9e    0000000a     event_handling.obj (.const:$P$T1$2)
                  0000eca8    0000000a     firmware_event_handling.obj (.const:$P$T1$2)
                  0000ecb2    0000000a     fraud_event_handling.obj (.const:$P$T1$2)
                  0000ecbc    0000000a     power_qual_event_handling.obj (.const:$P$T1$2)
                  0000ecc6    0000000a     synchronization_event_handling.obj (.const:$P$T1$2)
                  0000ecd0    0000000a     hourly_load_profile.obj (.const:$P$T2$3)
                  0000ecda    0000000a     hourly_load_profile.obj (.const:$P$T3$4)
                  0000ece4    0000000a     event_handling.obj (.const)
                  0000ecee    0000000a     other_abstract_objects.obj (.const)
                  0000ecf8    00000008     config_new.obj (.const:$P$T136)
                  0000ed00    00000008     config_new.obj (.const:$P$T138)
                  0000ed08    00000008     config_new.obj (.const:$P$T140)
                  0000ed10    00000008     config_new.obj (.const:$P$T142)
                  0000ed18    00000008     config_new.obj (.const:$P$T146)
                  0000ed20    00000008     config_new.obj (.const:$P$T25)
                  0000ed28    00000008     config_new.obj (.const:$P$T31)
                  0000ed30    00000008     config_new.obj (.const:$P$T68)
                  0000ed38    00000008     config_new.obj (.const:$P$T87)
                  0000ed40    00000008     association_ln.obj (.const:.string:application_context_name_logical_names)
                  0000ed48    00000008     association_ln.obj (.const:.string:auth_mech_name_HS)
                  0000ed50    00000008     association_ln.obj (.const:.string:auth_mech_name_LS)
                  0000ed58    00000008     association_ln.obj (.const:.string:auth_mech_name_NS)
                  0000ed60    00000008     iec62056_46_link.obj (.const:.string)
                  0000ed68    00000008     firmware_event_handling.obj (.const:firmware_event_log_column_szs)
                  0000ed70    00000008     emeter-foreground.obj (.const:sd16_locations$1)
                  0000ed78    00000007     association_ln.obj (.const:.string:partner_HS)
                  0000ed7f    00000001     --HOLE-- [fill = 0]
                  0000ed80    00000007     association_ln.obj (.const:.string:partner_LS)
                  0000ed87    00000001     --HOLE-- [fill = 0]
                  0000ed88    00000007     association_ln.obj (.const:.string:partner_NS)
                  0000ed8f    00000001     --HOLE-- [fill = 0]
                  0000ed90    00000006     Blob.obj (.const:.string:$P$T1$2)
                  0000ed96    00000006     config_new.obj (.const:.string:scalar_unit_Frequency)
                  0000ed9c    00000006     config_new.obj (.const:.string:scalar_unit_I)
                  0000eda2    00000006     config_new.obj (.const:.string:scalar_unit_KVA)
                  0000eda8    00000006     config_new.obj (.const:.string:scalar_unit_KW)
                  0000edae    00000006     config_new.obj (.const:.string:scalar_unit_PF)
                  0000edb4    00000006     config_new.obj (.const:.string:scalar_unit_ThresholdVoltageSag_Swell)
                  0000edba    00000006     config_new.obj (.const:.string:scalar_unit_Time)
                  0000edc0    00000006     config_new.obj (.const:.string:scalar_unit_Time_Shift_EvtLim)
                  0000edc6    00000006     config_new.obj (.const:.string:scalar_unit_V)
                  0000edcc    00000006     config_new.obj (.const:.string:scalar_unit_active_power)
                  0000edd2    00000006     config_new.obj (.const:.string:scalar_unit_dem_colseToContractPower)
                  0000edd8    00000006     config_new.obj (.const:.string:scalar_unit_power_current_voltage_calib)
                  0000edde    00000006     config_new.obj (.const:.string:scalar_unit_reactive_energy)
                  0000ede4    00000006     config_new.obj (.const:.string:scalar_unit_referance_voltage)
                  0000edea    00000006     config_new.obj (.const:.string:scalar_unit_total_active_energy_import)
                  0000edf0    00000006     disconnect_event_handling.obj (.const:disconnect_event_log_column_szs)
                  0000edf6    00000006     activity_calendar.obj (.const:special_days_column_size)
                  0000edfc    00000006     synchronization_event_handling.obj (.const:synchronization_event_log_column_szs)
                  0000ee02    00000005     Logger.obj (.const:.string:$P$T0$1)
                  0000ee07    00000001     --HOLE-- [fill = 0]
                  0000ee08    00000005     Logger.obj (.const:.string:$P$T1$2)
                  0000ee0d    00000001     --HOLE-- [fill = 0]
                  0000ee0e    00000004     app_server_msgs.obj (.const:.string:$P$T10$11)
                  0000ee12    00000004     app_server_msgs.obj (.const:.string:$P$T11$12)
                  0000ee16    00000004     Logger.obj (.const:.string:$P$T2$3)
                  0000ee1a    00000004     app_server_msgs.obj (.const:.string:$P$T9$10)
                  0000ee1e    00000004     common_event_handling.obj (.const)
                  0000ee22    00000004     common_event_handling.obj (.const:common_event_log_column_szs)
                  0000ee26    00000004     config_new.obj (.const)
                  0000ee2a    00000004     non_implemented_events.obj (.const:demand_event_log_column_szs)
                  0000ee2e    00000004     disconnect_event_handling.obj (.const)
                  0000ee32    00000004     non_implemented_events.obj (.const:finished_qual_event_log_column_szs)
                  0000ee36    00000004     firmware_event_handling.obj (.const)
                  0000ee3a    00000004     fraud_event_handling.obj (.const)
                  0000ee3e    00000004     fraud_event_handling.obj (.const:fraud_event_log_column_szs)
                  0000ee42    00000004     non_implemented_events.obj (.const:import_event_log_column_szs)
                  0000ee46    00000004     non_implemented_events.obj (.const)
                  0000ee4a    00000004     power_qual_event_handling.obj (.const)
                  0000ee4e    00000004     power_qual_event_handling.obj (.const:power_qual_event_log_column_szs)
                  0000ee52    00000004     event_handling.obj (.const:standard_event_log_column_szs)
                  0000ee56    00000004     synchronization_event_handling.obj (.const)
                  0000ee5a    00000002     UI.obj (.const)

RTC        0    0000ffd0    00000002     
                  0000ffd0    00000002     emeter-rtc.obj (.int40)

LCD_C      0    0000ffd2    00000002     
                  0000ffd2    00000002     unused_interrupts_handler.obj (.int41)

TIMER3_A1 
*          0    0000ffd4    00000002     
                  0000ffd4    00000002     unused_interrupts_handler.obj (.int42)

TIMER3_A0 
*          0    0000ffd6    00000002     
                  0000ffd6    00000002     unused_interrupts_handler.obj (.int43)

PORT2      0    0000ffd8    00000002     
                  0000ffd8    00000002     unused_interrupts_handler.obj (.int44)

TIMER2_A1 
*          0    0000ffda    00000002     
                  0000ffda    00000002     Schaduler.obj (.int45)

TIMER2_A0 
*          0    0000ffdc    00000002     
                  0000ffdc    00000002     unused_interrupts_handler.obj (.int46)

PORT1      0    0000ffde    00000002     
                  0000ffde    00000002     SystemISRs.obj (.int47)

TIMER1_A1 
*          0    0000ffe0    00000002     
                  0000ffe0    00000002     unused_interrupts_handler.obj (.int48)

TIMER1_A0 
*          0    0000ffe2    00000002     
                  0000ffe2    00000002     unused_interrupts_handler.obj (.int49)

DMA        0    0000ffe4    00000002     
                  0000ffe4    00000002     unused_interrupts_handler.obj (.int50)

AUX        0    0000ffe6    00000002     
                  0000ffe6    00000002     SystemISRs.obj (.int51)

USCI_A2    0    0000ffe8    00000002     
                  0000ffe8    00000002     unused_interrupts_handler.obj (.int52)

USCI_A1    0    0000ffea    00000002     
                  0000ffea    00000002     iec62056_uart.obj (.int53)

TIMER0_A1 
*          0    0000ffec    00000002     
                  0000ffec    00000002     rts430x_lc_rd_eabi.lib : int54.obj (.int54)

TIMER0_A0 
*          0    0000ffee    00000002     
                  0000ffee    00000002     DLMS.obj (.int55)

SD24B      0    0000fff0    00000002     
                  0000fff0    00000002     emeter-background.obj (.int56)

ADC10      0    0000fff2    00000002     
                  0000fff2    00000002     unused_interrupts_handler.obj (.int57)

USCI_B0    0    0000fff4    00000002     
                  0000fff4    00000002     unused_interrupts_handler.obj (.int58)

USCI_A0    0    0000fff6    00000002     
                  0000fff6    00000002     PLC_UART.obj (.int59)

WDT        0    0000fff8    00000002     
                  0000fff8    00000002     unused_interrupts_handler.obj (.int60)

UNMI       0    0000fffa    00000002     
                  0000fffa    00000002     unused_interrupts_handler.obj (.int61)

SYSNMI     0    0000fffc    00000002     
                  0000fffc    00000002     unused_interrupts_handler.obj (.int62)

.reset     0    0000fffe    00000002     
                  0000fffe    00000002     rts430x_lc_rd_eabi.lib : boot.obj (.reset)

.text.1    0    00004cec    00006a12     
                  00004cec    000000a2     hal_pmm.obj (.text:SetVCoreDown)
                  00004d8e    000000a0     Attach.obj (.text:Attach_Request)
                  00004e2e    0000009e     firmware_update.obj (.text:image_block_transfer)
                  00004ecc    0000009c     Relay.obj (.text:InitRelay)
                  00004f68    0000009c     Logger.obj (.text:getLastLogAddress)
                  00005004    0000009a     Logger.obj (.text:get_event_overlap_flag)
                  0000509e    0000009a     firmware_update.obj (.text:image_transfer_initiate)
                  00005138    00000098     utilities.obj (.text:getTimeStamp)
                  000051d0    00000096     Tamper.obj (.text:LCTamperDetected)
                  00005266    00000094     Tamper.obj (.text:UCTamperDetected)
                  000052fa    00000094     app_server_msgs.obj (.text:loadDailyProfilePassive_dlms)
                  0000538e    00000094     app_server_msgs.obj (.text:loadDailyProfile_dlms)
                  00005422    00000094     synchronization_event_handling.obj (.text:obj_synchronization_event_log_capture)
                  000054b6    00000094     UI.obj (.text:processKey)
                  0000554a    00000092     utilities.obj (.text:compare_time)
                  000055dc    00000092     Logger.obj (.text:getEnergy)
                  0000566e    00000092     Logger.obj (.text:get_daily_snapshot_energy)
                  00005700    00000090     Data_Transfer.obj (.text:DataTransferIndication)
                  00005790    00000090     Logger.obj (.text:getMeterStatus)
                  00005820    00000090     Logger.obj (.text:get_daily_snapshot_energy_profile)
                  000058b0    00000090     emeter-foreground.obj (.text:power_factor)
                  00005940    00000090     rts430x_lc_rd_eabi.lib : fs_div.obj (.text)
                  000059d0    0000008e     MAC_PIB.obj (.text:GET_MAC_PIB_rep)
                  00005a5e    0000008e     firmware_update.obj (.text:get_image_first_not_transferred_block_number)
                  00005aec    0000008e     Tariff.obj (.text:initTariff)
                  00005b7a    0000008e     Logger.obj (.text:setNominalValues)
                  00005c08    0000008c     emeter-toolkit.lib : flash_replace16.obj (.text:flash_replace16)
                  00005c94    0000008a     I2C2EEPROM.obj (.text:EEPROM2_ReadLong)
                  00005d1e    0000008a     LCD_C.obj (.text:all_segments_on)
                  00005da8    00000088     iec62056_46_link.obj (.text:iec62056_46_link_idle_timeout)
                  00005e30    00000088     Logger.obj (.text:setTariffSchaduleTimeslot)
                  00005eb8    00000088     Logger.obj (.text:setTariffSchaduleTimeslotPassive)
                  00005f40    00000086     Tariff.obj (.text:GetCurrentMinuteTariffTimeSlot)
                  00005fc6    00000086     daily_load_profile.obj (.text:capture_daily_snapshot)
                  0000604c    00000086     Logger.obj (.text:getEvent2)
                  000060d2    00000086     Logger.obj (.text:get_fraud_event)
                  00006158    00000086     Logger.obj (.text:get_power_qual_event)
                  000061de    00000084     I2C2EEPROM.obj (.text:EEPROM2_ReadNextLong)
                  00006262    00000084     I2C2EEPROM.obj (.text:EEPROM2_WriteNextInt8)
                  000062e6    00000084     Blob.obj (.text:ProcessReadBlob)
                  0000636a    00000084     Logger.obj (.text:getRTCCheck)
                  000063ee    00000084     Logger.obj (.text:get_firmware_event)
                  00006472    00000084     Logger.obj (.text:get_hourly_energy_log_time_stamp)
                  000064f6    00000084     Logger.obj (.text:get_synchronization_event)
                  0000657a    00000084     I2C2EEPROM.obj (.text:write_mem)
                  000065fe    00000082     rts430x_lc_rd_eabi.lib : autoinit_wdt.obj (.text:_auto_init_hold_wdt)
                  00006680    00000082     Logger.obj (.text:getEvent)
                  00006702    00000082     Logger.obj (.text:get_common_event)
                  00006784    00000080     Logger.obj (.text:get_synchronization_event_log)
                  00006804    0000007e     eeprom_read.obj (.text)
                  00006882    0000007e     firmware_event_handling.obj (.text:obj_firmware_event_log_capture)
                  00006900    0000007e     Logger.obj (.text:writeFirmwareBlock)
                  0000697e    0000007a     Logger.obj (.text:setMaxValues)
                  000069f8    0000007a     emeter-setup.obj (.text:switch_to_normal_mode)
                  00006a72    00000078     emeter-foreground.obj (.text:apparent_power)
                  00006aea    00000078     rts430x_lc_rd_eabi.lib : copy_decompress_lzss.obj (.text:decompress:lzss:__TI_decompress_lzss)
                  00006b62    00000076     association_ln.obj (.text:authentication_secret_LS)
                  00006bd8    00000074     I2C2EEPROM.obj (.text:EEPROM2_ReadNextInt8)
                  00006c4c    00000074     Logger.obj (.text:getEnergy2)
                  00006cc0    00000074     Logger.obj (.text:getMinValues)
                  00006d34    00000074     Logger.obj (.text:get_disconnect_event)
                  00006da8    00000074     iec62056_46_link.obj (.text:send_rr)
                  00006e1c    00000072     Tariff.obj (.text:CheckTariff)
                  00006e8e    00000072     event_handling.obj (.text:find_num_total_Standard_Event_Log_entries)
                  00006f00    00000072     daily_load_profile.obj (.text:find_num_total_daily_energy_log_entries)
                  00006f72    00000072     fraud_event_handling.obj (.text:find_num_total_fraud_event_log_entries)
                  00006fe4    00000072     power_qual_event_handling.obj (.text:find_num_total_power_qual_event_log_entries)
                  00007056    00000072     event_handling.obj (.text:obj_event_log_capture)
                  000070c8    00000072     iec62056_46_link.obj (.text:send_ua)
                  0000713a    00000070     firmware_event_handling.obj (.text:find_num_total_firmware_event_log_entries)
                  000071aa    00000070     synchronization_event_handling.obj (.text:find_num_total_synchronization_event_log_entries)
                  0000721a    00000070     Logger.obj (.text:get_disconnect_event_log)
                  0000728a    0000006e     PLC_UART.obj (.text:InitPLCUART)
                  000072f8    0000006e     LCD_C_Graphics.obj (.text:display_next_item_c)
                  00007366    0000006e     common_event_handling.obj (.text:find_num_total_common_event_log_entries)
                  000073d4    0000006e     disconnect_event_handling.obj (.text:find_num_total_disconnect_event_log_entries)
                  00007442    0000006e     hourly_load_profile.obj (.text:find_num_total_energy_log_entries)
                  000074b0    0000006e     disconnect_event_handling.obj (.text:obj_disconnect_event_log_capture)
                  0000751e    0000006e     iec62056_46_link.obj (.text:send_dm)
                  0000758c    0000006e     iec62056_46_link.obj (.text:send_frmr)
                  000075fa    0000006c     battery_monitor.obj (.text:CheckBattery)
                  00007666    0000006c     server_msgs.obj (.text:send_confirmed_service_error)
                  000076d2    0000006c     Logger.obj (.text:setPassword)
                  0000773e    0000006a     iec62056_uart.obj (.text:InitIECUART)
                  000077a8    0000006a     Logger.obj (.text:logMeterStatus)
                  00007812    0000006a     common_event_handling.obj (.text:obj_common_event_log_capture)
                  0000787c    0000006a     power_qual_event_handling.obj (.text:obj_power_qual_event_log_capture)
                  000078e6    0000006a     DLMS.obj (.text:send_frame)
                  00007950    00000068     Attach.obj (.text:Attach_Confirm)
                  000079b8    00000068     MAC_PIB.obj (.text:GET_MAC_PIB_Request)
                  00007a20    00000068     rts430x_lc_rd_eabi.lib : fixdul.obj (.text:__mspabi_fixdul)
                  00007a88    00000068     Logger.obj (.text:getPassword)
                  00007af0    00000068     fraud_event_handling.obj (.text:obj_fraud_event_log_capture)
                  00007b58    00000066     rts430x_lc_rd_eabi.lib : cpy_tbl.obj (.text:copy_in)
                  00007bbe    00000066     Logger.obj (.text:setRTCCheck)
                  00007c24    00000064     I2C2EEPROM.obj (.text:EEPROM2_WriteLong)
                  00007c88    00000064     Logger.obj (.text:setEnergyOverlapFlag)
                  00007cec    00000060     iec62056_46_link.obj (.text:check_rx_nr)
                  00007d4c    00000060     Logger.obj (.text:get_common_event_log)
                  00007dac    00000060     Logger.obj (.text:get_fraud_event_log)
                  00007e0c    00000060     Logger.obj (.text:get_power_qual_event_log)
                  00007e6c    00000060     Logger.obj (.text:setMacAddress)
                  00007ecc    0000005e     Alarm.obj (.text:SETUP_ALARM_Request)
                  00007f2a    0000005e     long_power_failures.obj (.text:change_threshold_for_long_power_failure)
                  00007f88    0000005e     manufacturer_specific_objects.obj (.text:decrement_balance)
                  00007fe6    0000005e     emeter-rtc.obj (.text:getHardwareTime)
                  00008044    0000005e     manufacturer_specific_objects.obj (.text:increment_balance)
                  000080a2    0000005c     Relay.obj (.text:CheckConnectionIsEnabled)
                  000080fe    0000005c     rts430x_lc_rd_eabi.lib : mult64_f5hw.obj (.text:__mpyll)
                  0000815a    0000005c     flash_programmer.obj (.text)
                  000081b6    0000005a     Logger.obj (.text:getCurrentBalance)
                  00008210    0000005a     common_event_handling.obj (.text:obj_common_event_log_reset)
                  0000826a    0000005a     disconnect_event_handling.obj (.text:obj_disconnect_event_log_reset)
                  000082c4    0000005a     event_handling.obj (.text:obj_event_log_reset)
                  0000831e    0000005a     firmware_event_handling.obj (.text:obj_firmware_event_log_reset)
                  00008378    0000005a     power_qual_event_handling.obj (.text:obj_power_qual_event_log_reset)
                  000083d2    0000005a     firmware_loader.obj (.text:reset_firmware_upgrate_parameters)
                  0000842c    00000058     Logger.obj (.text:getLogicDeviceName)
                  00008484    00000058     Logger.obj (.text:getRelayStatus)
                  000084dc    00000058     Logger.obj (.text:get_hourly_energy_log_ts)
                  00008534    00000058     rts430x_lc_rd_eabi.lib : div32u.obj (.text)
                  0000858c    00000056     UI.obj (.text:InitUI)
                  000085e2    00000056     emeter-toolkit.lib : dc_filter24.obj (.text)
                  00008638    00000056     fraud_event_handling.obj (.text:obj_fraud_event_log_reset)
                  0000868e    00000056     synchronization_event_handling.obj (.text:obj_synchronization_event_log_reset)
                  000086e4    00000054     app_server_msgs.obj (.text:loadCurrentHoliday)
                  00008738    00000054     Queue.obj (.text:queue_isFull)
                  0000878c    00000054     Logger.obj (.text:reFormatMemoryFormatIndicator)
                  000087e0    00000052     I2C2.obj (.text:I2C2NACK)
                  00008832    00000052     Shutdown.obj (.text:Shutdown_Request)
                  00008884    00000052     power_quality.obj (.text:change_threshold_voltage_sag)
                  000088d6    00000052     Logger.obj (.text:readAllFirwmareBlockStatus)
                  00008928    00000052     manufacturer_specific_objects.obj (.text:reset_persistent_events)
                  0000897a    00000050     I2C2.obj (.text:I2C2getACK)
                  000089ca    00000050     power_quality.obj (.text:change_threshold_voltage_swell)
                  00008a1a    00000050     SystemISRs.obj (.text:custom_power_restore_handler)
                  00008a6a    00000050     errors.obj (.text:getNextError)
                  00008aba    00000050     iec62056_46_link.obj (.text:hdlc_async_tx_add_body)
                  00008b0a    00000050     Logger.obj (.text:setMinValues)
                  00008b5a    0000004e     errors.obj (.text:AddError)
                  00008ba8    0000004e     LCD_C.obj (.text:clear_all_english_indicatros)
                  00008bf6    0000004e     DLMS.obj (.text:init_dlms)
                  00008c44    0000004e     LCD_C.obj (.text:show_all_english_indicatros)
                  00008c92    0000004c     eeprom_read_interface.obj (.text:InitI2C)
                  00008cde    0000004c     emeter-toolkit.lib : flash_replace32.obj (.text:flashBackup)
                  00008d2a    0000004c     Logger.obj (.text:getMacAddress)
                  00008d76    0000004c     rts430x_lc_rd_eabi.lib : fs_toul.obj (.text)
                  00008dc2    0000004c     UI.obj (.text:testKey)
                  00008e0e    0000004c     firmware_update.obj (.text:updateBlocksStatus)
                  00008e5a    0000004a     Tariff.obj (.text:CalculateBilling)
                  00008ea4    0000004a     identification_numbers.obj (.text:change_device_id5)
                  00008eee    0000004a     identification_numbers.obj (.text:change_device_id6)
                  00008f38    0000004a     identification_numbers.obj (.text:change_device_id7)
                  00008f82    0000004a     uart_comms.obj (.text:configure_uart_port)
                  00008fcc    0000004a     association_ln.obj (.text:get_set_device_identifier)
                  00009016    0000004a     rts430x_lc_rd_eabi.lib : fs_cmp.obj (.text)
                  00009060    0000004a     Logger.obj (.text:setLogicDeviceName)
                  000090aa    0000004a     Logger.obj (.text:updatateFirwmareBlockStatus)
                  000090f4    00000048     I2C2EEPROM.obj (.text:EEPROM2_WriteNextLong)
                  0000913c    00000048     I2C2.obj (.text:I2C2WriteInt8)
                  00009184    00000048     identification_numbers.obj (.text:change_device_id2)
                  000091cc    00000048     identification_numbers.obj (.text:change_device_id4)
                  00009214    00000048     identification_numbers.obj (.text:change_device_id8)
                  0000925c    00000048     identification_numbers.obj (.text:change_meter_serial_number)
                  000092a4    00000048     hourly_load_profile.obj (.text:obj_load_profile_reset)
                  000092ec    00000046     server_msgs.obj (.text:check_context_name)
                  00009332    00000044     Schaduler.obj (.text:ScaduleTask)
                  00009376    00000044     long_power_failures.obj (.text:change_time_threshold_for_long_power_failure)
                  000093ba    00000044     Schaduler.obj (.text:executeTasks)
                  000093fe    00000044     emeter-rtc.obj (.text:get_weekday)
                  00009442    00000044     emeter-rtc.obj (.text:init_rtc)
                  00009486    00000044     emeter-rtc.obj (.text:is_time_valid)
                  000094ca    00000044     Queue.obj (.text:queue_dequeue)
                  0000950e    00000044     Queue.obj (.text:queue_enqueue)
                  00009552    00000044     emeter-foreground.obj (.text:voltage)
                  00009596    00000044     Logger.obj (.text:writeImageIdentifier)
                  000095da    00000042     I2C2.obj (.text:I2C2GenerateStartCondition)
                  0000961c    00000042     I2C2.obj (.text:I2C2ReadInt8)
                  0000965e    00000042     PLC.obj (.text:InitPLC)
                  000096a0    00000042     emeter-main.obj (.text:ProcessDiagnosisResult)
                  000096e2    00000042     Tamper.obj (.text:initTamper)
                  00009724    00000042     EthioCalender.obj (.text:mod)
                  00009766    00000042     FixedActivities.obj (.text:per_minute_activity)
                  000097a8    00000042     manufacturer_specific_objects.obj (.text:reset_alarms)
                  000097ea    00000042     LCD_C.obj (.text:show_all_non_uint_indicators)
                  0000982c    00000040     MAC_PIB.obj (.text:Get_Mac_PIB_TimedOut)
                  0000986c    00000040     hal_pmm.obj (.text:SetVCore)
                  000098ac    00000040     rts430x_lc_rd_eabi.lib : asr64.obj (.text:__mspabi_srall)
                  000098ec    00000040     uart_comms.obj (.text:change_uart_a1_to_7e1_x_bd)
                  0000992c    00000040     iec62056_46_link.obj (.text:hdlc_async_tx_build)
                  0000996c    00000040     iec62056_46_link.obj (.text:iec62056_46_link_init)
                  000099ac    00000040     Logger.obj (.text:isMFormatRequired)
                  000099ec    00000040     DLMS.obj (.text:process_dlms_frame)
                  00009a2c    00000040     rts430x_lc_rd_eabi.lib : div32s.obj (.text)
                  00009a6c    00000040     Logger.obj (.text:setCurrentBalance)
                  00009aac    00000040     Logger.obj (.text:setRelayStatus)
                  00009aec    00000040     Tariff.obj (.text:writeDailyProfilePassive_dlms)
                  00009b2c    0000003e     Logger.obj (.text:EEPROM_reformatImageTransferStatusBytes)
                  00009b6a    0000003e     LCD_C.obj (.text:clear_all_amharic_indicators)
                  00009ba8    0000003e     emeter-toolkit.lib : isqrt32.obj (.text)
                  00009be6    0000003e     server_msgs.obj (.text:extract_cosem_asn1)
                  00009c24    0000003e     emeter-foreground.obj (.text:frequency)
                  00009c62    0000003e     rts430x_lc_rd_eabi.lib : asr32.obj (.text:l_asr_const)
                  00009ca0    0000003e                            : lsl32.obj (.text:l_lsl_const)
                  00009cde    0000003e                            : lsr32.obj (.text:l_lsr_const)
                  00009d1c    0000003e     daily_load_profile.obj (.text:obj_daily_load_profile_reset)
                  00009d5a    0000003e     LCD_C.obj (.text:show_all_amharic_indicators)
                  00009d98    0000003c     DLMS.obj (.text:dl_connect_indication)
                  00009dd4    0000003c     Logger.obj (.text:getBackToAutoModeTime)
                  00009e10    0000003a     I2C2.obj (.text:I2C2GenerateStopCondition)
                  00009e4a    0000003a     rts430x_lc_rd_eabi.lib : lsl64.obj (.text:__mspabi_sllll)
                  00009e84    0000003a                            : lsr64.obj (.text:__mspabi_srlll)
                  00009ebe    0000003a     uart_comms.obj (.text:change_uart_a1_to_8n1_x_bd)
                  00009ef8    0000003a     iec62056_46_link.obj (.text:hdlc_async_tx_add_header)
                  00009f32    0000003a     iec62056_46_link.obj (.text:iec62056_46_check_and_set_far_msap)
                  00009f6c    00000038     prime_plc_setup.obj (.text:get_set_mac_address)
                  00009fa4    00000038     Tariff.obj (.text:loadDailyProfile)
                  00009fdc    00000038     Tariff.obj (.text:loadDailyProfilePassive)
                  0000a014    00000038     Logger.obj (.text:setPowerBreaks)
                  0000a04c    00000038     Logger.obj (.text:setRate)
                  0000a084    00000036     manufacturer_specific_objects.obj (.text:calibrate_current_scaler)
                  0000a0ba    00000036     manufacturer_specific_objects.obj (.text:calibrate_power_scaler)
                  0000a0f0    00000036     manufacturer_specific_objects.obj (.text:calibrate_voltage_scaler)
                  0000a126    00000036     identification_numbers.obj (.text:change_device_id3)
                  0000a15c    00000036     power_quality.obj (.text:change_time_threshold_voltage_sag)
                  0000a192    00000036     power_quality.obj (.text:change_time_threshold_voltage_swell)
                  0000a1c8    00000036     packing.obj (.text:pack32)
                  0000a1fe    00000036     packing.obj (.text:unpack32)
                  0000a234    00000034     hal_UCS.obj (.text:Init_FLL_Settle)
                  0000a268    00000034     UI.obj (.text:SecondBeeps)
                  0000a29c    00000034     other_abstract_objects.obj (.text:change_display_scroll_time)
                  0000a2d0    00000034     emeter-toolkit.lib : rtc.obj (.text:check_rtc_sumcheck)
                  0000a304    00000034     emeter-setup.obj (.text:disable_analog_front_end)
                  0000a338    00000034     emeter-toolkit.lib : dc_filter16.obj (.text)
                  0000a36c    00000034     emeter-foreground.obj (.text:set_phase_correction)
                  0000a3a0    00000032     Schaduler.obj (.text:CancelTask2)
                  0000a3d2    00000032     Logger.obj (.text:get_daily_snapshot_overlap_flag)
                  0000a404    00000032     rts430x_lc_rd_eabi.lib : fs_ultof.obj (.text)
                  0000a436    00000030     LCD_C_Graphics.obj (.text:ClearTamper_c)
                  0000a466    00000030     LCD_C_Graphics.obj (.text:ShowTamper_c)
                  0000a496    00000030     Logger.obj (.text:compare_disconnect_event)
                  0000a4c6    00000030     Logger.obj (.text:compare_energy)
                  0000a4f6    00000030     Logger.obj (.text:compare_event)
                  0000a526    00000030     Logger.obj (.text:compare_firmware_event)
                  0000a556    00000030     Logger.obj (.text:compare_synchronization_event)
                  0000a586    00000030     Logger.obj (.text:getEnergyOverlapFlag)
                  0000a5b6    00000030     Logger.obj (.text:setBlob)
                  0000a5e6    00000030     emeter-foreground.obj (.text:set_sd16_phase_correction)
                  0000a616    0000002e     billing_periods_and_profiles.obj (.text:access_billing_script_execution_time)
                  0000a644    0000002e     activity_calendar.obj (.text:get_special_days_list)
                  0000a672    0000002e     EthioCalender.obj (.text:quotient)
                  0000a6a0    0000002c     iec62056_uart.obj (.text:IEC_Start_SendBuffer)
                  0000a6cc    0000002c     activity_calendar.obj (.text:access_active_day_profile_table)
                  0000a6f8    0000002c     activity_calendar.obj (.text:access_passive_day_profile_table)
                  0000a724    0000002c     long_power_failures.obj (.text:change_number_of_long_power_failures)
[...]
0000b6a2  iec62056_46_rx_timeout                             
0000b6a8  image_activate                                     
0000b6ae  image_verify                                       
0000b6b4  obj_daily_load_profile_capture                     
0000b6ba  obj_non_impl_event_log_capture                     
0000b6c0  obj_non_impl_event_log_reset                       
0000b6c6  switch_to_manual_mode_c                            
0000b6cc  weekday                                            
0000b6d2  _system_pre_init                                   
0000b6d6  dl_disconnect_indication                           
0000b6da  Detach_Confirm                                     
0000b6dc  GET_PHY_PIB_rep                                    
0000b6de  GetSystemInfoResponse                              
0000b6e0  _system_post_cinit                                 
0000b6e2  activate_passive_calendar                          
0000b6e4  add_object                                         
0000b6e6  billing_script_execute                             
0000b6e8  dataTransferTimedout                               
0000b6ea  delete_special_day                                 
0000b6ec  dl_connect_confirm                                 
0000b6ee  get_set_firmware_version                           
0000b6f0  global_reset_script_execute                        
0000b6f2  iec62056_46_link_idle_restart                      
0000b6f4  insert_special_day                                 
0000b6f6  obj_load_profile_capture                           
0000b6f8  process_frmr_frame                                 
0000b6fa  process_ui_frame                                   
0000b6fc  remove_object                                      
0000b6fe  object_list                                        
0000c036  crc_itu16_table                                    
0000c436  fir_coeffs                                         
0000c636  rsbox                                              
0000c736  sbox                                               
0000c836  instantaneous_values_capture_objects               
0000c923  billing_script_type                                
0000c924  daily_load_profile_capture_objects                 
0000c9b8  instantaneous_energy_capture_objects               
0000ca4c  load_profile_capture_objects                       
0000d51a  sap_list                                           
0000d570  day_profile_table_template                         
0000d5c2  passive_day_profile_table_template                 
0000d614  instantanious_profile_buffer_template              
0000d660  disconnect_event_log_objects                       
0000d6ac  firmware_event_log_objects                         
0000d788  synchronization_event_log_objects                  
0000d8da  Disconnect_Scripts_Table                           
0000d910  daily_load_profile_buffer_template                 
0000d940  load_profile_buffer_template                       
0000d970  instantaneous_energy_profile_buffer_template       
0000e17e  common_event_log_objects                           
0000e1a6  demand_event_log_objects                           
0000e1ce  finished_qual_event_log_objects                    
0000e1f6  fraud_event_log_objects                            
0000e21e  import_event_log_objects                           
0000e246  power_qual_event_log_objects                       
0000e26e  standard_event_log_objects                         
0000e296  season_profile_dummy                               
0000e37c  firmware_event_log_template                        
0000e39c  synchronization_event_log_template                 
0000e838  GlobalReset_Scripts_Table                          
0000e854  billing_script                                     
0000e870  week_profile_table_dummy                           
0000e88c  image_to_activate_info                             
0000e8a6  instantanious_profile_column_szs                   
0000e91a  disconnect_event_log_template                      
0000e930  billing_script_execution_time_template_column_szs  
0000e95a  common_event_log_template                          
0000e96c  demand_event_log_template                          
0000e97e  finished_qual_event_log_template                   
0000e990  fraud_event_log_template                           
0000e9a2  import_event_log_template                          
0000e9b4  power_qual_event_log_template                      
0000e9c6  standard_event_log_template                        
0000e9d8  passive_calendar_name                              
0000eaea  active_calendar_name                               
0000eafa  daily_load_profile_column_szs                      
0000eb0a  load_profile_column_szs                            
0000eb1a  instantaneous_energy_profile_column_szs            
0000eb44  activate_passive_calendar_time                     
0000eb52  executed_billing_script                            
0000eb60  executed_diconnect_control_script                  
0000eb6e  month_lengths                                      
0000ec0c  acceptable_conformance                             
0000ec18  LCD_CHAR                                           
0000ec24  Rcon                                               
0000ece4  events_capture_period                              
0000ece8  events_sort_method                                 
0000ecea  standard_event_profile_entries                     
0000ecee  window_size_transmit                               
0000ecef  window_size_receive                                
0000ecf0  max_info_field_len_tx                              
0000ecf2  max_info_field_len_rx                              
0000ecf4  inter_octet_timeout                                
0000ecf6  inactivity_time_out                                
0000ed40  application_context_name_logical_names             
0000ed48  auth_mech_name_HS                                  
0000ed50  auth_mech_name_LS                                  
0000ed58  auth_mech_name_NS                                  
0000ed68  firmware_event_log_column_szs                      
0000ed78  partner_HS                                         
0000ed80  partner_LS                                         
0000ed88  partner_NS                                         
0000ed96  scalar_unit_Frequency                              
0000ed9c  scalar_unit_I                                      
0000eda2  scalar_unit_KVA                                    
0000eda8  scalar_unit_KW                                     
0000edae  scalar_unit_PF                                     
0000edb4  scalar_unit_ThresholdVoltageSag_Swell              
0000edba  scalar_unit_Time                                   
0000edc0  scalar_unit_Time_Shift_EvtLim                      
0000edc6  scalar_unit_V                                      
0000edcc  scalar_unit_active_power                           
0000edd2  scalar_unit_dem_colseToContractPower               
0000edd8  scalar_unit_power_current_voltage_calib            
0000edde  scalar_unit_reactive_energy                        
0000ede4  scalar_unit_referance_voltage                      
0000edea  scalar_unit_total_active_energy_import             
0000edf0  disconnect_event_log_column_szs                    
0000edf6  special_days_column_size                           
0000edfc  synchronization_event_log_column_szs               
0000ee1e  common_event_profile_entries                       
0000ee22  common_event_log_column_szs                        
0000ee26  reject_ln_context                                  
0000ee28  reject_sn_context                                  
0000ee2a  demand_event_log_column_szs                        
0000ee2e  disconnect_event_profile_entries                   
0000ee32  finished_qual_event_log_column_szs                 
0000ee36  firmware_event_profile_entries                     
0000ee3a  fraud_event_profile_entries                        
0000ee3e  fraud_event_log_column_szs                         
0000ee42  import_event_log_column_szs                        
0000ee46  event_profile_entries                              
0000ee4a  power_qual_event_profile_entries                   
0000ee4e  power_qual_event_log_column_szs                    
0000ee52  standard_event_log_column_szs                      
0000ee56  synchronization_event_profile_entries              
0000ee5a  keydebounce                                        
0000f17e  __TI_Handler_Table_Base                            
0000f18a  __TI_Handler_Table_Limit                           
0000f190  __TI_CINIT_Base                                    
0000f1a0  __TI_CINIT_Limit                                   
0000ffd0  __TI_int40                                         
0000ffd2  __TI_int41                                         
0000ffd4  __TI_int42                                         
0000ffd6  __TI_int43                                         
0000ffd8  __TI_int44                                         
0000ffda  __TI_int45                                         
0000ffdc  __TI_int46                                         
0000ffde  __TI_int47                                         
0000ffe0  __TI_int48                                         
0000ffe2  __TI_int49                                         
0000ffe4  __TI_int50                                         
0000ffe6  __TI_int51                                         
0000ffe8  __TI_int52                                         
0000ffea  __TI_int53                                         
0000ffec  __TI_int54                                         
0000ffee  __TI_int55                                         
0000fff0  __TI_int56                                         
0000fff2  __TI_int57                                         
0000fff4  __TI_int58                                         
0000fff6  __TI_int59                                         
0000fff8  __TI_int60                                         
0000fffa  __TI_int61                                         
0000fffc  __TI_int62                                         
0000fffe  _reset_vector                                      
00010000  UpdateDisplay_c                                    
000113f4  WriteFloat_c                                       
00012208  InitLogg                                           
00012c6a  LoadConfigurations                                 
0001356e  ProcessRecivedPLCMessage                           
00013e48  send_get_response                                  
000146e8  get_numeric_item                                   
00014f68  main                                               
00015624  per_second_activity                                
00015cd8  aes_decr                                           
0001636a  iec62056_46_rx_byte                                
0001699e  send_set_response_datablock                        
00016f46  aes_encr                                           
000174d2  send_get_response_block_a                          
00017a0e  clear_numbers                                      
00017e48  show_numbers                                       
00018282  process_aarq                                       
00018650  get_string_item                                    
00018a16  interpret_and_fill                                 
00018dda  send_get_response_block_b                          
00019154  clear_date                                         
000194be  show_date                                          
00019828  log_events                                         
00019b84  expandKey                                          
00019ed8  updateNextLogAddress                               
0001a228  __mspabi_divull                                    
0001a576  InitPLC2                                           
0001a8b0  restoreBackup                                      
0001aeda  find_num_daily_energy_log_entries_between          
0001b1c2  __mspabi_addd                                      
0001b49a  send_set_response                                  
0001b75a  process_rx_frame                                   
0001bc30  __TI_frcaddd                                       
0001be82  clear_hourminute                                   
0001c0ca  show_hourminute                                    
0001c312  send_aare                                          
0001c526  find_num_fraud_event_log__entries_between          
0001c730  find_num_power_qual_event_log__entries_between     
0001c93a  find_num_standard_event_log__entries_between       
0001cb44  find_num_firmware_event_log__entries_between       
0001cd4c  find_num_synchronization_event_log__entries_between
0001cf54  compare_and_retrieve                               
0001d15a  find_num_common_event_log__entries_between         
0001d360  find_num_disconnect_event_log__entries_between     
0001d562  receive_firmware_image                             
0001d934  floor                                              
0001d934  floorl                                             
0001db02  Load_System_Config_Request                         
0001dcb4  active_power                                       
0001de64  PLC_Byte_Recived                                   
0001e00a  get_captured_log_by_time_range                     
0001e1ac  current                                            
0001e4da  EthiopianCalender                                  
0001e66a  UpdateTamperIndicators                             
0001e7fa  perform_low_battry_backup                          
0001e98a  ALARM_Indication                                   
0001eb12  logPowerFailEnergy                                 
0001ec9a  JulianDayNumber                                    
0001ee1e  getTripDuration                                    
0001ef9e  send_action_response                               
0001f282  loadEnergyToRam                                    
0001f3e2  performPowerQualityMessurement                     
0001f52a  __mspabi_divlli                                    
0001f666  get_date_time_string                               
0001f79e  per_month_activity                                 
0001f8d6  longToString_c                                     
0001fa0a  process_i_body                                     
0001fb3e  logBillingCutoffDateLog                            
0001fc70  __mspabi_subf                                      
0001fc76  __mspabi_addf                                      
0001fda2  init_loader                                        
0001fece  CalculateTariff_New                                
00020220  setEventOverlapFlag                                
00020334  getTariffSchaduleTimeslot                          
00020444  getTariffSchaduleTimeslotPassive                   
00020554  reactive_power                                     
00020662  div_sh48                                           
0002076c  __mspabi_fltulld                                   
00020872  process_snrm_frame                                 
00020978  change_boud_rate                                   
00020a7a  setTripDuration                                    
00020b7c  adjust_rtc                                         
00020c78  read_from_eeprom                                   
00020d6e  test_current_balance                               
00020e64  process_ua_frame                                   
00020f56  load_synchronization_event_to_ram                  
00021132  SendMessage                                        
00021216  DiagnosisMeter                                     
000212f8  custom_power_fail_handler                          
000213d8  getPublicHoliday                                   
000214b6  getDeviceIDs                                       
00021592  __mspabi_cmpd                                      
0002166a  Init_FLL                                           
00021740  SetVCoreUp                                         
00021810  UpdateDisplayProgressBar_c                         
000218e0  updateCalibrationFactor                            
000219b0  ConnectMeter                                       
00021a7e  UpdateRelayStatus                                  
00021b4c  DataTransferRequest                                
00021c16  DisconnectMeter                                    
00021da4  EEPROM2_WriteInt8                                  
00021e64  capture_load_profile_data                          
00021f24  getNominalValues                                   
00021fe4  search_nearest_log                                 
000220a4  setDeviceIDs                                       
00022164  set_string_item                                    
00022224  LoadTodaysTariff                                   
000222e2  getTimeDifferenceInMinutes                         
000223a0  hdlc_async_tx_build_iframe                         
0002245e  loadEventToRam                                     
0002251c  load_common_event_to_ram                           
000225da  load_daily_energy_to_ram                           
00022698  load_disconnect_event_to_ram                       
00022756  load_firmware_event_to_ram                         
00022814  load_fraud_event_to_ram                            
000228d2  load_power_qual_event_to_ram                       
00022990  CheckMagneticTamper                                
00022a4c  hdlc_async_tx_end                                  
00022b08  process_disc_frame                                 
00022bc4  set_numeric_item                                   
00022c80  IsDisconnectRequired                               
00022d3a  isMemFormatted                                     
00022df4  system_setup                                       
00022eae  __mspabi_mpyf                                      
00022f66  release_plc_communication                          
0002301a  set_get_passive_calendar_activation_time           
000230ce  __TI_renormd                                       
00023180  getTime                                            
00023232  capture_common_event_log                           
000232e2  capture_daily_load_profile_data                    
00023392  capture_disconnect_event_log                       
00023442  capture_firmware_event_log                         
000234f2  capture_fraud_event_log                            
000235a2  capture_power_qual_event_log                       
00023652  capture_standard_event_log                         
00023702  capture_synchronization_event_log                  
000237b2  custom_initialisation                              
00023862  get_firmware_event_log                             
00023912  reply_to_hls_auth                                  
000239c0  EEPROM2_ReadInt8                                   
00023a6c  ProcessWriteBlob                                   
00023b18  log_daily_energy_snapshot                          
00023bc2  setLastLogAddress                                  
00023c6c  bump_rtc_backup                                    
00023d14  isqrt64                                            
00023dbc  change_reference_voltage                           
00023e62  getMaxValues                                       
00023f08  logEnergy                                          
00023fae  I2C2ACK                                            
ffffffff  __TI_pprof_out_hndl                                
ffffffff  __TI_prof_data_size                                
ffffffff  __TI_prof_data_start                               
ffffffff  __c_args__                                         
UNDEFED   __TI_BINIT_Base                                    
UNDEFED   __TI_BINIT_Limit                                   
UNDEFED   __TI_INITARRAY_Base                                
UNDEFED   __TI_INITARRAY_Limit                               

[2075 symbols]
